Archive member included to satisfy reference by file (symbol)

C:/ST/STM32CubeIDE_1.19.0/STM32CubeIDE/plugins/com.st.stm32cube.ide.mcu.externaltools.gnu-tools-for-stm32.13.3.rel1.win32_1.0.0.202411081344/tools/bin/../lib/gcc/arm-none-eabi/13.3.1/../../../../arm-none-eabi/lib/thumb/v7e-m+fp/hard\libc_nano.a(libc_a-exit.o)
                              C:/ST/STM32CubeIDE_1.19.0/STM32CubeIDE/plugins/com.st.stm32cube.ide.mcu.externaltools.gnu-tools-for-stm32.13.3.rel1.win32_1.0.0.202411081344/tools/bin/../lib/gcc/arm-none-eabi/13.3.1/../../../../arm-none-eabi/lib/thumb/v7e-m+fp/hard/crt0.o (exit)
C:/ST/STM32CubeIDE_1.19.0/STM32CubeIDE/plugins/com.st.stm32cube.ide.mcu.externaltools.gnu-tools-for-stm32.13.3.rel1.win32_1.0.0.202411081344/tools/bin/../lib/gcc/arm-none-eabi/13.3.1/../../../../arm-none-eabi/lib/thumb/v7e-m+fp/hard\libc_nano.a(libc_a-malloc.o)
                              ./Middlewares/ST/STM32_USB_Host_Library/Class/HID/Src/usbh_hid.o (malloc)
C:/ST/STM32CubeIDE_1.19.0/STM32CubeIDE/plugins/com.st.stm32cube.ide.mcu.externaltools.gnu-tools-for-stm32.13.3.rel1.win32_1.0.0.202411081344/tools/bin/../lib/gcc/arm-none-eabi/13.3.1/../../../../arm-none-eabi/lib/thumb/v7e-m+fp/hard\libc_nano.a(libc_a-mallocr.o)
                              C:/ST/STM32CubeIDE_1.19.0/STM32CubeIDE/plugins/com.st.stm32cube.ide.mcu.externaltools.gnu-tools-for-stm32.13.3.rel1.win32_1.0.0.202411081344/tools/bin/../lib/gcc/arm-none-eabi/13.3.1/../../../../arm-none-eabi/lib/thumb/v7e-m+fp/hard\libc_nano.a(libc_a-malloc.o) (_malloc_r)
C:/ST/STM32CubeIDE_1.19.0/STM32CubeIDE/plugins/com.st.stm32cube.ide.mcu.externaltools.gnu-tools-for-stm32.13.3.rel1.win32_1.0.0.202411081344/tools/bin/../lib/gcc/arm-none-eabi/13.3.1/../../../../arm-none-eabi/lib/thumb/v7e-m+fp/hard\libc_nano.a(libc_a-mlock.o)
                              C:/ST/STM32CubeIDE_1.19.0/STM32CubeIDE/plugins/com.st.stm32cube.ide.mcu.externaltools.gnu-tools-for-stm32.13.3.rel1.win32_1.0.0.202411081344/tools/bin/../lib/gcc/arm-none-eabi/13.3.1/../../../../arm-none-eabi/lib/thumb/v7e-m+fp/hard\libc_nano.a(libc_a-mallocr.o) (__malloc_lock)
C:/ST/STM32CubeIDE_1.19.0/STM32CubeIDE/plugins/com.st.stm32cube.ide.mcu.externaltools.gnu-tools-for-stm32.13.3.rel1.win32_1.0.0.202411081344/tools/bin/../lib/gcc/arm-none-eabi/13.3.1/../../../../arm-none-eabi/lib/thumb/v7e-m+fp/hard\libc_nano.a(libc_a-findfp.o)
                              C:/ST/STM32CubeIDE_1.19.0/STM32CubeIDE/plugins/com.st.stm32cube.ide.mcu.externaltools.gnu-tools-for-stm32.13.3.rel1.win32_1.0.0.202411081344/tools/bin/../lib/gcc/arm-none-eabi/13.3.1/../../../../arm-none-eabi/lib/thumb/v7e-m+fp/hard\libc_nano.a(libc_a-exit.o) (__stdio_exit_handler)
C:/ST/STM32CubeIDE_1.19.0/STM32CubeIDE/plugins/com.st.stm32cube.ide.mcu.externaltools.gnu-tools-for-stm32.13.3.rel1.win32_1.0.0.202411081344/tools/bin/../lib/gcc/arm-none-eabi/13.3.1/../../../../arm-none-eabi/lib/thumb/v7e-m+fp/hard\libc_nano.a(libc_a-fwalk.o)
                              C:/ST/STM32CubeIDE_1.19.0/STM32CubeIDE/plugins/com.st.stm32cube.ide.mcu.externaltools.gnu-tools-for-stm32.13.3.rel1.win32_1.0.0.202411081344/tools/bin/../lib/gcc/arm-none-eabi/13.3.1/../../../../arm-none-eabi/lib/thumb/v7e-m+fp/hard\libc_nano.a(libc_a-findfp.o) (_fwalk_sglue)
C:/ST/STM32CubeIDE_1.19.0/STM32CubeIDE/plugins/com.st.stm32cube.ide.mcu.externaltools.gnu-tools-for-stm32.13.3.rel1.win32_1.0.0.202411081344/tools/bin/../lib/gcc/arm-none-eabi/13.3.1/../../../../arm-none-eabi/lib/thumb/v7e-m+fp/hard\libc_nano.a(libc_a-sprintf.o)
                              ./Core/Src/video.o (sprintf)
C:/ST/STM32CubeIDE_1.19.0/STM32CubeIDE/plugins/com.st.stm32cube.ide.mcu.externaltools.gnu-tools-for-stm32.13.3.rel1.win32_1.0.0.202411081344/tools/bin/../lib/gcc/arm-none-eabi/13.3.1/../../../../arm-none-eabi/lib/thumb/v7e-m+fp/hard\libc_nano.a(libc_a-stdio.o)
                              C:/ST/STM32CubeIDE_1.19.0/STM32CubeIDE/plugins/com.st.stm32cube.ide.mcu.externaltools.gnu-tools-for-stm32.13.3.rel1.win32_1.0.0.202411081344/tools/bin/../lib/gcc/arm-none-eabi/13.3.1/../../../../arm-none-eabi/lib/thumb/v7e-m+fp/hard\libc_nano.a(libc_a-findfp.o) (__sread)
C:/ST/STM32CubeIDE_1.19.0/STM32CubeIDE/plugins/com.st.stm32cube.ide.mcu.externaltools.gnu-tools-for-stm32.13.3.rel1.win32_1.0.0.202411081344/tools/bin/../lib/gcc/arm-none-eabi/13.3.1/../../../../arm-none-eabi/lib/thumb/v7e-m+fp/hard\libc_nano.a(libc_a-memset.o)
                              C:/ST/STM32CubeIDE_1.19.0/STM32CubeIDE/plugins/com.st.stm32cube.ide.mcu.externaltools.gnu-tools-for-stm32.13.3.rel1.win32_1.0.0.202411081344/tools/bin/../lib/gcc/arm-none-eabi/13.3.1/../../../../arm-none-eabi/lib/thumb/v7e-m+fp/hard/crt0.o (memset)
C:/ST/STM32CubeIDE_1.19.0/STM32CubeIDE/plugins/com.st.stm32cube.ide.mcu.externaltools.gnu-tools-for-stm32.13.3.rel1.win32_1.0.0.202411081344/tools/bin/../lib/gcc/arm-none-eabi/13.3.1/../../../../arm-none-eabi/lib/thumb/v7e-m+fp/hard\libc_nano.a(libc_a-closer.o)
[...]
Memory Configuration

Name             Origin             Length             Attributes
RAM              0x20000000         0x00010000         xrw
FLASH            0x08000000         0x00040000         xr
*default*        0x00000000         0xffffffff

Linker script and memory map

LOAD C:/ST/STM32CubeIDE_1.19.0/STM32CubeIDE/plugins/com.st.stm32cube.ide.mcu.externaltools.gnu-tools-for-stm32.13.3.rel1.win32_1.0.0.202411081344/tools/bin/../lib/gcc/arm-none-eabi/13.3.1/thumb/v7e-m+fp/hard/crti.o
LOAD C:/ST/STM32CubeIDE_1.19.0/STM32CubeIDE/plugins/com.st.stm32cube.ide.mcu.externaltools.gnu-tools-for-stm32.13.3.rel1.win32_1.0.0.202411081344/tools/bin/../lib/gcc/arm-none-eabi/13.3.1/thumb/v7e-m+fp/hard/crtbegin.o
LOAD C:/ST/STM32CubeIDE_1.19.0/STM32CubeIDE/plugins/com.st.stm32cube.ide.mcu.externaltools.gnu-tools-for-stm32.13.3.rel1.win32_1.0.0.202411081344/tools/bin/../lib/gcc/arm-none-eabi/13.3.1/../../../../arm-none-eabi/lib/thumb/v7e-m+fp/hard/crt0.o
LOAD ./Core/Src/main.o
LOAD ./Core/Src/spectrum.o
LOAD ./Core/Src/spectrum_core.o
LOAD ./Core/Src/spectrum_rom.o
LOAD ./Core/Src/stm32f4xx_hal_msp.o
LOAD ./Core/Src/stm32f4xx_it.o
LOAD ./Core/Src/syscalls.o
LOAD ./Core/Src/sysmem.o
LOAD ./Core/Src/system_stm32f4xx.o
LOAD ./Core/Src/vga.o
LOAD ./Core/Src/video.o
LOAD ./Core/Src/z80.o
LOAD ./Core/Startup/startup_stm32f401ccux.o
LOAD ./Drivers/STM32F4xx_HAL_Driver/Src/stm32f4xx_hal.o
LOAD ./Drivers/STM32F4xx_HAL_Driver/Src/stm32f4xx_hal_cortex.o
LOAD ./Drivers/STM32F4xx_HAL_Driver/Src/stm32f4xx_hal_dma.o
LOAD ./Drivers/STM32F4xx_HAL_Driver/Src/stm32f4xx_hal_dma_ex.o
LOAD ./Drivers/STM32F4xx_HAL_Driver/Src/stm32f4xx_hal_exti.o
LOAD ./Drivers/STM32F4xx_HAL_Driver/Src/stm32f4xx_hal_flash.o
LOAD ./Drivers/STM32F4xx_HAL_Driver/Src/stm32f4xx_hal_flash_ex.o
LOAD ./Drivers/STM32F4xx_HAL_Driver/Src/stm32f4xx_hal_flash_ramfunc.o
LOAD ./Drivers/STM32F4xx_HAL_Driver/Src/stm32f4xx_hal_gpio.o
LOAD ./Drivers/STM32F4xx_HAL_Driver/Src/stm32f4xx_hal_hcd.o
LOAD ./Drivers/STM32F4xx_HAL_Driver/Src/stm32f4xx_hal_pwr.o
LOAD ./Drivers/STM32F4xx_HAL_Driver/Src/stm32f4xx_hal_pwr_ex.o
LOAD ./Drivers/STM32F4xx_HAL_Driver/Src/stm32f4xx_hal_rcc.o
LOAD ./Drivers/STM32F4xx_HAL_Driver/Src/stm32f4xx_hal_rcc_ex.o
LOAD ./Drivers/STM32F4xx_HAL_Driver/Src/stm32f4xx_ll_dma.o
LOAD ./Drivers/STM32F4xx_HAL_Driver/Src/stm32f4xx_ll_exti.o
LOAD ./Drivers/STM32F4xx_HAL_Driver/Src/stm32f4xx_ll_gpio.o
LOAD ./Drivers/STM32F4xx_HAL_Driver/Src/stm32f4xx_ll_rcc.o
LOAD ./Drivers/STM32F4xx_HAL_Driver/Src/stm32f4xx_ll_spi.o
LOAD ./Drivers/STM32F4xx_HAL_Driver/Src/stm32f4xx_ll_tim.o
LOAD ./Drivers/STM32F4xx_HAL_Driver/Src/stm32f4xx_ll_usb.o
LOAD ./Drivers/STM32F4xx_HAL_Driver/Src/stm32f4xx_ll_utils.o
LOAD ./Middlewares/ST/STM32_USB_Host_Library/Class/HID/Src/usbh_hid.o
LOAD ./Middlewares/ST/STM32_USB_Host_Library/Class/HID/Src/usbh_hid_keybd.o
LOAD ./Middlewares/ST/STM32_USB_Host_Library/Class/HID/Src/usbh_hid_mouse.o
LOAD ./Middlewares/ST/STM32_USB_Host_Library/Class/HID/Src/usbh_hid_parser.o
LOAD ./Middlewares/ST/STM32_USB_Host_Library/Core/Src/usbh_core.o
LOAD ./Middlewares/ST/STM32_USB_Host_Library/Core/Src/usbh_ctlreq.o
LOAD ./Middlewares/ST/STM32_USB_Host_Library/Core/Src/usbh_ioreq.o
LOAD ./Middlewares/ST/STM32_USB_Host_Library/Core/Src/usbh_pipes.o
LOAD ./USB_HOST/App/usb_host.o
LOAD ./USB_HOST/Target/usbh_conf.o
LOAD ./USB_HOST/Target/usbh_platform.o
START GROUP
LOAD C:/ST/STM32CubeIDE_1.19.0/STM32CubeIDE/plugins/com.st.stm32cube.ide.mcu.externaltools.gnu-tools-for-stm32.13.3.rel1.win32_1.0.0.202411081344/tools/bin/../lib/gcc/arm-none-eabi/13.3.1/../../../../arm-none-eabi/lib/thumb/v7e-m+fp/hard\libc_nano.a
LOAD C:/ST/STM32CubeIDE_1.19.0/STM32CubeIDE/plugins/com.st.stm32cube.ide.mcu.externaltools.gnu-tools-for-stm32.13.3.rel1.win32_1.0.0.202411081344/tools/bin/../lib/gcc/arm-none-eabi/13.3.1/../../../../arm-none-eabi/lib/thumb/v7e-m+fp/hard\libm.a
END GROUP
START GROUP
LOAD C:/ST/STM32CubeIDE_1.19.0/STM32CubeIDE/plugins/com.st.stm32cube.ide.mcu.externaltools.gnu-tools-for-stm32.13.3.rel1.win32_1.0.0.202411081344/tools/bin/../lib/gcc/arm-none-eabi/13.3.1/thumb/v7e-m+fp/hard\libgcc.a
LOAD C:/ST/STM32CubeIDE_1.19.0/STM32CubeIDE/plugins/com.st.stm32cube.ide.mcu.externaltools.gnu-tools-for-stm32.13.3.rel1.win32_1.0.0.202411081344/tools/bin/../lib/gcc/arm-none-eabi/13.3.1/../../../../arm-none-eabi/lib/thumb/v7e-m+fp/hard\libc_nano.a
END GROUP
START GROUP
LOAD C:/ST/STM32CubeIDE_1.19.0/STM32CubeIDE/plugins/com.st.stm32cube.ide.mcu.externaltools.gnu-tools-for-stm32.13.3.rel1.win32_1.0.0.202411081344/tools/bin/../lib/gcc/arm-none-eabi/13.3.1/thumb/v7e-m+fp/hard\libgcc.a
LOAD C:/ST/STM32CubeIDE_1.19.0/STM32CubeIDE/plugins/com.st.stm32cube.ide.mcu.externaltools.gnu-tools-for-stm32.13.3.rel1.win32_1.0.0.202411081344/tools/bin/../lib/gcc/arm-none-eabi/13.3.1/../../../../arm-none-eabi/lib/thumb/v7e-m+fp/hard\libc_nano.a
LOAD C:/ST/STM32CubeIDE_1.19.0/STM32CubeIDE/plugins/com.st.stm32cube.ide.mcu.externaltools.gnu-tools-for-stm32.13.3.rel1.win32_1.0.0.202411081344/tools/bin/../lib/gcc/arm-none-eabi/13.3.1/../../../../arm-none-eabi/lib/thumb/v7e-m+fp/hard\libnosys.a
END GROUP
START GROUP
LOAD C:/ST/STM32CubeIDE_1.19.0/STM32CubeIDE/plugins/com.st.stm32cube.ide.mcu.externaltools.gnu-tools-for-stm32.13.3.rel1.win32_1.0.0.202411081344/tools/bin/../lib/gcc/arm-none-eabi/13.3.1/thumb/v7e-m+fp/hard\libgcc.a
LOAD C:/ST/STM32CubeIDE_1.19.0/STM32CubeIDE/plugins/com.st.stm32cube.ide.mcu.externaltools.gnu-tools-for-stm32.13.3.rel1.win32_1.0.0.202411081344/tools/bin/../lib/gcc/arm-none-eabi/13.3.1/../../../../arm-none-eabi/lib/thumb/v7e-m+fp/hard\libc_nano.a
LOAD C:/ST/STM32CubeIDE_1.19.0/STM32CubeIDE/plugins/com.st.stm32cube.ide.mcu.externaltools.gnu-tools-for-stm32.13.3.rel1.win32_1.0.0.202411081344/tools/bin/../lib/gcc/arm-none-eabi/13.3.1/../../../../arm-none-eabi/lib/thumb/v7e-m+fp/hard\libnosys.a
END GROUP
LOAD C:/ST/STM32CubeIDE_1.19.0/STM32CubeIDE/plugins/com.st.stm32cube.ide.mcu.externaltools.gnu-tools-for-stm32.13.3.rel1.win32_1.0.0.202411081344/tools/bin/../lib/gcc/arm-none-eabi/13.3.1/thumb/v7e-m+fp/hard/crtend.o
LOAD C:/ST/STM32CubeIDE_1.19.0/STM32CubeIDE/plugins/com.st.stm32cube.ide.mcu.externaltools.gnu-tools-for-stm32.13.3.rel1.win32_1.0.0.202411081344/tools/bin/../lib/gcc/arm-none-eabi/13.3.1/thumb/v7e-m+fp/hard/crtn.o
                0x20010000                        _estack = (ORIGIN (RAM) + LENGTH (RAM))
                0x00000200                        _Min_Heap_Size = 0x200
                0x00000400                        _Min_Stack_Size = 0x400

.isr_vector     0x08000000      0x194
                0x08000000                        . = ALIGN (0x4)
 *(.isr_vector)
 .isr_vector    0x08000000      0x194 ./Core/Startup/startup_stm32f401ccux.o
                0x08000000                g_pfnVectors
                0x08000194                        . = ALIGN (0x4)

.text           0x080001a0     0xa2a8
                0x080001a0                        . = ALIGN (0x4)
 *(.text)
 .text          0x080001a0       0x40 C:/ST/STM32CubeIDE_1.19.0/STM32CubeIDE/plugins/com.st.stm32cube.ide.mcu.externaltools.gnu-tools-for-stm32.13.3.rel1.win32_1.0.0.202411081344/tools/bin/../lib/gcc/arm-none-eabi/13.3.1/thumb/v7e-m+fp/hard/crtbegin.o
 .text          0x080001e0       0xa0 C:/ST/STM32CubeIDE_1.19.0/STM32CubeIDE/plugins/com.st.stm32cube.ide.mcu.externaltools.gnu-tools-for-stm32.13.3.rel1.win32_1.0.0.202411081344/tools/bin/../lib/gcc/arm-none-eabi/13.3.1/../../../../arm-none-eabi/lib/thumb/v7e-m+fp/hard\libc_nano.a(libc_a-memchr.o)
                0x080001e0                memchr
 *(.text*)
 .text.LL_DMA_SetDataTransferDirection
                0x08000280       0x48 ./Core/Src/main.o
 .text.LL_DMA_SetMode
                0x080002c8       0x48 ./Core/Src/main.o
 .text.LL_DMA_SetPeriphIncMode
                0x08000310       0x48 ./Core/Src/main.o
 .text.LL_DMA_SetMemoryIncMode
                0x08000358       0x48 ./Core/Src/main.o
 .text.LL_DMA_SetPeriphSize
                0x080003a0       0x48 ./Core/Src/main.o
 .text.LL_DMA_SetMemorySize
                0x080003e8       0x48 ./Core/Src/main.o
 .text.LL_DMA_SetStreamPriorityLevel
                0x08000430       0x48 ./Core/Src/main.o
 .text.LL_DMA_SetChannelSelection
                0x08000478       0x48 ./Core/Src/main.o
 .text.LL_DMA_DisableFifoMode
                0x080004c0       0x40 ./Core/Src/main.o
 .text.LL_RCC_HSE_Enable
                0x08000500       0x20 ./Core/Src/main.o
 .text.LL_RCC_HSE_IsReady
                0x08000520       0x28 ./Core/Src/main.o
 .text.LL_RCC_SetSysClkSource
                0x08000548       0x28 ./Core/Src/main.o
 .text.LL_RCC_GetSysClkSource
                0x08000570       0x1c ./Core/Src/main.o
 .text.LL_RCC_SetAHBPrescaler
                0x0800058c       0x28 ./Core/Src/main.o
 .text.LL_RCC_SetAPB1Prescaler
                0x080005b4       0x28 ./Core/Src/main.o
 .text.LL_RCC_SetAPB2Prescaler
                0x080005dc       0x28 ./Core/Src/main.o
 .text.LL_RCC_SetTIMPrescaler
                0x08000604       0x2c ./Core/Src/main.o
 .text.LL_RCC_PLL_Enable
                0x08000630       0x20 ./Core/Src/main.o
 .text.LL_RCC_PLL_IsReady
                0x08000650       0x28 ./Core/Src/main.o
 .text.LL_RCC_PLL_ConfigDomain_SYS
                0x08000678       0x4c ./Core/Src/main.o
 .text.LL_RCC_PLL_ConfigDomain_48M
                0x080006c4       0x40 ./Core/Src/main.o
 .text.LL_AHB1_GRP1_EnableClock
                0x08000704       0x30 ./Core/Src/main.o
 .text.LL_APB1_GRP1_EnableClock
                0x08000734       0x30 ./Core/Src/main.o
 .text.LL_APB2_GRP1_EnableClock
                0x08000764       0x30 ./Core/Src/main.o
 .text.LL_FLASH_SetLatency
                0x08000794       0x28 ./Core/Src/main.o
 .text.LL_FLASH_GetLatency
                0x080007bc       0x1c ./Core/Src/main.o
 .text.LL_PWR_SetRegulVoltageScaling
                0x080007d8       0x28 ./Core/Src/main.o
 .text.LL_PWR_IsActiveFlag_VOS
                0x08000800       0x28 ./Core/Src/main.o
 .text.LL_SPI_Enable
                0x08000828       0x20 ./Core/Src/main.o
 .text.LL_SPI_SetStandard
                0x08000848       0x26 ./Core/Src/main.o
 .text.LL_TIM_EnableCounter
                0x0800086e       0x20 ./Core/Src/main.o
 .text.LL_TIM_SetOnePulseMode
                0x0800088e       0x26 ./Core/Src/main.o
 .text.LL_TIM_DisableARRPreload
                0x080008b4       0x20 ./Core/Src/main.o
 .text.LL_TIM_CC_EnableChannel
                0x080008d4       0x22 ./Core/Src/main.o
 *fill*         0x080008f6        0x2 
 .text.LL_TIM_OC_DisableFast
                0x080008f8       0x8c ./Core/Src/main.o
 .text.LL_TIM_OC_EnablePreload
                0x08000984       0x88 ./Core/Src/main.o
 .text.LL_TIM_IC_SetFilter
                0x08000a0c       0x9c ./Core/Src/main.o
 .text.LL_TIM_IC_SetPolarity
                0x08000aa8       0x88 ./Core/Src/main.o
 .text.LL_TIM_SetClockSource
                0x08000b30       0x2a ./Core/Src/main.o
 .text.LL_TIM_SetTriggerOutput
                0x08000b5a       0x26 ./Core/Src/main.o
 .text.LL_TIM_SetSlaveMode
                0x08000b80       0x26 ./Core/Src/main.o
 .text.LL_TIM_SetTriggerInput
                0x08000ba6       0x26 ./Core/Src/main.o
 .text.LL_TIM_DisableMasterSlaveMode
                0x08000bcc       0x20 ./Core/Src/main.o
 .text.LL_TIM_EnableAllOutputs
                0x08000bec       0x20 ./Core/Src/main.o
 .text.LL_TIM_EnableIT_UPDATE
                0x08000c0c       0x20 ./Core/Src/main.o
 .text.LL_TIM_DisableIT_TRIG
                0x08000c2c       0x20 ./Core/Src/main.o
 .text.LL_TIM_EnableDMAReq_UPDATE
                0x08000c4c       0x20 ./Core/Src/main.o
 .text.LL_TIM_DisableDMAReq_TRIG
                0x08000c6c       0x20 ./Core/Src/main.o
 .text.LL_GPIO_SetOutputPin
                0x08000c8c       0x1c ./Core/Src/main.o
 .text.LL_GPIO_ResetOutputPin
                0x08000ca8       0x1e ./Core/Src/main.o
 .text.USBH_HID_EventCallback
                0x08000cc6       0x3c ./Core/Src/main.o
                0x08000cc6                USBH_HID_EventCallback
 *fill*         0x08000d02        0x2 
 .text.main     0x08000d04      0x100 ./Core/Src/main.o
                0x08000d04                main
 .text.SystemClock_Config
                0x08000e04       0xb8 ./Core/Src/main.o
                0x08000e04                SystemClock_Config
 .text.MX_SPI1_Init
                0x08000ebc       0xac ./Core/Src/main.o
 .text.MX_SPI2_Init
                0x08000f68       0xa8 ./Core/Src/main.o
 .text.MX_TIM1_Init
                0x08001010      0x14c ./Core/Src/main.o
 .text.MX_TIM2_Init
                0x0800115c      0x120 ./Core/Src/main.o
 .text.MX_TIM3_Init
                0x0800127c      0x11c ./Core/Src/main.o
 .text.MX_TIM4_Init
                0x08001398       0xf8 ./Core/Src/main.o
 .text.MX_TIM5_Init
                0x08001490      0x118 ./Core/Src/main.o
 .text.MX_TIM10_Init
                0x080015a8       0xd4 ./Core/Src/main.o
 .text.MX_TIM11_Init
                0x0800167c       0xd4 ./Core/Src/main.o
 .text.MX_DMA_Init
                0x08001750       0x10 ./Core/Src/main.o
 .text.MX_GPIO_Init
                0x08001760       0xec ./Core/Src/main.o
 .text.update_sign_led
                0x0800184c       0x30 ./Core/Src/main.o
 .text.Keyboard_HandleKey
                0x0800187c      0x364 ./Core/Src/main.o
                0x0800187c                Keyboard_HandleKey
 .text.getTimes
                0x08001be0       0x64 ./Core/Src/main.o
                0x08001be0                getTimes
 .text.Error_Handler
                0x08001c44        0xc ./Core/Src/main.o
                0x08001c44                Error_Handler
 .text.spectrum_init
                0x08001c50       0x4c ./Core/Src/spectrum_core.o
                0x08001c50                spectrum_init
 .text.spectrum_reset
                0x08001c9c        0xc ./Core/Src/spectrum_core.o
                0x08001c9c                spectrum_reset
 .text.HAL_MspInit
                0x08001ca8       0x50 ./Core/Src/stm32f4xx_hal_msp.o
                0x08001ca8                HAL_MspInit
 .text.NMI_Handler
                0x08001cf8        0x8 ./Core/Src/stm32f4xx_it.o
                0x08001cf8                NMI_Handler
 .text.HardFault_Handler
                0x08001d00        0x8 ./Core/Src/stm32f4xx_it.o
                0x08001d00                HardFault_Handler
 .text.MemManage_Handler
                0x08001d08        0x8 ./Core/Src/stm32f4xx_it.o
                0x08001d08                MemManage_Handler
 .text.BusFault_Handler
                0x08001d10        0x8 ./Core/Src/stm32f4xx_it.o
                0x08001d10                BusFault_Handler
 .text.UsageFault_Handler
                0x08001d18        0x8 ./Core/Src/stm32f4xx_it.o
                0x08001d18                UsageFault_Handler
 .text.SVC_Handler
                0x08001d20        0xe ./Core/Src/stm32f4xx_it.o
                0x08001d20                SVC_Handler
 .text.DebugMon_Handler
                0x08001d2e        0xe ./Core/Src/stm32f4xx_it.o
                0x08001d2e                DebugMon_Handler
 .text.PendSV_Handler
                0x08001d3c        0xe ./Core/Src/stm32f4xx_it.o
                0x08001d3c                PendSV_Handler
 .text.SysTick_Handler
                0x08001d4a        0xc ./Core/Src/stm32f4xx_it.o
                0x08001d4a                SysTick_Handler
 *fill*         0x08001d56        0x2 
 .text.OTG_FS_IRQHandler
                0x08001d58       0x14 ./Core/Src/stm32f4xx_it.o
                0x08001d58                OTG_FS_IRQHandler
 .text._sbrk    0x08001d6c       0x6c ./Core/Src/sysmem.o
                0x08001d6c                _sbrk
 .text.SystemInit
                0x08001dd8       0x24 ./Core/Src/system_stm32f4xx.o
                0x08001dd8                SystemInit
 .text.LL_AHB1_GRP1_EnableClock
                0x08001dfc       0x30 ./Core/Src/vga.o
 .text.LL_TIM_EnableCounter
                0x08001e2c       0x20 ./Core/Src/vga.o
 .text.pack_pixel
                0x08001e4c       0x44 ./Core/Src/vga.o
                0x08001e4c                pack_pixel
 .text.vga_pack_line_to
                0x08001e90       0x42 ./Core/Src/vga.o
                0x08001e90                vga_pack_line_to
 *fill*         0x08001ed2        0x2 
 .text.vga_init
                0x08001ed4       0x4c ./Core/Src/vga.o
                0x08001ed4                vga_init
 .text.vga_timing_init
                0x08001f20        0xe ./Core/Src/vga.o
                0x08001f20                vga_timing_init
 *fill*         0x08001f2e        0x2 
 .text.vga_timing_start
                0x08001f30       0x30 ./Core/Src/vga.o
                0x08001f30                vga_timing_start
 .text.LL_DMA_EnableStream
                0x08001f60       0x40 ./Core/Src/video.o
 .text.LL_DMA_DisableStream
                0x08001fa0       0x40 ./Core/Src/video.o
 .text.LL_DMA_IsEnabledStream
                0x08001fe0       0x38 ./Core/Src/video.o
 .text.LL_DMA_SetDataLength
                0x08002018       0x48 ./Core/Src/video.o
 .text.LL_DMA_SetMemoryAddress
                0x08002060       0x30 ./Core/Src/video.o
 .text.LL_DMA_SetPeriphAddress
                0x08002090       0x30 ./Core/Src/video.o
 .text.LL_DMA_IsActiveFlag_TC5
                0x080020c0       0x28 ./Core/Src/video.o
 .text.LL_DMA_ClearFlag_HT5
                0x080020e8       0x1c ./Core/Src/video.o
 .text.LL_DMA_ClearFlag_TC5
                0x08002104       0x1c ./Core/Src/video.o
 .text.LL_DMA_ClearFlag_TE5
                0x08002120       0x1c ./Core/Src/video.o
 .text.LL_DMA_ClearFlag_DME5
                0x0800213c       0x1c ./Core/Src/video.o
 .text.LL_DMA_ClearFlag_FE5
                0x08002158       0x1a ./Core/Src/video.o
 .text.LL_TIM_ClearFlag_UPDATE
                0x08002172       0x1c ./Core/Src/video.o
 .text.LL_TIM_IsActiveFlag_UPDATE
                0x0800218e       0x26 ./Core/Src/video.o
 .text.sync_to_vsync
                0x080021b4       0x20 ./Core/Src/video.o
                0x080021b4                sync_to_vsync
 .text.vga_start_dma
                0x080021d4       0x78 ./Core/Src/video.o
                0x080021d4                vga_start_dma
 .text.ReArmDMA
                0x0800224c       0x2c ./Core/Src/video.o
                0x0800224c                ReArmDMA
 .text.vga_init_border_line
                0x08002278       0x3c ./Core/Src/video.o
                0x08002278                vga_init_border_line
 .text.fill_solid
                0x080022b4       0x42 ./Core/Src/video.o
 .text.fill_border
                0x080022f6       0x34 ./Core/Src/video.o
                0x080022f6                fill_border
 *fill*         0x0800232a        0x2 
 .text.video_recompute_vertical_window
                0x0800232c       0x4c ./Core/Src/video.o
                0x0800232c                video_recompute_vertical_window
 .text.video_line_step
                0x08002378      0x120 ./Core/Src/video.o
                0x08002378                video_line_step
 .text.put_pixel
                0x08002498       0x30 ./Core/Src/video.o
 .text.draw_char_line
                0x080024c8       0x78 ./Core/Src/video.o
                0x080024c8                draw_char_line
 .text.draw_text_line
                0x08002540       0x42 ./Core/Src/video.o
                0x08002540                draw_text_line
 *fill*         0x08002582        0x2 
 .text.swapBuffers
                0x08002584       0x44 ./Core/Src/video.o
                0x08002584                swapBuffers
 .text.draw_debug_osd_line
                0x080025c8      0x168 ./Core/Src/video.o
                0x080025c8                draw_debug_osd_line
 .text.video_update_osd_values
                0x08002730      0x108 ./Core/Src/video.o
                0x08002730                video_update_osd_values
 .text.z80_reset
                0x08002838       0x80 ./Core/Src/z80.o
                0x08002838                z80_reset
 .text.Reset_Handler
                0x080028b8       0x50 ./Core/Startup/startup_stm32f401ccux.o
                0x080028b8                Reset_Handler
 .text.Default_Handler
                0x08002908        0x2 ./Core/Startup/startup_stm32f401ccux.o
                0x08002908                RTC_Alarm_IRQHandler
                0x08002908                EXTI2_IRQHandler
                0x08002908                SPI4_IRQHandler
                0x08002908                TIM1_CC_IRQHandler
                0x08002908                DMA2_Stream5_IRQHandler
                0x08002908                DMA1_Stream5_IRQHandler
                0x08002908                PVD_IRQHandler
                0x08002908                SDIO_IRQHandler
                0x08002908                TAMP_STAMP_IRQHandler
                0x08002908                EXTI3_IRQHandler
                0x08002908                TIM1_UP_TIM10_IRQHandler
                0x08002908                I2C3_ER_IRQHandler
                0x08002908                EXTI0_IRQHandler
                0x08002908                I2C2_EV_IRQHandler
                0x08002908                DMA1_Stream2_IRQHandler
                0x08002908                FPU_IRQHandler
                0x08002908                DMA2_Stream2_IRQHandler
                0x08002908                SPI1_IRQHandler
                0x08002908                TIM1_BRK_TIM9_IRQHandler
                0x08002908                DMA2_Stream3_IRQHandler
                0x08002908                USART6_IRQHandler
                0x08002908                DMA2_Stream0_IRQHandler
                0x08002908                TIM4_IRQHandler
                0x08002908                I2C1_EV_IRQHandler
                0x08002908                DMA1_Stream6_IRQHandler
                0x08002908                DMA1_Stream1_IRQHandler
                0x08002908                TIM3_IRQHandler
                0x08002908                RCC_IRQHandler
                0x08002908                Default_Handler
                0x08002908                EXTI15_10_IRQHandler
                0x08002908                ADC_IRQHandler
                0x08002908                DMA1_Stream7_IRQHandler
                0x08002908                TIM5_IRQHandler
                0x08002908                DMA2_Stream7_IRQHandler
                0x08002908                I2C3_EV_IRQHandler
                0x08002908                EXTI9_5_IRQHandler
                0x08002908                RTC_WKUP_IRQHandler
                0x08002908                SPI2_IRQHandler
                0x08002908                DMA1_Stream0_IRQHandler
                0x08002908                EXTI4_IRQHandler
                0x08002908                WWDG_IRQHandler
                0x08002908                TIM2_IRQHandler
                0x08002908                OTG_FS_WKUP_IRQHandler
                0x08002908                TIM1_TRG_COM_TIM11_IRQHandler
                0x08002908                EXTI1_IRQHandler
                0x08002908                USART2_IRQHandler
                0x08002908                I2C2_ER_IRQHandler
                0x08002908                DMA2_Stream1_IRQHandler
                0x08002908                FLASH_IRQHandler
                0x08002908                DMA2_Stream4_IRQHandler
                0x08002908                USART1_IRQHandler
                0x08002908                SPI3_IRQHandler
                0x08002908                DMA1_Stream4_IRQHandler
                0x08002908                I2C1_ER_IRQHandler
                0x08002908                DMA2_Stream6_IRQHandler
                0x08002908                DMA1_Stream3_IRQHandler
 *fill*         0x0800290a        0x2 
 .text.HAL_Init
                0x0800290c       0x44 ./Drivers/STM32F4xx_HAL_Driver/Src/stm32f4xx_hal.o
                0x0800290c                HAL_Init
 .text.HAL_InitTick
                0x08002950       0x60 ./Drivers/STM32F4xx_HAL_Driver/Src/stm32f4xx_hal.o
                0x08002950                HAL_InitTick
 .text.HAL_IncTick
                0x080029b0       0x28 ./Drivers/STM32F4xx_HAL_Driver/Src/stm32f4xx_hal.o
                0x080029b0                HAL_IncTick
 .text.HAL_GetTick
                0x080029d8       0x18 ./Drivers/STM32F4xx_HAL_Driver/Src/stm32f4xx_hal.o
                0x080029d8                HAL_GetTick
 .text.HAL_Delay
                0x080029f0       0x48 ./Drivers/STM32F4xx_HAL_Driver/Src/stm32f4xx_hal.o
                0x080029f0                HAL_Delay
 .text.__NVIC_SetPriorityGrouping
                0x08002a38       0x48 ./Drivers/STM32F4xx_HAL_Driver/Src/stm32f4xx_hal_cortex.o
 .text.__NVIC_GetPriorityGrouping
                0x08002a80       0x1c ./Drivers/STM32F4xx_HAL_Driver/Src/stm32f4xx_hal_cortex.o
 .text.__NVIC_EnableIRQ
                0x08002a9c       0x3c ./Drivers/STM32F4xx_HAL_Driver/Src/stm32f4xx_hal_cortex.o
 .text.__NVIC_SetPriority
                0x08002ad8       0x54 ./Drivers/STM32F4xx_HAL_Driver/Src/stm32f4xx_hal_cortex.o
 .text.NVIC_EncodePriority
                0x08002b2c       0x66 ./Drivers/STM32F4xx_HAL_Driver/Src/stm32f4xx_hal_cortex.o
 *fill*         0x08002b92        0x2 
 .text.SysTick_Config
                0x08002b94       0x44 ./Drivers/STM32F4xx_HAL_Driver/Src/stm32f4xx_hal_cortex.o
 .text.HAL_NVIC_SetPriorityGrouping
                0x08002bd8       0x16 ./Drivers/STM32F4xx_HAL_Driver/Src/stm32f4xx_hal_cortex.o
                0x08002bd8                HAL_NVIC_SetPriorityGrouping
 .text.HAL_NVIC_SetPriority
                0x08002bee       0x38 ./Drivers/STM32F4xx_HAL_Driver/Src/stm32f4xx_hal_cortex.o
                0x08002bee                HAL_NVIC_SetPriority
 .text.HAL_NVIC_EnableIRQ
                0x08002c26       0x1c ./Drivers/STM32F4xx_HAL_Driver/Src/stm32f4xx_hal_cortex.o
                0x08002c26                HAL_NVIC_EnableIRQ
 .text.HAL_SYSTICK_Config
                0x08002c42       0x18 ./Drivers/STM32F4xx_HAL_Driver/Src/stm32f4xx_hal_cortex.o
                0x08002c42                HAL_SYSTICK_Config
 *fill*         0x08002c5a        0x2 
 .text.HAL_GPIO_Init
                0x08002c5c      0x308 ./Drivers/STM32F4xx_HAL_Driver/Src/stm32f4xx_hal_gpio.o
                0x08002c5c                HAL_GPIO_Init
 .text.HAL_GPIO_WritePin
                0x08002f64       0x32 ./Drivers/STM32F4xx_HAL_Driver/Src/stm32f4xx_hal_gpio.o
                0x08002f64                HAL_GPIO_WritePin
 .text.HAL_HCD_Init
                0x08002f96       0xce ./Drivers/STM32F4xx_HAL_Driver/Src/stm32f4xx_hal_hcd.o
                0x08002f96                HAL_HCD_Init
 .text.HAL_HCD_HC_Init
                0x08003064      0x170 ./Drivers/STM32F4xx_HAL_Driver/Src/stm32f4xx_hal_hcd.o
                0x08003064                HAL_HCD_HC_Init
 .text.HAL_HCD_HC_SubmitRequest
                0x080031d4      0x33c ./Drivers/STM32F4xx_HAL_Driver/Src/stm32f4xx_hal_hcd.o
                0x080031d4                HAL_HCD_HC_SubmitRequest
 .text.HAL_HCD_IRQHandler
                0x08003510      0x220 ./Drivers/STM32F4xx_HAL_Driver/Src/stm32f4xx_hal_hcd.o
                0x08003510                HAL_HCD_IRQHandler
 .text.HAL_HCD_Start
                0x08003730       0x46 ./Drivers/STM32F4xx_HAL_Driver/Src/stm32f4xx_hal_hcd.o
                0x08003730                HAL_HCD_Start
 .text.HAL_HCD_Stop
                0x08003776       0x3a ./Drivers/STM32F4xx_HAL_Driver/Src/stm32f4xx_hal_hcd.o
                0x08003776                HAL_HCD_Stop
 .text.HAL_HCD_ResetPort
                0x080037b0       0x1c ./Drivers/STM32F4xx_HAL_Driver/Src/stm32f4xx_hal_hcd.o
                0x080037b0                HAL_HCD_ResetPort
 .text.HAL_HCD_HC_GetURBState
                0x080037cc       0x2a ./Drivers/STM32F4xx_HAL_Driver/Src/stm32f4xx_hal_hcd.o
                0x080037cc                HAL_HCD_HC_GetURBState
 .text.HAL_HCD_HC_GetXferCount
                0x080037f6       0x2a ./Drivers/STM32F4xx_HAL_Driver/Src/stm32f4xx_hal_hcd.o
                0x080037f6                HAL_HCD_HC_GetXferCount
 .text.HAL_HCD_GetCurrentFrame
                0x08003820       0x1c ./Drivers/STM32F4xx_HAL_Driver/Src/stm32f4xx_hal_hcd.o
                0x08003820                HAL_HCD_GetCurrentFrame
 .text.HAL_HCD_GetCurrentSpeed
                0x0800383c       0x1c ./Drivers/STM32F4xx_HAL_Driver/Src/stm32f4xx_hal_hcd.o
                0x0800383c                HAL_HCD_GetCurrentSpeed
 .text.HAL_HCD_HC_ClearHubInfo
                0x08003858       0x6a ./Drivers/STM32F4xx_HAL_Driver/Src/stm32f4xx_hal_hcd.o
                0x08003858                HAL_HCD_HC_ClearHubInfo
 .text.HCD_HC_IN_IRQHandler
                0x080038c2      0xcd2 ./Drivers/STM32F4xx_HAL_Driver/Src/stm32f4xx_hal_hcd.o
 .text.HCD_HC_OUT_IRQHandler
                0x08004594      0x97e ./Drivers/STM32F4xx_HAL_Driver/Src/stm32f4xx_hal_hcd.o
 .text.HCD_RXQLVL_IRQHandler
                0x08004f12      0x1be ./Drivers/STM32F4xx_HAL_Driver/Src/stm32f4xx_hal_hcd.o
 .text.HCD_Port_IRQHandler
                0x080050d0       0xe6 ./Drivers/STM32F4xx_HAL_Driver/Src/stm32f4xx_hal_hcd.o
 .text.LL_GPIO_SetPinMode
                0x080051b6       0x7a ./Drivers/STM32F4xx_HAL_Driver/Src/stm32f4xx_ll_gpio.o
 .text.LL_GPIO_SetPinOutputType
                0x08005230       0x30 ./Drivers/STM32F4xx_HAL_Driver/Src/stm32f4xx_ll_gpio.o
 .text.LL_GPIO_SetPinSpeed
                0x08005260       0x7a ./Drivers/STM32F4xx_HAL_Driver/Src/stm32f4xx_ll_gpio.o
 .text.LL_GPIO_SetPinPull
                0x080052da       0x7a ./Drivers/STM32F4xx_HAL_Driver/Src/stm32f4xx_ll_gpio.o
 .text.LL_GPIO_SetAFPin_0_7
                0x08005354       0x7a ./Drivers/STM32F4xx_HAL_Driver/Src/stm32f4xx_ll_gpio.o
 .text.LL_GPIO_SetAFPin_8_15
                0x080053ce       0x7e ./Drivers/STM32F4xx_HAL_Driver/Src/stm32f4xx_ll_gpio.o
 .text.LL_GPIO_Init
                0x0800544c      0x102 ./Drivers/STM32F4xx_HAL_Driver/Src/stm32f4xx_ll_gpio.o
                0x0800544c                LL_GPIO_Init
 .text.LL_GPIO_StructInit
                0x0800554e       0x3a ./Drivers/STM32F4xx_HAL_Driver/Src/stm32f4xx_ll_gpio.o
                0x0800554e                LL_GPIO_StructInit
 .text.LL_SPI_IsEnabled
                0x08005588       0x26 ./Drivers/STM32F4xx_HAL_Driver/Src/stm32f4xx_ll_spi.o
 .text.LL_SPI_SetCRCPolynomial
                0x080055ae       0x20 ./Drivers/STM32F4xx_HAL_Driver/Src/stm32f4xx_ll_spi.o
 .text.LL_SPI_Init
                0x080055ce       0xa4 ./Drivers/STM32F4xx_HAL_Driver/Src/stm32f4xx_ll_spi.o
                0x080055ce                LL_SPI_Init
 .text.LL_TIM_SetPrescaler
                0x08005672       0x1c ./Drivers/STM32F4xx_HAL_Driver/Src/stm32f4xx_ll_tim.o
 .text.LL_TIM_SetAutoReload
                0x0800568e       0x1c ./Drivers/STM32F4xx_HAL_Driver/Src/stm32f4xx_ll_tim.o
 .text.LL_TIM_SetRepetitionCounter
                0x080056aa       0x1c ./Drivers/STM32F4xx_HAL_Driver/Src/stm32f4xx_ll_tim.o
 .text.LL_TIM_OC_SetCompareCH1
                0x080056c6       0x1c ./Drivers/STM32F4xx_HAL_Driver/Src/stm32f4xx_ll_tim.o
 .text.LL_TIM_OC_SetCompareCH2
                0x080056e2       0x1c ./Drivers/STM32F4xx_HAL_Driver/Src/stm32f4xx_ll_tim.o
 .text.LL_TIM_OC_SetCompareCH3
                0x080056fe       0x1c ./Drivers/STM32F4xx_HAL_Driver/Src/stm32f4xx_ll_tim.o
 .text.LL_TIM_OC_SetCompareCH4
                0x0800571a       0x1c ./Drivers/STM32F4xx_HAL_Driver/Src/stm32f4xx_ll_tim.o
 .text.LL_TIM_GenerateEvent_UPDATE
                0x08005736       0x20 ./Drivers/STM32F4xx_HAL_Driver/Src/stm32f4xx_ll_tim.o
 *fill*         0x08005756        0x2 
 .text.LL_TIM_Init
                0x08005758       0xf4 ./Drivers/STM32F4xx_HAL_Driver/Src/stm32f4xx_ll_tim.o
                0x08005758                LL_TIM_Init
 .text.LL_TIM_OC_Init
                0x0800584c       0x82 ./Drivers/STM32F4xx_HAL_Driver/Src/stm32f4xx_ll_tim.o
                0x0800584c                LL_TIM_OC_Init
 *fill*         0x080058ce        0x2 
 .text.OC1Config
                0x080058d0       0xcc ./Drivers/STM32F4xx_HAL_Driver/Src/stm32f4xx_ll_tim.o
 .text.OC2Config
                0x0800599c       0xd4 ./Drivers/STM32F4xx_HAL_Driver/Src/stm32f4xx_ll_tim.o
 .text.OC3Config
                0x08005a70       0xd4 ./Drivers/STM32F4xx_HAL_Driver/Src/stm32f4xx_ll_tim.o
 .text.OC4Config
                0x08005b44       0xa4 ./Drivers/STM32F4xx_HAL_Driver/Src/stm32f4xx_ll_tim.o
 .text.USB_CoreInit
                0x08005be8       0xc8 ./Drivers/STM32F4xx_HAL_Driver/Src/stm32f4xx_ll_usb.o
                0x08005be8                USB_CoreInit
 .text.USB_EnableGlobalInt
                0x08005cb0       0x22 ./Drivers/STM32F4xx_HAL_Driver/Src/stm32f4xx_ll_usb.o
                0x08005cb0                USB_EnableGlobalInt
 .text.USB_DisableGlobalInt
                0x08005cd2       0x22 ./Drivers/STM32F4xx_HAL_Driver/Src/stm32f4xx_ll_usb.o
                0x08005cd2                USB_DisableGlobalInt
 .text.USB_SetCurrentMode
                0x08005cf4       0x98 ./Drivers/STM32F4xx_HAL_Driver/Src/stm32f4xx_ll_usb.o
                0x08005cf4                USB_SetCurrentMode
 .text.USB_FlushTxFifo
                0x08005d8c       0x64 ./Drivers/STM32F4xx_HAL_Driver/Src/stm32f4xx_ll_usb.o
                0x08005d8c                USB_FlushTxFifo
 .text.USB_FlushRxFifo
                0x08005df0       0x5c ./Drivers/STM32F4xx_HAL_Driver/Src/stm32f4xx_ll_usb.o
                0x08005df0                USB_FlushRxFifo
 .text.USB_WritePacket
                0x08005e4c       0x7c ./Drivers/STM32F4xx_HAL_Driver/Src/stm32f4xx_ll_usb.o
                0x08005e4c                USB_WritePacket
 .text.USB_ReadPacket
                0x08005ec8       0xb0 ./Drivers/STM32F4xx_HAL_Driver/Src/stm32f4xx_ll_usb.o
                0x08005ec8                USB_ReadPacket
 .text.USB_ReadInterrupts
                0x08005f78       0x26 ./Drivers/STM32F4xx_HAL_Driver/Src/stm32f4xx_ll_usb.o
                0x08005f78                USB_ReadInterrupts
 .text.USB_ReadChInterrupts
                0x08005f9e       0x42 ./Drivers/STM32F4xx_HAL_Driver/Src/stm32f4xx_ll_usb.o
                0x08005f9e                USB_ReadChInterrupts
 .text.USB_GetMode
                0x08005fe0       0x1c ./Drivers/STM32F4xx_HAL_Driver/Src/stm32f4xx_ll_usb.o
                0x08005fe0                USB_GetMode
 .text.USB_CoreReset
                0x08005ffc       0x70 ./Drivers/STM32F4xx_HAL_Driver/Src/stm32f4xx_ll_usb.o
 .text.USB_HostInit
                0x0800606c      0x15c ./Drivers/STM32F4xx_HAL_Driver/Src/stm32f4xx_ll_usb.o
                0x0800606c                USB_HostInit
 .text.USB_InitFSLSPClkSel
                0x080061c8       0x7a ./Drivers/STM32F4xx_HAL_Driver/Src/stm32f4xx_ll_usb.o
                0x080061c8                USB_InitFSLSPClkSel
 .text.USB_ResetPort
                0x08006242       0x54 ./Drivers/STM32F4xx_HAL_Driver/Src/stm32f4xx_ll_usb.o
                0x08006242                USB_ResetPort
 .text.USB_DriveVbus
                0x08006296       0x72 ./Drivers/STM32F4xx_HAL_Driver/Src/stm32f4xx_ll_usb.o
                0x08006296                USB_DriveVbus
 .text.USB_GetHostSpeed
                0x08006308       0x2e ./Drivers/STM32F4xx_HAL_Driver/Src/stm32f4xx_ll_usb.o
                0x08006308                USB_GetHostSpeed
 .text.USB_GetCurrentFrame
                0x08006336       0x22 ./Drivers/STM32F4xx_HAL_Driver/Src/stm32f4xx_ll_usb.o
                0x08006336                USB_GetCurrentFrame
 .text.USB_HC_Init
                0x08006358      0x22c ./Drivers/STM32F4xx_HAL_Driver/Src/stm32f4xx_ll_usb.o
                0x08006358                USB_HC_Init
 .text.USB_HC_StartXfer
                0x08006584      0x488 ./Drivers/STM32F4xx_HAL_Driver/Src/stm32f4xx_ll_usb.o
                0x08006584                USB_HC_StartXfer
 .text.USB_HC_ReadInterrupt
                0x08006a0c       0x22 ./Drivers/STM32F4xx_HAL_Driver/Src/stm32f4xx_ll_usb.o
                0x08006a0c                USB_HC_ReadInterrupt
 .text.USB_HC_Halt
                0x08006a2e      0x240 ./Drivers/STM32F4xx_HAL_Driver/Src/stm32f4xx_ll_usb.o
                0x08006a2e                USB_HC_Halt
 .text.USB_StopHost
                0x08006c6e      0x124 ./Drivers/STM32F4xx_HAL_Driver/Src/stm32f4xx_ll_usb.o
                0x08006c6e                USB_StopHost
 *fill*         0x08006d92        0x2 
 .text.LL_SetSystemCoreClock
                0x08006d94       0x20 ./Drivers/STM32F4xx_HAL_Driver/Src/stm32f4xx_ll_utils.o
                0x08006d94                LL_SetSystemCoreClock
 .text.USBH_HID_InterfaceInit
                0x08006db4      0x288 ./Middlewares/ST/STM32_USB_Host_Library/Class/HID/Src/usbh_hid.o
 .text.USBH_HID_InterfaceDeInit
                0x0800703c       0x8c ./Middlewares/ST/STM32_USB_Host_Library/Class/HID/Src/usbh_hid.o
 .text.USBH_HID_ClassRequest
                0x080070c8       0xfc ./Middlewares/ST/STM32_USB_Host_Library/Class/HID/Src/usbh_hid.o
 .text.USBH_HID_Process
                0x080071c4      0x1a4 ./Middlewares/ST/STM32_USB_Host_Library/Class/HID/Src/usbh_hid.o
 .text.USBH_HID_SOFProcess
                0x08007368       0x42 ./Middlewares/ST/STM32_USB_Host_Library/Class/HID/Src/usbh_hid.o
 .text.USBH_HID_GetHIDReportDescriptor
                0x080073aa       0x3e ./Middlewares/ST/STM32_USB_Host_Library/Class/HID/Src/usbh_hid.o
                0x080073aa                USBH_HID_GetHIDReportDescriptor
 .text.USBH_HID_SetIdle
                0x080073e8       0x50 ./Middlewares/ST/STM32_USB_Host_Library/Class/HID/Src/usbh_hid.o
                0x080073e8                USBH_HID_SetIdle
 .text.USBH_HID_GetReport
                0x08007438       0x58 ./Middlewares/ST/STM32_USB_Host_Library/Class/HID/Src/usbh_hid.o
                0x08007438                USBH_HID_GetReport
 .text.USBH_HID_SetProtocol
                0x08007490       0x4c ./Middlewares/ST/STM32_USB_Host_Library/Class/HID/Src/usbh_hid.o
                0x08007490                USBH_HID_SetProtocol
 .text.USBH_HID_ParseHIDDesc
                0x080074dc       0xb6 ./Middlewares/ST/STM32_USB_Host_Library/Class/HID/Src/usbh_hid.o
 .text.USBH_HID_GetDeviceType
                0x08007592       0x54 ./Middlewares/ST/STM32_USB_Host_Library/Class/HID/Src/usbh_hid.o
                0x08007592                USBH_HID_GetDeviceType
 .text.USBH_HID_FifoInit
                0x080075e6       0x38 ./Middlewares/ST/STM32_USB_Host_Library/Class/HID/Src/usbh_hid.o
                0x080075e6                USBH_HID_FifoInit
 .text.USBH_HID_FifoRead
                0x0800761e       0x92 ./Middlewares/ST/STM32_USB_Host_Library/Class/HID/Src/usbh_hid.o
                0x0800761e                USBH_HID_FifoRead
 .text.USBH_HID_FifoWrite
                0x080076b0       0xa8 ./Middlewares/ST/STM32_USB_Host_Library/Class/HID/Src/usbh_hid.o
                0x080076b0                USBH_HID_FifoWrite
 .text.USBH_HID_KeybdInit
                0x08007758       0xa8 ./Middlewares/ST/STM32_USB_Host_Library/Class/HID/Src/usbh_hid_keybd.o
                0x08007758                USBH_HID_KeybdInit
 .text.USBH_HID_GetKeybdInfo
                0x08007800       0x28 ./Middlewares/ST/STM32_USB_Host_Library/Class/HID/Src/usbh_hid_keybd.o
                0x08007800                USBH_HID_GetKeybdInfo
 .text.USBH_HID_KeybdDecode
                0x08007828      0x128 ./Middlewares/ST/STM32_USB_Host_Library/Class/HID/Src/usbh_hid_keybd.o
 .text.USBH_HID_GetASCIICode
                0x08007950       0x58 ./Middlewares/ST/STM32_USB_Host_Library/Class/HID/Src/usbh_hid_keybd.o
                0x08007950                USBH_HID_GetASCIICode
 .text.USBH_HID_MouseInit
                0x080079a8       0x94 ./Middlewares/ST/STM32_USB_Host_Library/Class/HID/Src/usbh_hid_mouse.o
                0x080079a8                USBH_HID_MouseInit
 .text.HID_ReadItem
                0x08007a3c      0x134 ./Middlewares/ST/STM32_USB_Host_Library/Class/HID/Src/usbh_hid_parser.o
                0x08007a3c                HID_ReadItem
 .text.USBH_Init
                0x08007b70       0x74 ./Middlewares/ST/STM32_USB_Host_Library/Core/Src/usbh_core.o
                0x08007b70                USBH_Init
 .text.DeInitStateMachine
                0x08007be4       0xe2 ./Middlewares/ST/STM32_USB_Host_Library/Core/Src/usbh_core.o
 .text.USBH_RegisterClass
                0x08007cc6       0x54 ./Middlewares/ST/STM32_USB_Host_Library/Core/Src/usbh_core.o
                0x08007cc6                USBH_RegisterClass
 .text.USBH_SelectInterface
                0x08007d1a       0x38 ./Middlewares/ST/STM32_USB_Host_Library/Core/Src/usbh_core.o
                0x08007d1a                USBH_SelectInterface
 .text.USBH_FindInterface
                0x08007d52       0x8c ./Middlewares/ST/STM32_USB_Host_Library/Core/Src/usbh_core.o
                0x08007d52                USBH_FindInterface
 .text.USBH_Start
                0x08007dde       0x20 ./Middlewares/ST/STM32_USB_Host_Library/Core/Src/usbh_core.o
                0x08007dde                USBH_Start
 *fill*         0x08007dfe        0x2 
 .text.USBH_Process
                0x08007e00      0x3d4 ./Middlewares/ST/STM32_USB_Host_Library/Core/Src/usbh_core.o
                0x08007e00                USBH_Process
 .text.USBH_HandleEnum
                0x080081d4      0x3c0 ./Middlewares/ST/STM32_USB_Host_Library/Core/Src/usbh_core.o
 .text.USBH_LL_SetTimer
                0x08008594       0x1e ./Middlewares/ST/STM32_USB_Host_Library/Core/Src/usbh_core.o
                0x08008594                USBH_LL_SetTimer
 .text.USBH_LL_IncTimer
                0x080085b2       0x24 ./Middlewares/ST/STM32_USB_Host_Library/Core/Src/usbh_core.o
                0x080085b2                USBH_LL_IncTimer
 .text.USBH_HandleSof
                0x080085d6       0x30 ./Middlewares/ST/STM32_USB_Host_Library/Core/Src/usbh_core.o
 .text.USBH_LL_PortEnabled
                0x08008606       0x1c ./Middlewares/ST/STM32_USB_Host_Library/Core/Src/usbh_core.o
                0x08008606                USBH_LL_PortEnabled
 .text.USBH_LL_PortDisabled
                0x08008622       0x24 ./Middlewares/ST/STM32_USB_Host_Library/Core/Src/usbh_core.o
                0x08008622                USBH_LL_PortDisabled
 .text.USBH_LL_Connect
                0x08008646       0x2e ./Middlewares/ST/STM32_USB_Host_Library/Core/Src/usbh_core.o
                0x08008646                USBH_LL_Connect
 .text.USBH_LL_Disconnect
                0x08008674       0x48 ./Middlewares/ST/STM32_USB_Host_Library/Core/Src/usbh_core.o
                0x08008674                USBH_LL_Disconnect
 .text.USBH_Get_DevDesc
                0x080086bc       0x58 ./Middlewares/ST/STM32_USB_Host_Library/Core/Src/usbh_ctlreq.o
                0x080086bc                USBH_Get_DevDesc
 .text.USBH_Get_CfgDesc
                0x08008714       0x54 ./Middlewares/ST/STM32_USB_Host_Library/Core/Src/usbh_ctlreq.o
                0x08008714                USBH_Get_CfgDesc
 .text.USBH_Get_StringDesc
                0x08008768       0x68 ./Middlewares/ST/STM32_USB_Host_Library/Core/Src/usbh_ctlreq.o
                0x08008768                USBH_Get_StringDesc
 .text.USBH_GetDescriptor
                0x080087d0       0x6a ./Middlewares/ST/STM32_USB_Host_Library/Core/Src/usbh_ctlreq.o
                0x080087d0                USBH_GetDescriptor
 .text.USBH_SetAddress
                0x0800883a       0x48 ./Middlewares/ST/STM32_USB_Host_Library/Core/Src/usbh_ctlreq.o
                0x0800883a                USBH_SetAddress
 .text.USBH_SetCfg
                0x08008882       0x46 ./Middlewares/ST/STM32_USB_Host_Library/Core/Src/usbh_ctlreq.o
                0x08008882                USBH_SetCfg
 .text.USBH_SetFeature
                0x080088c8       0x48 ./Middlewares/ST/STM32_USB_Host_Library/Core/Src/usbh_ctlreq.o
                0x080088c8                USBH_SetFeature
 .text.USBH_ClrFeature
                0x08008910       0x48 ./Middlewares/ST/STM32_USB_Host_Library/Core/Src/usbh_ctlreq.o
                0x08008910                USBH_ClrFeature
 .text.USBH_ParseDevDesc
                0x08008958      0x160 ./Middlewares/ST/STM32_USB_Host_Library/Core/Src/usbh_ctlreq.o
 .text.USBH_ParseCfgDesc
                0x08008ab8      0x1f8 ./Middlewares/ST/STM32_USB_Host_Library/Core/Src/usbh_ctlreq.o
 .text.USBH_ParseInterfaceDesc
                0x08008cb0       0x5e ./Middlewares/ST/STM32_USB_Host_Library/Core/Src/usbh_ctlreq.o
 .text.USBH_ParseEPDesc
                0x08008d0e      0x1d0 ./Middlewares/ST/STM32_USB_Host_Library/Core/Src/usbh_ctlreq.o
 .text.USBH_ParseStringDesc
                0x08008ede       0x66 ./Middlewares/ST/STM32_USB_Host_Library/Core/Src/usbh_ctlreq.o
 .text.USBH_GetNextDesc
                0x08008f44       0x34 ./Middlewares/ST/STM32_USB_Host_Library/Core/Src/usbh_ctlreq.o
                0x08008f44                USBH_GetNextDesc
 .text.USBH_CtlReq
                0x08008f78       0x7a ./Middlewares/ST/STM32_USB_Host_Library/Core/Src/usbh_ctlreq.o
                0x08008f78                USBH_CtlReq
 *fill*         0x08008ff2        0x2 
 .text.USBH_HandleControl
                0x08008ff4      0x2ec ./Middlewares/ST/STM32_USB_Host_Library/Core/Src/usbh_ctlreq.o
 .text.USBH_CtlSendSetup
                0x080092e0       0x34 ./Middlewares/ST/STM32_USB_Host_Library/Core/Src/usbh_ioreq.o
                0x080092e0                USBH_CtlSendSetup
 .text.USBH_CtlSendData
                0x08009314       0x4a ./Middlewares/ST/STM32_USB_Host_Library/Core/Src/usbh_ioreq.o
                0x08009314                USBH_CtlSendData
 .text.USBH_CtlReceiveData
                0x0800935e       0x3c ./Middlewares/ST/STM32_USB_Host_Library/Core/Src/usbh_ioreq.o
                0x0800935e                USBH_CtlReceiveData
 .text.USBH_InterruptReceiveData
                0x0800939a       0x3e ./Middlewares/ST/STM32_USB_Host_Library/Core/Src/usbh_ioreq.o
                0x0800939a                USBH_InterruptReceiveData
 .text.USBH_OpenPipe
                0x080093d8       0x3e ./Middlewares/ST/STM32_USB_Host_Library/Core/Src/usbh_pipes.o
                0x080093d8                USBH_OpenPipe
 .text.USBH_ClosePipe
                0x08009416       0x20 ./Middlewares/ST/STM32_USB_Host_Library/Core/Src/usbh_pipes.o
                0x08009416                USBH_ClosePipe
 .text.USBH_AllocPipe
                0x08009436       0x42 ./Middlewares/ST/STM32_USB_Host_Library/Core/Src/usbh_pipes.o
                0x08009436                USBH_AllocPipe
 .text.USBH_FreePipe
                0x08009478       0x3c ./Middlewares/ST/STM32_USB_Host_Library/Core/Src/usbh_pipes.o
                0x08009478                USBH_FreePipe
 .text.USBH_GetFreePipe
                0x080094b4       0x48 ./Middlewares/ST/STM32_USB_Host_Library/Core/Src/usbh_pipes.o
 .text.MX_USB_HOST_Init
                0x080094fc       0x4c ./USB_HOST/App/usb_host.o
                0x080094fc                MX_USB_HOST_Init
 .text.MX_USB_HOST_Process
                0x08009548       0x14 ./USB_HOST/App/usb_host.o
                0x08009548                MX_USB_HOST_Process
 .text.USBH_UserProcess
                0x0800955c       0x5c ./USB_HOST/App/usb_host.o
 .text.HAL_HCD_MspInit
                0x080095b8       0xa8 ./USB_HOST/Target/usbh_conf.o
                0x080095b8                HAL_HCD_MspInit
 .text.HAL_HCD_SOF_Callback
                0x08009660       0x1c ./USB_HOST/Target/usbh_conf.o
                0x08009660                HAL_HCD_SOF_Callback
 .text.HAL_HCD_Connect_Callback
                0x0800967c       0x1c ./USB_HOST/Target/usbh_conf.o
                0x0800967c                HAL_HCD_Connect_Callback
 .text.HAL_HCD_Disconnect_Callback
                0x08009698       0x1c ./USB_HOST/Target/usbh_conf.o
                0x08009698                HAL_HCD_Disconnect_Callback
 .text.HAL_HCD_HC_NotifyURBChange_Callback
                0x080096b4       0x1c ./USB_HOST/Target/usbh_conf.o
                0x080096b4                HAL_HCD_HC_NotifyURBChange_Callback
 .text.HAL_HCD_PortEnabled_Callback
                0x080096d0       0x1c ./USB_HOST/Target/usbh_conf.o
                0x080096d0                HAL_HCD_PortEnabled_Callback
 .text.HAL_HCD_PortDisabled_Callback
                0x080096ec       0x1c ./USB_HOST/Target/usbh_conf.o
                0x080096ec                HAL_HCD_PortDisabled_Callback
 .text.USBH_LL_Init
                0x08009708       0x78 ./USB_HOST/Target/usbh_conf.o
                0x08009708                USBH_LL_Init
 .text.USBH_LL_Start
                0x08009780       0x36 ./USB_HOST/Target/usbh_conf.o
                0x08009780                USBH_LL_Start
 .text.USBH_LL_Stop
                0x080097b6       0x36 ./USB_HOST/Target/usbh_conf.o
                0x080097b6                USBH_LL_Stop
 .text.USBH_LL_GetSpeed
                0x080097ec       0x4e ./USB_HOST/Target/usbh_conf.o
                0x080097ec                USBH_LL_GetSpeed
 .text.USBH_LL_ResetPort
                0x0800983a       0x36 ./USB_HOST/Target/usbh_conf.o
                0x0800983a                USBH_LL_ResetPort
 .text.USBH_LL_GetLastXferSize
                0x08009870       0x26 ./USB_HOST/Target/usbh_conf.o
                0x08009870                USBH_LL_GetLastXferSize
 .text.USBH_LL_OpenPipe
                0x08009896       0x5e ./USB_HOST/Target/usbh_conf.o
                0x08009896                USBH_LL_OpenPipe
 .text.USBH_LL_ClosePipe
                0x080098f4       0x1a ./USB_HOST/Target/usbh_conf.o
                0x080098f4                USBH_LL_ClosePipe
 .text.USBH_LL_SubmitURB
                0x0800990e       0x62 ./USB_HOST/Target/usbh_conf.o
                0x0800990e                USBH_LL_SubmitURB
 .text.USBH_LL_GetURBState
                0x08009970       0x26 ./USB_HOST/Target/usbh_conf.o
                0x08009970                USBH_LL_GetURBState
 .text.USBH_LL_DriverVBUS
                0x08009996       0x2e ./USB_HOST/Target/usbh_conf.o
                0x08009996                USBH_LL_DriverVBUS
 .text.USBH_LL_SetToggle
                0x080099c4       0x66 ./USB_HOST/Target/usbh_conf.o
                0x080099c4                USBH_LL_SetToggle
 .text.USBH_Delay
                0x08009a2a       0x16 ./USB_HOST/Target/usbh_conf.o
                0x08009a2a                USBH_Delay
 .text.USBH_Get_USB_Status
                0x08009a40       0x58 ./USB_HOST/Target/usbh_conf.o
                0x08009a40                USBH_Get_USB_Status
 .text.MX_DriverVbusFS
                0x08009a98       0x38 ./USB_HOST/Target/usbh_platform.o
                0x08009a98                MX_DriverVbusFS
 .text.malloc   0x08009ad0       0x10 C:/ST/STM32CubeIDE_1.19.0/STM32CubeIDE/plugins/com.st.stm32cube.ide.mcu.externaltools.gnu-tools-for-stm32.13.3.rel1.win32_1.0.0.202411081344/tools/bin/../lib/gcc/arm-none-eabi/13.3.1/../../../../arm-none-eabi/lib/thumb/v7e-m+fp/hard\libc_nano.a(libc_a-malloc.o)
                0x08009ad0                malloc
 .text.free     0x08009ae0       0x10 C:/ST/STM32CubeIDE_1.19.0/STM32CubeIDE/plugins/com.st.stm32cube.ide.mcu.externaltools.gnu-tools-for-stm32.13.3.rel1.win32_1.0.0.202411081344/tools/bin/../lib/gcc/arm-none-eabi/13.3.1/../../../../arm-none-eabi/lib/thumb/v7e-m+fp/hard\libc_nano.a(libc_a-malloc.o)
                0x08009ae0                free
 .text.sbrk_aligned
                0x08009af0       0x44 C:/ST/STM32CubeIDE_1.19.0/STM32CubeIDE/plugins/com.st.stm32cube.ide.mcu.externaltools.gnu-tools-for-stm32.13.3.rel1.win32_1.0.0.202411081344/tools/bin/../lib/gcc/arm-none-eabi/13.3.1/../../../../arm-none-eabi/lib/thumb/v7e-m+fp/hard\libc_nano.a(libc_a-mallocr.o)
 .text._malloc_r
                0x08009b34      0x100 C:/ST/STM32CubeIDE_1.19.0/STM32CubeIDE/plugins/com.st.stm32cube.ide.mcu.externaltools.gnu-tools-for-stm32.13.3.rel1.win32_1.0.0.202411081344/tools/bin/../lib/gcc/arm-none-eabi/13.3.1/../../../../arm-none-eabi/lib/thumb/v7e-m+fp/hard\libc_nano.a(libc_a-mallocr.o)
                0x08009b34                _malloc_r
 .text.__malloc_lock
                0x08009c34        0xc C:/ST/STM32CubeIDE_1.19.0/STM32CubeIDE/plugins/com.st.stm32cube.ide.mcu.externaltools.gnu-tools-for-stm32.13.3.rel1.win32_1.0.0.202411081344/tools/bin/../lib/gcc/arm-none-eabi/13.3.1/../../../../arm-none-eabi/lib/thumb/v7e-m+fp/hard\libc_nano.a(libc_a-mlock.o)
                0x08009c34                __malloc_lock
 .text.__malloc_unlock
                0x08009c40        0xc C:/ST/STM32CubeIDE_1.19.0/STM32CubeIDE/plugins/com.st.stm32cube.ide.mcu.externaltools.gnu-tools-for-stm32.13.3.rel1.win32_1.0.0.202411081344/tools/bin/../lib/gcc/arm-none-eabi/13.3.1/../../../../arm-none-eabi/lib/thumb/v7e-m+fp/hard\libc_nano.a(libc_a-mlock.o)
                0x08009c40                __malloc_unlock
 .text.sprintf  0x08009c4c       0x44 C:/ST/STM32CubeIDE_1.19.0/STM32CubeIDE/plugins/com.st.stm32cube.ide.mcu.externaltools.gnu-tools-for-stm32.13.3.rel1.win32_1.0.0.202411081344/tools/bin/../lib/gcc/arm-none-eabi/13.3.1/../../../../arm-none-eabi/lib/thumb/v7e-m+fp/hard\libc_nano.a(libc_a-sprintf.o)
                0x08009c4c                siprintf
                0x08009c4c                sprintf
 .text.memset   0x08009c90       0x10 C:/ST/STM32CubeIDE_1.19.0/STM32CubeIDE/plugins/com.st.stm32cube.ide.mcu.externaltools.gnu-tools-for-stm32.13.3.rel1.win32_1.0.0.202411081344/tools/bin/../lib/gcc/arm-none-eabi/13.3.1/../../../../arm-none-eabi/lib/thumb/v7e-m+fp/hard\libc_nano.a(libc_a-memset.o)
                0x08009c90                memset
 .text._sbrk_r  0x08009ca0       0x20 C:/ST/STM32CubeIDE_1.19.0/STM32CubeIDE/plugins/com.st.stm32cube.ide.mcu.externaltools.gnu-tools-for-stm32.13.3.rel1.win32_1.0.0.202411081344/tools/bin/../lib/gcc/arm-none-eabi/13.3.1/../../../../arm-none-eabi/lib/thumb/v7e-m+fp/hard\libc_nano.a(libc_a-sbrkr.o)
                0x08009ca0                _sbrk_r
 .text.__errno  0x08009cc0        0xc C:/ST/STM32CubeIDE_1.19.0/STM32CubeIDE/plugins/com.st.stm32cube.ide.mcu.externaltools.gnu-tools-for-stm32.13.3.rel1.win32_1.0.0.202411081344/tools/bin/../lib/gcc/arm-none-eabi/13.3.1/../../../../arm-none-eabi/lib/thumb/v7e-m+fp/hard\libc_nano.a(libc_a-errno.o)
                0x08009cc0                __errno
 .text.__libc_init_array
                0x08009ccc       0x48 C:/ST/STM32CubeIDE_1.19.0/STM32CubeIDE/plugins/com.st.stm32cube.ide.mcu.externaltools.gnu-tools-for-stm32.13.3.rel1.win32_1.0.0.202411081344/tools/bin/../lib/gcc/arm-none-eabi/13.3.1/../../../../arm-none-eabi/lib/thumb/v7e-m+fp/hard\libc_nano.a(libc_a-init.o)
                0x08009ccc                __libc_init_array
 .text.__retarget_lock_acquire_recursive
                0x08009d14        0x2 C:/ST/STM32CubeIDE_1.19.0/STM32CubeIDE/plugins/com.st.stm32cube.ide.mcu.externaltools.gnu-tools-for-stm32.13.3.rel1.win32_1.0.0.202411081344/tools/bin/../lib/gcc/arm-none-eabi/13.3.1/../../../../arm-none-eabi/lib/thumb/v7e-m+fp/hard\libc_nano.a(libc_a-lock.o)
                0x08009d14                __retarget_lock_acquire_recursive
 .text.__retarget_lock_release_recursive
                0x08009d16        0x2 C:/ST/STM32CubeIDE_1.19.0/STM32CubeIDE/plugins/com.st.stm32cube.ide.mcu.externaltools.gnu-tools-for-stm32.13.3.rel1.win32_1.0.0.202411081344/tools/bin/../lib/gcc/arm-none-eabi/13.3.1/../../../../arm-none-eabi/lib/thumb/v7e-m+fp/hard\libc_nano.a(libc_a-lock.o)
                0x08009d16                __retarget_lock_release_recursive
 .text._free_r  0x08009d18       0x94 C:/ST/STM32CubeIDE_1.19.0/STM32CubeIDE/plugins/com.st.stm32cube.ide.mcu.externaltools.gnu-tools-for-stm32.13.3.rel1.win32_1.0.0.202411081344/tools/bin/../lib/gcc/arm-none-eabi/13.3.1/../../../../arm-none-eabi/lib/thumb/v7e-m+fp/hard\libc_nano.a(libc_a-freer.o)
                0x08009d18                _free_r
 .text.__ssputs_r
                0x08009dac       0xb6 C:/ST/STM32CubeIDE_1.19.0/STM32CubeIDE/plugins/com.st.stm32cube.ide.mcu.externaltools.gnu-tools-for-stm32.13.3.rel1.win32_1.0.0.202411081344/tools/bin/../lib/gcc/arm-none-eabi/13.3.1/../../../../arm-none-eabi/lib/thumb/v7e-m+fp/hard\libc_nano.a(libc_a-nano-svfprintf.o)
                0x08009dac                __ssputs_r
 *fill*         0x08009e62        0x2 
 .text._svfprintf_r
                0x08009e64      0x1f8 C:/ST/STM32CubeIDE_1.19.0/STM32CubeIDE/plugins/com.st.stm32cube.ide.mcu.externaltools.gnu-tools-for-stm32.13.3.rel1.win32_1.0.0.202411081344/tools/bin/../lib/gcc/arm-none-eabi/13.3.1/../../../../arm-none-eabi/lib/thumb/v7e-m+fp/hard\libc_nano.a(libc_a-nano-svfprintf.o)
                0x08009e64                _svfiprintf_r
                0x08009e64                _svfprintf_r
 .text._printf_common
                0x0800a05c       0xda C:/ST/STM32CubeIDE_1.19.0/STM32CubeIDE/plugins/com.st.stm32cube.ide.mcu.externaltools.gnu-tools-for-stm32.13.3.rel1.win32_1.0.0.202411081344/tools/bin/../lib/gcc/arm-none-eabi/13.3.1/../../../../arm-none-eabi/lib/thumb/v7e-m+fp/hard\libc_nano.a(libc_a-nano-vfprintf_i.o)
                0x0800a05c                _printf_common
 *fill*         0x0800a136        0x2 
 .text._printf_i
                0x0800a138      0x23c C:/ST/STM32CubeIDE_1.19.0/STM32CubeIDE/plugins/com.st.stm32cube.ide.mcu.externaltools.gnu-tools-for-stm32.13.3.rel1.win32_1.0.0.202411081344/tools/bin/../lib/gcc/arm-none-eabi/13.3.1/../../../../arm-none-eabi/lib/thumb/v7e-m+fp/hard\libc_nano.a(libc_a-nano-vfprintf_i.o)
                0x0800a138                _printf_i
 .text.memmove  0x0800a374       0x34 C:/ST/STM32CubeIDE_1.19.0/STM32CubeIDE/plugins/com.st.stm32cube.ide.mcu.externaltools.gnu-tools-for-stm32.13.3.rel1.win32_1.0.0.202411081344/tools/bin/../lib/gcc/arm-none-eabi/13.3.1/../../../../arm-none-eabi/lib/thumb/v7e-m+fp/hard\libc_nano.a(libc_a-memmove.o)
                0x0800a374                memmove
 .text.memcpy   0x0800a3a8       0x1c C:/ST/STM32CubeIDE_1.19.0/STM32CubeIDE/plugins/com.st.stm32cube.ide.mcu.externaltools.gnu-tools-for-stm32.13.3.rel1.win32_1.0.0.202411081344/tools/bin/../lib/gcc/arm-none-eabi/13.3.1/../../../../arm-none-eabi/lib/thumb/v7e-m+fp/hard\libc_nano.a(libc_a-memcpy-stub.o)
                0x0800a3a8                memcpy
 .text._realloc_r
                0x0800a3c4       0x5c C:/ST/STM32CubeIDE_1.19.0/STM32CubeIDE/plugins/com.st.stm32cube.ide.mcu.externaltools.gnu-tools-for-stm32.13.3.rel1.win32_1.0.0.202411081344/tools/bin/../lib/gcc/arm-none-eabi/13.3.1/../../../../arm-none-eabi/lib/thumb/v7e-m+fp/hard\libc_nano.a(libc_a-reallocr.o)
                0x0800a3c4                _realloc_r
 .text._malloc_usable_size_r
                0x0800a420       0x10 C:/ST/STM32CubeIDE_1.19.0/STM32CubeIDE/plugins/com.st.stm32cube.ide.mcu.externaltools.gnu-tools-for-stm32.13.3.rel1.win32_1.0.0.202411081344/tools/bin/../lib/gcc/arm-none-eabi/13.3.1/../../../../arm-none-eabi/lib/thumb/v7e-m+fp/hard\libc_nano.a(libc_a-msizer.o)
                0x0800a420                _malloc_usable_size_r
 *(.glue_7)
 .glue_7        0x0800a430        0x0 linker stubs
 *(.glue_7t)
 .glue_7t       0x0800a430        0x0 linker stubs
 *(.eh_frame)
 .eh_frame      0x0800a430        0x0 C:/ST/STM32CubeIDE_1.19.0/STM32CubeIDE/plugins/com.st.stm32cube.ide.mcu.externaltools.gnu-tools-for-stm32.13.3.rel1.win32_1.0.0.202411081344/tools/bin/../lib/gcc/arm-none-eabi/13.3.1/thumb/v7e-m+fp/hard/crtbegin.o
 *(.init)
 .init          0x0800a430        0x4 C:/ST/STM32CubeIDE_1.19.0/STM32CubeIDE/plugins/com.st.stm32cube.ide.mcu.externaltools.gnu-tools-for-stm32.13.3.rel1.win32_1.0.0.202411081344/tools/bin/../lib/gcc/arm-none-eabi/13.3.1/thumb/v7e-m+fp/hard/crti.o
                0x0800a430                _init
 .init          0x0800a434        0x8 C:/ST/STM32CubeIDE_1.19.0/STM32CubeIDE/plugins/com.st.stm32cube.ide.mcu.externaltools.gnu-tools-for-stm32.13.3.rel1.win32_1.0.0.202411081344/tools/bin/../lib/gcc/arm-none-eabi/13.3.1/thumb/v7e-m+fp/hard/crtn.o
 *(.fini)
 .fini          0x0800a43c        0x4 C:/ST/STM32CubeIDE_1.19.0/STM32CubeIDE/plugins/com.st.stm32cube.ide.mcu.externaltools.gnu-tools-for-stm32.13.3.rel1.win32_1.0.0.202411081344/tools/bin/../lib/gcc/arm-none-eabi/13.3.1/thumb/v7e-m+fp/hard/crti.o
                0x0800a43c                _fini
 .fini          0x0800a440        0x8 C:/ST/STM32CubeIDE_1.19.0/STM32CubeIDE/plugins/com.st.stm32cube.ide.mcu.externaltools.gnu-tools-for-stm32.13.3.rel1.win32_1.0.0.202411081344/tools/bin/../lib/gcc/arm-none-eabi/13.3.1/thumb/v7e-m+fp/hard/crtn.o
                0x0800a448                        . = ALIGN (0x4)
                0x0800a448                        _etext = .

.vfp11_veneer   0x0800a448        0x0
 .vfp11_veneer  0x0800a448        0x0 linker stubs

.v4_bx          0x0800a448        0x0
 .v4_bx         0x0800a448        0x0 linker stubs

.iplt           0x0800a448        0x0
 .iplt          0x0800a448        0x0 C:/ST/STM32CubeIDE_1.19.0/STM32CubeIDE/plugins/com.st.stm32cube.ide.mcu.externaltools.gnu-tools-for-stm32.13.3.rel1.win32_1.0.0.202411081344/tools/bin/../lib/gcc/arm-none-eabi/13.3.1/thumb/v7e-m+fp/hard/crtbegin.o

.rodata         0x0800a448     0x4594
                0x0800a448                        . = ALIGN (0x4)
 *(.rodata)
 .rodata        0x0800a448       0x7c ./Core/Src/video.o
 .rodata        0x0800a4c4        0x4 ./Middlewares/ST/STM32_USB_Host_Library/Class/HID/Src/usbh_hid.o
 *(.rodata*)
 .rodata.STREAM_OFFSET_TAB
                0x0800a4c8        0x8 ./Core/Src/main.o
 .rodata.OFFSET_TAB_CCMRx
                0x0800a4d0        0x7 ./Core/Src/main.o
 *fill*         0x0800a4d7        0x1 
 .rodata.SHIFT_TAB_OCxx
                0x0800a4d8        0x7 ./Core/Src/main.o
 *fill*         0x0800a4df        0x1 
 .rodata.SHIFT_TAB_ICxx
                0x0800a4e0        0x7 ./Core/Src/main.o
 *fill*         0x0800a4e7        0x1 
 .rodata.SHIFT_TAB_CCxP
                0x0800a4e8        0x7 ./Core/Src/main.o
 *fill*         0x0800a4ef        0x1 
 .rodata.spectrum_rom_48k
                0x0800a4f0     0x4000 ./Core/Src/spectrum_rom.o
                0x0800a4f0                spectrum_rom_48k
 .rodata.STREAM_OFFSET_TAB
                0x0800e4f0        0x8 ./Core/Src/video.o
 .rodata.font6x8
                0x0800e4f8      0x180 ./Core/Src/video.o
 .rodata.step_table
                0x0800e678       0x20 ./Core/Src/video.o
                0x0800e678                step_table
 .rodata.imp_0_lctrl
                0x0800e698       0x20 ./Middlewares/ST/STM32_USB_Host_Library/Class/HID/Src/usbh_hid_keybd.o
 .rodata.imp_0_lshift
                0x0800e6b8       0x20 ./Middlewares/ST/STM32_USB_Host_Library/Class/HID/Src/usbh_hid_keybd.o
 .rodata.imp_0_lalt
                0x0800e6d8       0x20 ./Middlewares/ST/STM32_USB_Host_Library/Class/HID/Src/usbh_hid_keybd.o
 .rodata.imp_0_lgui
                0x0800e6f8       0x20 ./Middlewares/ST/STM32_USB_Host_Library/Class/HID/Src/usbh_hid_keybd.o
 .rodata.imp_0_rctrl
                0x0800e718       0x20 ./Middlewares/ST/STM32_USB_Host_Library/Class/HID/Src/usbh_hid_keybd.o
 .rodata.imp_0_rshift
                0x0800e738       0x20 ./Middlewares/ST/STM32_USB_Host_Library/Class/HID/Src/usbh_hid_keybd.o
 .rodata.imp_0_ralt
                0x0800e758       0x20 ./Middlewares/ST/STM32_USB_Host_Library/Class/HID/Src/usbh_hid_keybd.o
 .rodata.imp_0_rgui
                0x0800e778       0x20 ./Middlewares/ST/STM32_USB_Host_Library/Class/HID/Src/usbh_hid_keybd.o
 .rodata.imp_0_key_array
                0x0800e798       0x20 ./Middlewares/ST/STM32_USB_Host_Library/Class/HID/Src/usbh_hid_keybd.o
 .rodata.HID_KEYBRD_Key
                0x0800e7b8       0x84 ./Middlewares/ST/STM32_USB_Host_Library/Class/HID/Src/usbh_hid_keybd.o
 .rodata.HID_KEYBRD_ShiftKey
                0x0800e83c       0x84 ./Middlewares/ST/STM32_USB_Host_Library/Class/HID/Src/usbh_hid_keybd.o
 .rodata.HID_KEYBRD_Codes
                0x0800e8c0       0xe8 ./Middlewares/ST/STM32_USB_Host_Library/Class/HID/Src/usbh_hid_keybd.o
 .rodata._svfprintf_r.str1.1
                0x0800e9a8       0x33 C:/ST/STM32CubeIDE_1.19.0/STM32CubeIDE/plugins/com.st.stm32cube.ide.mcu.externaltools.gnu-tools-for-stm32.13.3.rel1.win32_1.0.0.202411081344/tools/bin/../lib/gcc/arm-none-eabi/13.3.1/../../../../arm-none-eabi/lib/thumb/v7e-m+fp/hard\libc_nano.a(libc_a-nano-svfprintf.o)
                                 0x11 (size before relaxing)
 .rodata._printf_i.str1.1
                0x0800e9db       0x22 C:/ST/STM32CubeIDE_1.19.0/STM32CubeIDE/plugins/com.st.stm32cube.ide.mcu.externaltools.gnu-tools-for-stm32.13.3.rel1.win32_1.0.0.202411081344/tools/bin/../lib/gcc/arm-none-eabi/13.3.1/../../../../arm-none-eabi/lib/thumb/v7e-m+fp/hard\libc_nano.a(libc_a-nano-vfprintf_i.o)
                0x0800ea00                        . = ALIGN (0x4)
 *fill*         0x0800e9db        0x1 

.ARM.extab      0x0800e9dc        0x0
                0x0800e9dc                        . = ALIGN (0x4)
 *(.ARM.extab* .gnu.linkonce.armextab.*)
                0x0800e9dc                        . = ALIGN (0x4)

.ARM            0x0800e9dc        0x8
                0x0800e9dc                        . = ALIGN (0x4)
                0x0800e9dc                        __exidx_start = .
 *(.ARM.exidx*)
 .ARM.exidx     0x0800e9dc        0x8 C:/ST/STM32CubeIDE_1.19.0/STM32CubeIDE/plugins/com.st.stm32cube.ide.mcu.externaltools.gnu-tools-for-stm32.13.3.rel1.win32_1.0.0.202411081344/tools/bin/../lib/gcc/arm-none-eabi/13.3.1/../../../../arm-none-eabi/lib/thumb/v7e-m+fp/hard\libc_nano.a(libc_a-memchr.o)
                0x0800e9e4                        __exidx_end = .
                0x0800e9e4                        . = ALIGN (0x4)

.preinit_array  0x0800e9e4        0x0
                0x0800e9e4                        . = ALIGN (0x4)
                0x0800e9e4                        PROVIDE (__preinit_array_start = .)
 *(.preinit_array*)
                0x0800e9e4                        PROVIDE (__preinit_array_end = .)
                0x0800e9e4                        . = ALIGN (0x4)

.init_array     0x0800e9e4        0x4
                0x0800e9e4                        . = ALIGN (0x4)
                0x0800e9e4                        PROVIDE (__init_array_start = .)
 *(SORT_BY_NAME(.init_array.*))
 *(.init_array*)
 .init_array    0x0800e9e4        0x4 C:/ST/STM32CubeIDE_1.19.0/STM32CubeIDE/plugins/com.st.stm32cube.ide.mcu.externaltools.gnu-tools-for-stm32.13.3.rel1.win32_1.0.0.202411081344/tools/bin/../lib/gcc/arm-none-eabi/13.3.1/thumb/v7e-m+fp/hard/crtbegin.o
                0x0800e9e8                        PROVIDE (__init_array_end = .)
                0x0800e9e8                        . = ALIGN (0x4)

.fini_array     0x0800e9e8        0x4
                0x0800e9e8                        . = ALIGN (0x4)
                [!provide]                        PROVIDE (__fini_array_start = .)
 *(SORT_BY_NAME(.fini_array.*))
 *(.fini_array*)
 .fini_array    0x0800e9e8        0x4 C:/ST/STM32CubeIDE_1.19.0/STM32CubeIDE/plugins/com.st.stm32cube.ide.mcu.externaltools.gnu-tools-for-stm32.13.3.rel1.win32_1.0.0.202411081344/tools/bin/../lib/gcc/arm-none-eabi/13.3.1/thumb/v7e-m+fp/hard/crtbegin.o
                [!provide]                        PROVIDE (__fini_array_end = .)
                0x0800e9ec                        . = ALIGN (0x4)
                0x0800e9ec                        _sidata = LOADADDR (.data)

.rel.dyn        0x0800e9ec        0x0
 .rel.iplt      0x0800e9ec        0x0 C:/ST/STM32CubeIDE_1.19.0/STM32CubeIDE/plugins/com.st.stm32cube.ide.mcu.externaltools.gnu-tools-for-stm32.13.3.rel1.win32_1.0.0.202411081344/tools/bin/../lib/gcc/arm-none-eabi/13.3.1/thumb/v7e-m+fp/hard/crtbegin.o

.data           0x20000000       0x90 load address 0x0800e9ec
                0x20000000                        . = ALIGN (0x4)
                0x20000000                        _sdata = .
 *(.data)
 *(.data*)
 .data.multiplier
                0x20000000        0x4 ./Core/Src/main.o
                0x20000000                multiplier
 .data.sign_positive
                0x20000004        0x1 ./Core/Src/main.o
 *fill*         0x20000005        0x3 
 .data.SystemCoreClock
                0x20000008        0x4 ./Core/Src/system_stm32f4xx.o
                0x20000008                SystemCoreClock
 .data.render_buf
                0x2000000c        0x4 ./Core/Src/video.o
                0x2000000c                render_buf
 .data.display_buf
                0x20000010        0x4 ./Core/Src/video.o
                0x20000010                display_buf
 .data.margin_lines
                0x20000014        0x1 ./Core/Src/video.o
                0x20000014                margin_lines
 .data.line_wait
                0x20000015        0x1 ./Core/Src/video.o
                0x20000015                line_wait
 .data.swap_line
                0x20000016        0x1 ./Core/Src/video.o
                0x20000016                swap_line
 .data.sign_positive
                0x20000017        0x1 ./Core/Src/video.o
                0x20000017                sign_positive
 .data.uwTickPrio
                0x20000018        0x4 ./Drivers/STM32F4xx_HAL_Driver/Src/stm32f4xx_hal.o
                0x20000018                uwTickPrio
 .data.uwTickFreq
                0x2000001c        0x1 ./Drivers/STM32F4xx_HAL_Driver/Src/stm32f4xx_hal.o
                0x2000001c                uwTickFreq
 *fill*         0x2000001d        0x3 
 .data.HID_Class
                0x20000020       0x20 ./Middlewares/ST/STM32_USB_Host_Library/Class/HID/Src/usbh_hid.o
                0x20000020                HID_Class
 .data._impure_ptr
                0x20000040        0x4 C:/ST/STM32CubeIDE_1.19.0/STM32CubeIDE/plugins/com.st.stm32cube.ide.mcu.externaltools.gnu-tools-for-stm32.13.3.rel1.win32_1.0.0.202411081344/tools/bin/../lib/gcc/arm-none-eabi/13.3.1/../../../../arm-none-eabi/lib/thumb/v7e-m+fp/hard\libc_nano.a(libc_a-impure.o)
                0x20000040                _impure_ptr
 .data._impure_data
                0x20000044       0x4c C:/ST/STM32CubeIDE_1.19.0/STM32CubeIDE/plugins/com.st.stm32cube.ide.mcu.externaltools.gnu-tools-for-stm32.13.3.rel1.win32_1.0.0.202411081344/tools/bin/../lib/gcc/arm-none-eabi/13.3.1/../../../../arm-none-eabi/lib/thumb/v7e-m+fp/hard\libc_nano.a(libc_a-impure.o)
                0x20000044                _impure_data
 *(.RamFunc)
 *(.RamFunc*)
                0x20000090                        . = ALIGN (0x4)
                0x20000090                        _edata = .

.igot.plt       0x20000090        0x0 load address 0x0800ea7c
 .igot.plt      0x20000090        0x0 C:/ST/STM32CubeIDE_1.19.0/STM32CubeIDE/plugins/com.st.stm32cube.ide.mcu.externaltools.gnu-tools-for-stm32.13.3.rel1.win32_1.0.0.202411081344/tools/bin/../lib/gcc/arm-none-eabi/13.3.1/thumb/v7e-m+fp/hard/crtbegin.o
                0x20000090                        . = ALIGN (0x4)

.bss            0x20000090     0xd7c0 load address 0x0800ea7c
                0x20000090                        _sbss = .
                0x20000090                        __bss_start__ = _sbss
 *(.bss)
 .bss           0x20000090       0x1c C:/ST/STM32CubeIDE_1.19.0/STM32CubeIDE/plugins/com.st.stm32cube.ide.mcu.externaltools.gnu-tools-for-stm32.13.3.rel1.win32_1.0.0.202411081344/tools/bin/../lib/gcc/arm-none-eabi/13.3.1/thumb/v7e-m+fp/hard/crtbegin.o
 *(.bss*)
 .bss.frame_counter.1
                0x200000ac        0x2 ./Core/Src/main.o
 .bss.in_vblank.0
                0x200000ae        0x1 ./Core/Src/main.o
 *fill*         0x200000af        0x1 
 .bss.spectrum_ram
                0x200000b0     0xc000 ./Core/Src/spectrum_core.o
                0x200000b0                spectrum_ram
 .bss.__sbrk_heap_end
                0x2000c0b0        0x4 ./Core/Src/sysmem.o
 .bss.linebufa  0x2000c0b4      0x400 ./Core/Src/video.o
                0x2000c0b4                linebufa
 .bss.linebufb  0x2000c4b4      0x400 ./Core/Src/video.o
                0x2000c4b4                linebufb
 .bss.border_pixel_buffer
                0x2000c8b4      0x400 ./Core/Src/video.o
                0x2000c8b4                border_pixel_buffer
 .bss.t5_cnt    0x2000ccb4        0x4 ./Core/Src/video.o
                0x2000ccb4                t5_cnt
 .bss.activeFstart
                0x2000ccb8        0x4 ./Core/Src/video.o
                0x2000ccb8                activeFstart
 .bss.activeFend
                0x2000ccbc        0x4 ./Core/Src/video.o
                0x2000ccbc                activeFend
 .bss.one_line  0x2000ccc0        0x4 ./Core/Src/video.o
                0x2000ccc0                one_line
 .bss.margin    0x2000ccc4        0x4 ./Core/Src/video.o
                0x2000ccc4                margin
 .bss.dmaStarted
                0x2000ccc8        0x1 ./Core/Src/video.o
                0x2000ccc8                dmaStarted
 *fill*         0x2000ccc9        0x1 
 .bss.active_line
                0x2000ccca        0x2 ./Core/Src/video.o
                0x2000ccca                active_line
 .bss.render_line
                0x2000cccc        0x1 ./Core/Src/video.o
                0x2000cccc                render_line
 *fill*         0x2000cccd        0x3 
 .bss.debug1    0x2000ccd0       0x20 ./Core/Src/video.o
 .bss.debug2    0x2000ccf0       0x20 ./Core/Src/video.o
 .bss.debug3    0x2000cd10       0x20 ./Core/Src/video.o
 .bss.debug4    0x2000cd30       0x20 ./Core/Src/video.o
 .bss.debug5    0x2000cd50       0x20 ./Core/Src/video.o
 .bss.debug6    0x2000cd70       0x20 ./Core/Src/video.o
 .bss.debug7    0x2000cd90       0x20 ./Core/Src/video.o
 .bss.debug8    0x2000cdb0       0x20 ./Core/Src/video.o
 .bss.debug9    0x2000cdd0       0x20 ./Core/Src/video.o
 .bss.repeat    0x2000cdf0        0x1 ./Core/Src/video.o
                0x2000cdf0                repeat
 .bss.step_index
                0x2000cdf1        0x1 ./Core/Src/video.o
                0x2000cdf1                step_index
 *fill*         0x2000cdf2        0x2 
 .bss.tmp.0     0x2000cdf4      0x100 ./Core/Src/video.o
 .bss.z80       0x2000cef4       0x1c ./Core/Src/z80.o
                0x2000cef4                z80
 .bss.uwTick    0x2000cf10        0x4 ./Drivers/STM32F4xx_HAL_Driver/Src/stm32f4xx_hal.o
                0x2000cf10                uwTick
 .bss.keybd_info
                0x2000cf14        0xf ./Middlewares/ST/STM32_USB_Host_Library/Class/HID/Src/usbh_hid_keybd.o
                0x2000cf14                keybd_info
 *fill*         0x2000cf23        0x1 
 .bss.keybd_rx_report_buf
                0x2000cf24        0x8 ./Middlewares/ST/STM32_USB_Host_Library/Class/HID/Src/usbh_hid_keybd.o
                0x2000cf24                keybd_rx_report_buf
 .bss.keybd_report_data
                0x2000cf2c        0x8 ./Middlewares/ST/STM32_USB_Host_Library/Class/HID/Src/usbh_hid_keybd.o
                0x2000cf2c                keybd_report_data
 .bss.mouse_info
                0x2000cf34        0x5 ./Middlewares/ST/STM32_USB_Host_Library/Class/HID/Src/usbh_hid_mouse.o
                0x2000cf34                mouse_info
 *fill*         0x2000cf39        0x3 
 .bss.mouse_report_data
                0x2000cf3c        0x8 ./Middlewares/ST/STM32_USB_Host_Library/Class/HID/Src/usbh_hid_mouse.o
                0x2000cf3c                mouse_report_data
 .bss.mouse_rx_report_buf
                0x2000cf44        0x8 ./Middlewares/ST/STM32_USB_Host_Library/Class/HID/Src/usbh_hid_mouse.o
                0x2000cf44                mouse_rx_report_buf
 .bss.hUsbHostFS
                0x2000cf4c      0x3d8 ./USB_HOST/App/usb_host.o
                0x2000cf4c                hUsbHostFS
 .bss.Appli_state
                0x2000d324        0x1 ./USB_HOST/App/usb_host.o
                0x2000d324                Appli_state
 *fill*         0x2000d325        0x3 
 .bss.hhcd_USB_OTG_FS
                0x2000d328      0x3e0 ./USB_HOST/Target/usbh_conf.o
                0x2000d328                hhcd_USB_OTG_FS
 .bss.__malloc_sbrk_start
                0x2000d708        0x4 C:/ST/STM32CubeIDE_1.19.0/STM32CubeIDE/plugins/com.st.stm32cube.ide.mcu.externaltools.gnu-tools-for-stm32.13.3.rel1.win32_1.0.0.202411081344/tools/bin/../lib/gcc/arm-none-eabi/13.3.1/../../../../arm-none-eabi/lib/thumb/v7e-m+fp/hard\libc_nano.a(libc_a-mallocr.o)
                0x2000d708                __malloc_sbrk_start
 .bss.__malloc_free_list
                0x2000d70c        0x4 C:/ST/STM32CubeIDE_1.19.0/STM32CubeIDE/plugins/com.st.stm32cube.ide.mcu.externaltools.gnu-tools-for-stm32.13.3.rel1.win32_1.0.0.202411081344/tools/bin/../lib/gcc/arm-none-eabi/13.3.1/../../../../arm-none-eabi/lib/thumb/v7e-m+fp/hard\libc_nano.a(libc_a-mallocr.o)
                0x2000d70c                __malloc_free_list
 .bss.__sf      0x2000d710      0x138 C:/ST/STM32CubeIDE_1.19.0/STM32CubeIDE/plugins/com.st.stm32cube.ide.mcu.externaltools.gnu-tools-for-stm32.13.3.rel1.win32_1.0.0.202411081344/tools/bin/../lib/gcc/arm-none-eabi/13.3.1/../../../../arm-none-eabi/lib/thumb/v7e-m+fp/hard\libc_nano.a(libc_a-findfp.o)
                0x2000d710                __sf
 .bss.errno     0x2000d848        0x4 C:/ST/STM32CubeIDE_1.19.0/STM32CubeIDE/plugins/com.st.stm32cube.ide.mcu.externaltools.gnu-tools-for-stm32.13.3.rel1.win32_1.0.0.202411081344/tools/bin/../lib/gcc/arm-none-eabi/13.3.1/../../../../arm-none-eabi/lib/thumb/v7e-m+fp/hard\libc_nano.a(libc_a-reent.o)
                0x2000d848                errno
 .bss.__lock___malloc_recursive_mutex
                0x2000d84c        0x1 C:/ST/STM32CubeIDE_1.19.0/STM32CubeIDE/plugins/com.st.stm32cube.ide.mcu.externaltools.gnu-tools-for-stm32.13.3.rel1.win32_1.0.0.202411081344/tools/bin/../lib/gcc/arm-none-eabi/13.3.1/../../../../arm-none-eabi/lib/thumb/v7e-m+fp/hard\libc_nano.a(libc_a-lock.o)
                0x2000d84c                __lock___malloc_recursive_mutex
 *(COMMON)
                0x2000d850                        . = ALIGN (0x4)
 *fill*         0x2000d84d        0x3 
                0x2000d850                        _ebss = .
                0x2000d850                        __bss_end__ = _ebss

._user_heap_stack
                0x2000d850      0x600 load address 0x0800ea7c
                0x2000d850                        . = ALIGN (0x8)
                [!provide]                        PROVIDE (end = .)
                0x2000d850                        PROVIDE (_end = .)
                0x2000da50                        . = (. + _Min_Heap_Size)
 *fill*         0x2000d850      0x200 
                0x2000de50                        . = (. + _Min_Stack_Size)
 *fill*         0x2000da50      0x400 
                0x2000de50                        . = ALIGN (0x8)

/DISCARD/
 libc.a(*)
 libm.a(*)
 libgcc.a(*)

.ARM.attributes
                0x00000000       0x30
 *(.ARM.attributes)
 .ARM.attributes
                0x00000000       0x22 C:/ST/STM32CubeIDE_1.19.0/STM32CubeIDE/plugins/com.st.stm32cube.ide.mcu.externaltools.gnu-tools-for-stm32.13.3.rel1.win32_1.0.0.202411081344/tools/bin/../lib/gcc/arm-none-eabi/13.3.1/thumb/v7e-m+fp/hard/crti.o
 .ARM.attributes
                0x00000022       0x34 C:/ST/STM32CubeIDE_1.19.0/STM32CubeIDE/plugins/com.st.stm32cube.ide.mcu.externaltools.gnu-tools-for-stm32.13.3.rel1.win32_1.0.0.202411081344/tools/bin/../lib/gcc/arm-none-eabi/13.3.1/thumb/v7e-m+fp/hard/crtbegin.o
 .ARM.attributes
                0x00000056       0x34 ./Core/Src/main.o
 .ARM.attributes
                0x0000008a       0x34 ./Core/Src/spectrum_core.o
 .ARM.attributes
                0x000000be       0x34 ./Core/Src/spectrum_rom.o
 .ARM.attributes
                0x000000f2       0x34 ./Core/Src/stm32f4xx_hal_msp.o
 .ARM.attributes
                0x00000126       0x34 ./Core/Src/stm32f4xx_it.o
 .ARM.attributes
                0x0000015a       0x34 ./Core/Src/sysmem.o
 .ARM.attributes
                0x0000018e       0x34 ./Core/Src/system_stm32f4xx.o
 .ARM.attributes
                0x000001c2       0x34 ./Core/Src/vga.o
 .ARM.attributes
                0x000001f6       0x34 ./Core/Src/video.o
 .ARM.attributes
                0x0000022a       0x34 ./Core/Src/z80.o
 .ARM.attributes
                0x0000025e       0x21 ./Core/Startup/startup_stm32f401ccux.o
 .ARM.attributes
                0x0000027f       0x34 ./Drivers/STM32F4xx_HAL_Driver/Src/stm32f4xx_hal.o
 .ARM.attributes
                0x000002b3       0x34 ./Drivers/STM32F4xx_HAL_Driver/Src/stm32f4xx_hal_cortex.o
 .ARM.attributes
                0x000002e7       0x34 ./Drivers/STM32F4xx_HAL_Driver/Src/stm32f4xx_hal_gpio.o
 .ARM.attributes
                0x0000031b       0x34 ./Drivers/STM32F4xx_HAL_Driver/Src/stm32f4xx_hal_hcd.o
 .ARM.attributes
                0x0000034f       0x34 ./Drivers/STM32F4xx_HAL_Driver/Src/stm32f4xx_ll_gpio.o
 .ARM.attributes
                0x00000383       0x34 ./Drivers/STM32F4xx_HAL_Driver/Src/stm32f4xx_ll_spi.o
 .ARM.attributes
                0x000003b7       0x34 ./Drivers/STM32F4xx_HAL_Driver/Src/stm32f4xx_ll_tim.o
 .ARM.attributes
                0x000003eb       0x34 ./Drivers/STM32F4xx_HAL_Driver/Src/stm32f4xx_ll_usb.o
 .ARM.attributes
                0x0000041f       0x34 ./Drivers/STM32F4xx_HAL_Driver/Src/stm32f4xx_ll_utils.o
 .ARM.attributes
                0x00000453       0x34 ./Middlewares/ST/STM32_USB_Host_Library/Class/HID/Src/usbh_hid.o
 .ARM.attributes
                0x00000487       0x34 ./Middlewares/ST/STM32_USB_Host_Library/Class/HID/Src/usbh_hid_keybd.o
 .ARM.attributes
                0x000004bb       0x34 ./Middlewares/ST/STM32_USB_Host_Library/Class/HID/Src/usbh_hid_mouse.o
 .ARM.attributes
                0x000004ef       0x34 ./Middlewares/ST/STM32_USB_Host_Library/Class/HID/Src/usbh_hid_parser.o
 .ARM.attributes
                0x00000523       0x34 ./Middlewares/ST/STM32_USB_Host_Library/Core/Src/usbh_core.o
 .ARM.attributes
                0x00000557       0x34 ./Middlewares/ST/STM32_USB_Host_Library/Core/Src/usbh_ctlreq.o
 .ARM.attributes
                0x0000058b       0x34 ./Middlewares/ST/STM32_USB_Host_Library/Core/Src/usbh_ioreq.o
 .ARM.attributes
                0x000005bf       0x34 ./Middlewares/ST/STM32_USB_Host_Library/Core/Src/usbh_pipes.o
 .ARM.attributes
                0x000005f3       0x34 ./USB_HOST/App/usb_host.o
 .ARM.attributes
                0x00000627       0x34 ./USB_HOST/Target/usbh_conf.o
 .ARM.attributes
                0x0000065b       0x34 ./USB_HOST/Target/usbh_platform.o
 .ARM.attributes
                0x0000068f       0x34 C:/ST/STM32CubeIDE_1.19.0/STM32CubeIDE/plugins/com.st.stm32cube.ide.mcu.externaltools.gnu-tools-for-stm32.13.3.rel1.win32_1.0.0.202411081344/tools/bin/../lib/gcc/arm-none-eabi/13.3.1/../../../../arm-none-eabi/lib/thumb/v7e-m+fp/hard\libc_nano.a(libc_a-malloc.o)
 .ARM.attributes
                0x000006c3       0x34 C:/ST/STM32CubeIDE_1.19.0/STM32CubeIDE/plugins/com.st.stm32cube.ide.mcu.externaltools.gnu-tools-for-stm32.13.3.rel1.win32_1.0.0.202411081344/tools/bin/../lib/gcc/arm-none-eabi/13.3.1/../../../../arm-none-eabi/lib/thumb/v7e-m+fp/hard\libc_nano.a(libc_a-mallocr.o)
 .ARM.attributes
                0x000006f7       0x34 C:/ST/STM32CubeIDE_1.19.0/STM32CubeIDE/plugins/com.st.stm32cube.ide.mcu.externaltools.gnu-tools-for-stm32.13.3.rel1.win32_1.0.0.202411081344/tools/bin/../lib/gcc/arm-none-eabi/13.3.1/../../../../arm-none-eabi/lib/thumb/v7e-m+fp/hard\libc_nano.a(libc_a-mlock.o)
 .ARM.attributes
                0x0000072b       0x34 C:/ST/STM32CubeIDE_1.19.0/STM32CubeIDE/plugins/com.st.stm32cube.ide.mcu.externaltools.gnu-tools-for-stm32.13.3.rel1.win32_1.0.0.202411081344/tools/bin/../lib/gcc/arm-none-eabi/13.3.1/../../../../arm-none-eabi/lib/thumb/v7e-m+fp/hard\libc_nano.a(libc_a-findfp.o)
 .ARM.attributes
                0x0000075f       0x34 C:/ST/STM32CubeIDE_1.19.0/STM32CubeIDE/plugins/com.st.stm32cube.ide.mcu.externaltools.gnu-tools-for-stm32.13.3.rel1.win32_1.0.0.202411081344/tools/bin/../lib/gcc/arm-none-eabi/13.3.1/../../../../arm-none-eabi/lib/thumb/v7e-m+fp/hard\libc_nano.a(libc_a-sprintf.o)
 .ARM.attributes
                0x00000793       0x34 C:/ST/STM32CubeIDE_1.19.0/STM32CubeIDE/plugins/com.st.stm32cube.ide.mcu.externaltools.gnu-tools-for-stm32.13.3.rel1.win32_1.0.0.202411081344/tools/bin/../lib/gcc/arm-none-eabi/13.3.1/../../../../arm-none-eabi/lib/thumb/v7e-m+fp/hard\libc_nano.a(libc_a-memset.o)
 .ARM.attributes
                0x000007c7       0x34 C:/ST/STM32CubeIDE_1.19.0/STM32CubeIDE/plugins/com.st.stm32cube.ide.mcu.externaltools.gnu-tools-for-stm32.13.3.rel1.win32_1.0.0.202411081344/tools/bin/../lib/gcc/arm-none-eabi/13.3.1/../../../../arm-none-eabi/lib/thumb/v7e-m+fp/hard\libc_nano.a(libc_a-reent.o)
 .ARM.attributes
                0x000007fb       0x34 C:/ST/STM32CubeIDE_1.19.0/STM32CubeIDE/plugins/com.st.stm32cube.ide.mcu.externaltools.gnu-tools-for-stm32.13.3.rel1.win32_1.0.0.202411081344/tools/bin/../lib/gcc/arm-none-eabi/13.3.1/../../../../arm-none-eabi/lib/thumb/v7e-m+fp/hard\libc_nano.a(libc_a-impure.o)
 .ARM.attributes
                0x0000082f       0x34 C:/ST/STM32CubeIDE_1.19.0/STM32CubeIDE/plugins/com.st.stm32cube.ide.mcu.externaltools.gnu-tools-for-stm32.13.3.rel1.win32_1.0.0.202411081344/tools/bin/../lib/gcc/arm-none-eabi/13.3.1/../../../../arm-none-eabi/lib/thumb/v7e-m+fp/hard\libc_nano.a(libc_a-sbrkr.o)
 .ARM.attributes
                0x00000863       0x34 C:/ST/STM32CubeIDE_1.19.0/STM32CubeIDE/plugins/com.st.stm32cube.ide.mcu.externaltools.gnu-tools-for-stm32.13.3.rel1.win32_1.0.0.202411081344/tools/bin/../lib/gcc/arm-none-eabi/13.3.1/../../../../arm-none-eabi/lib/thumb/v7e-m+fp/hard\libc_nano.a(libc_a-errno.o)
 .ARM.attributes
                0x00000897       0x34 C:/ST/STM32CubeIDE_1.19.0/STM32CubeIDE/plugins/com.st.stm32cube.ide.mcu.externaltools.gnu-tools-for-stm32.13.3.rel1.win32_1.0.0.202411081344/tools/bin/../lib/gcc/arm-none-eabi/13.3.1/../../../../arm-none-eabi/lib/thumb/v7e-m+fp/hard\libc_nano.a(libc_a-init.o)
 .ARM.attributes
                0x000008cb       0x34 C:/ST/STM32CubeIDE_1.19.0/STM32CubeIDE/plugins/com.st.stm32cube.ide.mcu.externaltools.gnu-tools-for-stm32.13.3.rel1.win32_1.0.0.202411081344/tools/bin/../lib/gcc/arm-none-eabi/13.3.1/../../../../arm-none-eabi/lib/thumb/v7e-m+fp/hard\libc_nano.a(libc_a-lock.o)
 .ARM.attributes
                0x000008ff       0x34 C:/ST/STM32CubeIDE_1.19.0/STM32CubeIDE/plugins/com.st.stm32cube.ide.mcu.externaltools.gnu-tools-for-stm32.13.3.rel1.win32_1.0.0.202411081344/tools/bin/../lib/gcc/arm-none-eabi/13.3.1/../../../../arm-none-eabi/lib/thumb/v7e-m+fp/hard\libc_nano.a(libc_a-freer.o)
 .ARM.attributes
                0x00000933       0x34 C:/ST/STM32CubeIDE_1.19.0/STM32CubeIDE/plugins/com.st.stm32cube.ide.mcu.externaltools.gnu-tools-for-stm32.13.3.rel1.win32_1.0.0.202411081344/tools/bin/../lib/gcc/arm-none-eabi/13.3.1/../../../../arm-none-eabi/lib/thumb/v7e-m+fp/hard\libc_nano.a(libc_a-nano-svfprintf.o)
 .ARM.attributes
                0x00000967       0x34 C:/ST/STM32CubeIDE_1.19.0/STM32CubeIDE/plugins/com.st.stm32cube.ide.mcu.externaltools.gnu-tools-for-stm32.13.3.rel1.win32_1.0.0.202411081344/tools/bin/../lib/gcc/arm-none-eabi/13.3.1/../../../../arm-none-eabi/lib/thumb/v7e-m+fp/hard\libc_nano.a(libc_a-nano-vfprintf_i.o)
 .ARM.attributes
                0x0000099b       0x34 C:/ST/STM32CubeIDE_1.19.0/STM32CubeIDE/plugins/com.st.stm32cube.ide.mcu.externaltools.gnu-tools-for-stm32.13.3.rel1.win32_1.0.0.202411081344/tools/bin/../lib/gcc/arm-none-eabi/13.3.1/../../../../arm-none-eabi/lib/thumb/v7e-m+fp/hard\libc_nano.a(libc_a-memmove.o)
 .ARM.attributes
                0x000009cf       0x1c C:/ST/STM32CubeIDE_1.19.0/STM32CubeIDE/plugins/com.st.stm32cube.ide.mcu.externaltools.gnu-tools-for-stm32.13.3.rel1.win32_1.0.0.202411081344/tools/bin/../lib/gcc/arm-none-eabi/13.3.1/../../../../arm-none-eabi/lib/thumb/v7e-m+fp/hard\libc_nano.a(libc_a-memchr.o)
 .ARM.attributes
                0x000009eb       0x34 C:/ST/STM32CubeIDE_1.19.0/STM32CubeIDE/plugins/com.st.stm32cube.ide.mcu.externaltools.gnu-tools-for-stm32.13.3.rel1.win32_1.0.0.202411081344/tools/bin/../lib/gcc/arm-none-eabi/13.3.1/../../../../arm-none-eabi/lib/thumb/v7e-m+fp/hard\libc_nano.a(libc_a-memcpy-stub.o)
 .ARM.attributes
                0x00000a1f       0x34 C:/ST/STM32CubeIDE_1.19.0/STM32CubeIDE/plugins/com.st.stm32cube.ide.mcu.externaltools.gnu-tools-for-stm32.13.3.rel1.win32_1.0.0.202411081344/tools/bin/../lib/gcc/arm-none-eabi/13.3.1/../../../../arm-none-eabi/lib/thumb/v7e-m+fp/hard\libc_nano.a(libc_a-reallocr.o)
 .ARM.attributes
                0x00000a53       0x34 C:/ST/STM32CubeIDE_1.19.0/STM32CubeIDE/plugins/com.st.stm32cube.ide.mcu.externaltools.gnu-tools-for-stm32.13.3.rel1.win32_1.0.0.202411081344/tools/bin/../lib/gcc/arm-none-eabi/13.3.1/../../../../arm-none-eabi/lib/thumb/v7e-m+fp/hard\libc_nano.a(libc_a-msizer.o)
 .ARM.attributes
                0x00000a87       0x22 C:/ST/STM32CubeIDE_1.19.0/STM32CubeIDE/plugins/com.st.stm32cube.ide.mcu.externaltools.gnu-tools-for-stm32.13.3.rel1.win32_1.0.0.202411081344/tools/bin/../lib/gcc/arm-none-eabi/13.3.1/thumb/v7e-m+fp/hard/crtn.o
OUTPUT(Stm32f401_ZXSpectrum_60Hz_double_Buff_60hz_256X240.elf elf32-littlearm)
LOAD linker stubs
LOAD C:/ST/STM32CubeIDE_1.19.0/STM32CubeIDE/plugins/com.st.stm32cube.ide.mcu.externaltools.gnu-tools-for-stm32.13.3.rel1.win32_1.0.0.202411081344/tools/bin/../lib/gcc/arm-none-eabi/13.3.1/../../../../arm-none-eabi/lib/thumb/v7e-m+fp/hard\libc.a
LOAD C:/ST/STM32CubeIDE_1.19.0/STM32CubeIDE/plugins/com.st.stm32cube.ide.mcu.externaltools.gnu-tools-for-stm32.13.3.rel1.win32_1.0.0.202411081344/tools/bin/../lib/gcc/arm-none-eabi/13.3.1/../../../../arm-none-eabi/lib/thumb/v7e-m+fp/hard\libm.a
LOAD C:/ST/STM32CubeIDE_1.19.0/STM32CubeIDE/plugins/com.st.stm32cube.ide.mcu.externaltools.gnu-tools-for-stm32.13.3.rel1.win32_1.0.0.202411081344/tools/bin/../lib/gcc/arm-none-eabi/13.3.1/thumb/v7e-m+fp/hard\libgcc.a

.debug_info     0x00000000    0x15e5e
 .debug_info    0x00000000     0x2234 ./Core/Src/main.o
 .debug_info    0x00002234      0x404 ./Core/Src/spectrum_core.o
 .debug_info    0x00002638       0xc1 ./Core/Src/spectrum_rom.o
 .debug_info    0x000026f9      0x348 ./Core/Src/stm32f4xx_hal_msp.o
 .debug_info    0x00002a41      0x73a ./Core/Src/stm32f4xx_it.o
 .debug_info    0x0000317b      0x168 ./Core/Src/sysmem.o
 .debug_info    0x000032e3      0x53e ./Core/Src/system_stm32f4xx.o
 .debug_info    0x00003821      0x701 ./Core/Src/vga.o
 .debug_info    0x00003f22      0xdf4 ./Core/Src/video.o
 .debug_info    0x00004d16      0x7fa ./Core/Src/z80.o
 .debug_info    0x00005510       0x30 ./Core/Startup/startup_stm32f401ccux.o
 .debug_info    0x00005540      0x8bb ./Drivers/STM32F4xx_HAL_Driver/Src/stm32f4xx_hal.o
 .debug_info    0x00005dfb      0xcf6 ./Drivers/STM32F4xx_HAL_Driver/Src/stm32f4xx_hal_cortex.o
 .debug_info    0x00006af1      0x6f9 ./Drivers/STM32F4xx_HAL_Driver/Src/stm32f4xx_hal_gpio.o
 .debug_info    0x000071ea     0x114c ./Drivers/STM32F4xx_HAL_Driver/Src/stm32f4xx_hal_hcd.o
 .debug_info    0x00008336      0x951 ./Drivers/STM32F4xx_HAL_Driver/Src/stm32f4xx_ll_gpio.o
 .debug_info    0x00008c87      0x7b6 ./Drivers/STM32F4xx_HAL_Driver/Src/stm32f4xx_ll_spi.o
 .debug_info    0x0000943d      0xf73 ./Drivers/STM32F4xx_HAL_Driver/Src/stm32f4xx_ll_tim.o
 .debug_info    0x0000a3b0     0x1993 ./Drivers/STM32F4xx_HAL_Driver/Src/stm32f4xx_ll_usb.o
 .debug_info    0x0000bd43      0x92c ./Drivers/STM32F4xx_HAL_Driver/Src/stm32f4xx_ll_utils.o
 .debug_info    0x0000c66f     0x145c ./Middlewares/ST/STM32_USB_Host_Library/Class/HID/Src/usbh_hid.o
 .debug_info    0x0000dacb     0x1004 ./Middlewares/ST/STM32_USB_Host_Library/Class/HID/Src/usbh_hid_keybd.o
 .debug_info    0x0000eacf      0xe62 ./Middlewares/ST/STM32_USB_Host_Library/Class/HID/Src/usbh_hid_mouse.o
 .debug_info    0x0000f931      0x2ff ./Middlewares/ST/STM32_USB_Host_Library/Class/HID/Src/usbh_hid_parser.o
 .debug_info    0x0000fc30     0x104a ./Middlewares/ST/STM32_USB_Host_Library/Core/Src/usbh_core.o
 .debug_info    0x00010c7a     0x104e ./Middlewares/ST/STM32_USB_Host_Library/Core/Src/usbh_ctlreq.o
 .debug_info    0x00011cc8      0xcc3 ./Middlewares/ST/STM32_USB_Host_Library/Core/Src/usbh_ioreq.o
 .debug_info    0x0001298b      0xb2c ./Middlewares/ST/STM32_USB_Host_Library/Core/Src/usbh_pipes.o
 .debug_info    0x000134b7      0xaa8 ./USB_HOST/App/usb_host.o
 .debug_info    0x00013f5f     0x1d27 ./USB_HOST/Target/usbh_conf.o
 .debug_info    0x00015c86      0x1d8 ./USB_HOST/Target/usbh_platform.o

.debug_abbrev   0x00000000     0x44b6
 .debug_abbrev  0x00000000      0x428 ./Core/Src/main.o
 .debug_abbrev  0x00000428      0x214 ./Core/Src/spectrum_core.o
 .debug_abbrev  0x0000063c       0x76 ./Core/Src/spectrum_rom.o
 .debug_abbrev  0x000006b2       0xdd ./Core/Src/stm32f4xx_hal_msp.o
 .debug_abbrev  0x0000078f      0x1bd ./Core/Src/stm32f4xx_it.o
 .debug_abbrev  0x0000094c       0xbc ./Core/Src/sysmem.o
 .debug_abbrev  0x00000a08      0x11a ./Core/Src/system_stm32f4xx.o
 .debug_abbrev  0x00000b22      0x257 ./Core/Src/vga.o
 .debug_abbrev  0x00000d79      0x338 ./Core/Src/video.o
 .debug_abbrev  0x000010b1      0x251 ./Core/Src/z80.o
 .debug_abbrev  0x00001302       0x24 ./Core/Startup/startup_stm32f401ccux.o
 .debug_abbrev  0x00001326      0x24b ./Drivers/STM32F4xx_HAL_Driver/Src/stm32f4xx_hal.o
 .debug_abbrev  0x00001571      0x31d ./Drivers/STM32F4xx_HAL_Driver/Src/stm32f4xx_hal_cortex.o
 .debug_abbrev  0x0000188e      0x1d3 ./Drivers/STM32F4xx_HAL_Driver/Src/stm32f4xx_hal_gpio.o
 .debug_abbrev  0x00001a61      0x296 ./Drivers/STM32F4xx_HAL_Driver/Src/stm32f4xx_hal_hcd.o
 .debug_abbrev  0x00001cf7      0x236 ./Drivers/STM32F4xx_HAL_Driver/Src/stm32f4xx_ll_gpio.o
 .debug_abbrev  0x00001f2d      0x217 ./Drivers/STM32F4xx_HAL_Driver/Src/stm32f4xx_ll_spi.o
 .debug_abbrev  0x00002144      0x20f ./Drivers/STM32F4xx_HAL_Driver/Src/stm32f4xx_ll_tim.o
 .debug_abbrev  0x00002353      0x2b3 ./Drivers/STM32F4xx_HAL_Driver/Src/stm32f4xx_ll_usb.o
 .debug_abbrev  0x00002606      0x232 ./Drivers/STM32F4xx_HAL_Driver/Src/stm32f4xx_ll_utils.o
 .debug_abbrev  0x00002838      0x37d ./Middlewares/ST/STM32_USB_Host_Library/Class/HID/Src/usbh_hid.o
 .debug_abbrev  0x00002bb5      0x2e1 ./Middlewares/ST/STM32_USB_Host_Library/Class/HID/Src/usbh_hid_keybd.o
 .debug_abbrev  0x00002e96      0x2b3 ./Middlewares/ST/STM32_USB_Host_Library/Class/HID/Src/usbh_hid_mouse.o
 .debug_abbrev  0x00003149      0x106 ./Middlewares/ST/STM32_USB_Host_Library/Class/HID/Src/usbh_hid_parser.o
 .debug_abbrev  0x0000324f      0x33c ./Middlewares/ST/STM32_USB_Host_Library/Core/Src/usbh_core.o
 .debug_abbrev  0x0000358b      0x2fe ./Middlewares/ST/STM32_USB_Host_Library/Core/Src/usbh_ctlreq.o
 .debug_abbrev  0x00003889      0x257 ./Middlewares/ST/STM32_USB_Host_Library/Core/Src/usbh_ioreq.o
 .debug_abbrev  0x00003ae0      0x281 ./Middlewares/ST/STM32_USB_Host_Library/Core/Src/usbh_pipes.o
 .debug_abbrev  0x00003d61      0x280 ./USB_HOST/App/usb_host.o
 .debug_abbrev  0x00003fe1      0x3c1 ./USB_HOST/Target/usbh_conf.o
 .debug_abbrev  0x000043a2      0x114 ./USB_HOST/Target/usbh_platform.o

.debug_aranges  0x00000000     0x11e8
 .debug_aranges