Archive member included to satisfy reference by file (symbol)

C:/ST/STM32CubeIDE_1.19.0/STM32CubeIDE/plugins/com.st.stm32cube.ide.mcu.externaltools.gnu-tools-for-stm32.13.3.rel1.win32_1.0.0.202411081344/tools/bin/../lib/gcc/arm-none-eabi/13.3.1/../../../../arm-none-eabi/lib/thumb/v7e-m+fp/hard\libc_nano.a(libc_a-exit.o)
                              C:/ST/STM32CubeIDE_1.19.0/STM32CubeIDE/plugins/com.st.stm32cube.ide.mcu.externaltools.gnu-tools-for-stm32.13.3.rel1.win32_1.0.0.202411081344/tools/bin/../lib/gcc/arm-none-eabi/13.3.1/../../../../arm-none-eabi/lib/thumb/v7e-m+fp/hard/crt0.o (exit)
C:/ST/STM32CubeIDE_1.19.0/STM32CubeIDE/plugins/com.st.stm32cube.ide.mcu.externaltools.gnu-tools-for-stm32.13.3.rel1.win32_1.0.0.202411081344/tools/bin/../lib/gcc/arm-none-eabi/13.3.1/../../../../arm-none-eabi/lib/thumb/v7e-m+fp/hard\libc_nano.a(libc_a-malloc.o)
                              ./Middlewares/ST/STM32_USB_Host_Library/Class/HID/Src/usbh_hid.o (malloc)
C:/ST/STM32CubeIDE_1.19.0/STM32CubeIDE/plugins/com.st.stm32cube.ide.mcu.externaltools.gnu-tools-for-stm32.13.3.rel1.win32_1.0.0.202411081344/tools/bin/../lib/gcc/arm-none-eabi/13.3.1/../../../../arm-none-eabi/lib/thumb/v7e-m+fp/hard\libc_nano.a(libc_a-mallocr.o)
                              C:/ST/STM32CubeIDE_1.19.0/STM32CubeIDE/plugins/com.st.stm32cube.ide.mcu.externaltools.gnu-tools-for-stm32.13.3.rel1.win32_1.0.0.202411081344/tools/bin/../lib/gcc/arm-none-eabi/13.3.1/../../../../arm-none-eabi/lib/thumb/v7e-m+fp/hard\libc_nano.a(libc_a-malloc.o) (_malloc_r)
C:/ST/STM32CubeIDE_1.19.0/STM32CubeIDE/plugins/com.st.stm32cube.ide.mcu.externaltools.gnu-tools-for-stm32.13.3.rel1.win32_1.0.0.202411081344/tools/bin/../lib/gcc/arm-none-eabi/13.3.1/../../../../arm-none-eabi/lib/thumb/v7e-m+fp/hard\libc_nano.a(libc_a-mlock.o)
                              C:/ST/STM32CubeIDE_1.19.0/STM32CubeIDE/plugins/com.st.stm32cube.ide.mcu.externaltools.gnu-tools-for-stm32.13.3.rel1.win32_1.0.0.202411081344/tools/bin/../lib/gcc/arm-none-eabi/13.3.1/../../../../arm-none-eabi/lib/thumb/v7e-m+fp/hard\libc_nano.a(libc_a-mallocr.o) (__malloc_lock)
C:/ST/STM32CubeIDE_1.19.0/STM32CubeIDE/plugins/com.st.stm32cube.ide.mcu.externaltools.gnu-tools-for-stm32.13.3.rel1.win32_1.0.0.202411081344/tools/bin/../lib/gcc/arm-none-eabi/13.3.1/../../../../arm-none-eabi/lib/thumb/v7e-m+fp/hard\libc_nano.a(libc_a-findfp.o)
                              C:/ST/STM32CubeIDE_1.19.0/STM32CubeIDE/plugins/com.st.stm32cube.ide.mcu.externaltools.gnu-tools-for-stm32.13.3.rel1.win32_1.0.0.202411081344/tools/bin/../lib/gcc/arm-none-eabi/13.3.1/../../../../arm-none-eabi/lib/thumb/v7e-m+fp/hard\libc_nano.a(libc_a-exit.o) (__stdio_exit_handler)
C:/ST/STM32CubeIDE_1.19.0/STM32CubeIDE/plugins/com.st.stm32cube.ide.mcu.externaltools.gnu-tools-for-stm32.13.3.rel1.win32_1.0.0.202411081344/tools/bin/../lib/gcc/arm-none-eabi/13.3.1/../../../../arm-none-eabi/lib/thumb/v7e-m+fp/hard\libc_nano.a(libc_a-fwalk.o)
                              C:/ST/STM32CubeIDE_1.19.0/STM32CubeIDE/plugins/com.st.stm32cube.ide.mcu.externaltools.gnu-tools-for-stm32.13.3.rel1.win32_1.0.0.202411081344/tools/bin/../lib/gcc/arm-none-eabi/13.3.1/../../../../arm-none-eabi/lib/thumb/v7e-m+fp/hard\libc_nano.a(libc_a-findfp.o) (_fwalk_sglue)
C:/ST/STM32CubeIDE_1.19.0/STM32CubeIDE/plugins/com.st.stm32cube.ide.mcu.externaltools.gnu-tools-for-stm32.13.3.rel1.win32_1.0.0.202411081344/tools/bin/../lib/gcc/arm-none-eabi/13.3.1/../../../../arm-none-eabi/lib/thumb/v7e-m+fp/hard\libc_nano.a(libc_a-sprintf.o)
                              ./Core/Src/video.o (sprintf)
C:/ST/STM32CubeIDE_1.19.0/STM32CubeIDE/plugins/com.st.stm32cube.ide.mcu.externaltools.gnu-tools-for-stm32.13.3.rel1.win32_1.0.0.202411081344/tools/bin/../lib/gcc/arm-none-eabi/13.3.1/../../../../arm-none-eabi/lib/thumb/v7e-m+fp/hard\libc_nano.a(libc_a-stdio.o)
                              C:/ST/STM32CubeIDE_1.19.0/STM32CubeIDE/plugins/com.st.stm32cube.ide.mcu.externaltools.gnu-tools-for-stm32.13.3.rel1.win32_1.0.0.202411081344/tools/bin/../lib/gcc/arm-none-eabi/13.3.1/../../../../arm-none-eabi/lib/thumb/v7e-m+fp/hard\libc_nano.a(libc_a-findfp.o) (__sread)
C:/ST/STM32CubeIDE_1.19.0/STM32CubeIDE/plugins/com.st.stm32cube.ide.mcu.externaltools.gnu-tools-for-stm32.13.3.rel1.win32_1.0.0.202411081344/tools/bin/../lib/gcc/arm-none-eabi/13.3.1/../../../../arm-none-eabi/lib/thumb/v7e-m+fp/hard\libc_nano.a(libc_a-memset.o)
                              C:/ST/STM32CubeIDE_1.19.0/STM32CubeIDE/plugins/com.st.stm32cube.ide.mcu.externaltools.gnu-tools-for-stm32.13.3.rel1.win32_1.0.0.202411081344/tools/bin/../lib/gcc/arm-none-eabi/13.3.1/../../../../arm-none-eabi/lib/thumb/v7e-m+fp/hard/crt0.o (memset)
C:/ST/STM32CubeIDE_1.19.0/STM32CubeIDE/plugins/com.st.stm32cube.ide.mcu.externaltools.gnu-tools-for-stm32.13.3.rel1.win32_1.0.0.202411081344/tools/bin/../lib/gcc/arm-none-eabi/13.3.1/../../../../arm-none-eabi/lib/thumb/v7e-m+fp/hard\libc_nano.a(libc_a-closer.o)
[...]
Memory Configuration

Name             Origin             Length             Attributes
RAM              0x20000000         0x00010000         xrw
FLASH            0x08000000         0x00040000         xr
*default*        0x00000000         0xffffffff

Linker script and memory map

LOAD C:/ST/STM32CubeIDE_1.19.0/STM32CubeIDE/plugins/com.st.stm32cube.ide.mcu.externaltools.gnu-tools-for-stm32.13.3.rel1.win32_1.0.0.202411081344/tools/bin/../lib/gcc/arm-none-eabi/13.3.1/thumb/v7e-m+fp/hard/crti.o
LOAD C:/ST/STM32CubeIDE_1.19.0/STM32CubeIDE/plugins/com.st.stm32cube.ide.mcu.externaltools.gnu-tools-for-stm32.13.3.rel1.win32_1.0.0.202411081344/tools/bin/../lib/gcc/arm-none-eabi/13.3.1/thumb/v7e-m+fp/hard/crtbegin.o
LOAD C:/ST/STM32CubeIDE_1.19.0/STM32CubeIDE/plugins/com.st.stm32cube.ide.mcu.externaltools.gnu-tools-for-stm32.13.3.rel1.win32_1.0.0.202411081344/tools/bin/../lib/gcc/arm-none-eabi/13.3.1/../../../../arm-none-eabi/lib/thumb/v7e-m+fp/hard/crt0.o
LOAD ./Core/Src/main.o
LOAD ./Core/Src/spectrum.o
LOAD ./Core/Src/spectrum_core.o
LOAD ./Core/Src/spectrum_rom.o
LOAD ./Core/Src/stm32f4xx_hal_msp.o
LOAD ./Core/Src/stm32f4xx_it.o
LOAD ./Core/Src/syscalls.o
LOAD ./Core/Src/sysmem.o
LOAD ./Core/Src/system_stm32f4xx.o
LOAD ./Core/Src/vga.o
LOAD ./Core/Src/video.o
LOAD ./Core/Src/z80.o
LOAD ./Core/Startup/startup_stm32f401ccux.o
LOAD ./Drivers/STM32F4xx_HAL_Driver/Src/stm32f4xx_hal.o
LOAD ./Drivers/STM32F4xx_HAL_Driver/Src/stm32f4xx_hal_cortex.o
LOAD ./Drivers/STM32F4xx_HAL_Driver/Src/stm32f4xx_hal_dma.o
LOAD ./Drivers/STM32F4xx_HAL_Driver/Src/stm32f4xx_hal_dma_ex.o
LOAD ./Drivers/STM32F4xx_HAL_Driver/Src/stm32f4xx_hal_exti.o
LOAD ./Drivers/STM32F4xx_HAL_Driver/Src/stm32f4xx_hal_flash.o
LOAD ./Drivers/STM32F4xx_HAL_Driver/Src/stm32f4xx_hal_flash_ex.o
LOAD ./Drivers/STM32F4xx_HAL_Driver/Src/stm32f4xx_hal_flash_ramfunc.o
LOAD ./Drivers/STM32F4xx_HAL_Driver/Src/stm32f4xx_hal_gpio.o
LOAD ./Drivers/STM32F4xx_HAL_Driver/Src/stm32f4xx_hal_hcd.o
LOAD ./Drivers/STM32F4xx_HAL_Driver/Src/stm32f4xx_hal_pwr.o
LOAD ./Drivers/STM32F4xx_HAL_Driver/Src/stm32f4xx_hal_pwr_ex.o
LOAD ./Drivers/STM32F4xx_HAL_Driver/Src/stm32f4xx_hal_rcc.o
LOAD ./Drivers/STM32F4xx_HAL_Driver/Src/stm32f4xx_hal_rcc_ex.o
LOAD ./Drivers/STM32F4xx_HAL_Driver/Src/stm32f4xx_ll_dma.o
LOAD ./Drivers/STM32F4xx_HAL_Driver/Src/stm32f4xx_ll_exti.o
LOAD ./Drivers/STM32F4xx_HAL_Driver/Src/stm32f4xx_ll_gpio.o
LOAD ./Drivers/STM32F4xx_HAL_Driver/Src/stm32f4xx_ll_rcc.o
LOAD ./Drivers/STM32F4xx_HAL_Driver/Src/stm32f4xx_ll_spi.o
LOAD ./Drivers/STM32F4xx_HAL_Driver/Src/stm32f4xx_ll_tim.o
LOAD ./Drivers/STM32F4xx_HAL_Driver/Src/stm32f4xx_ll_usb.o
LOAD ./Drivers/STM32F4xx_HAL_Driver/Src/stm32f4xx_ll_utils.o
LOAD ./Middlewares/ST/STM32_USB_Host_Library/Class/HID/Src/usbh_hid.o
LOAD ./Middlewares/ST/STM32_USB_Host_Library/Class/HID/Src/usbh_hid_keybd.o
LOAD ./Middlewares/ST/STM32_USB_Host_Library/Class/HID/Src/usbh_hid_mouse.o
LOAD ./Middlewares/ST/STM32_USB_Host_Library/Class/HID/Src/usbh_hid_parser.o
LOAD ./Middlewares/ST/STM32_USB_Host_Library/Core/Src/usbh_core.o
LOAD ./Middlewares/ST/STM32_USB_Host_Library/Core/Src/usbh_ctlreq.o
LOAD ./Middlewares/ST/STM32_USB_Host_Library/Core/Src/usbh_ioreq.o
LOAD ./Middlewares/ST/STM32_USB_Host_Library/Core/Src/usbh_pipes.o
LOAD ./USB_HOST/App/usb_host.o
LOAD ./USB_HOST/Target/usbh_conf.o
LOAD ./USB_HOST/Target/usbh_platform.o
START GROUP
LOAD C:/ST/STM32CubeIDE_1.19.0/STM32CubeIDE/plugins/com.st.stm32cube.ide.mcu.externaltools.gnu-tools-for-stm32.13.3.rel1.win32_1.0.0.202411081344/tools/bin/../lib/gcc/arm-none-eabi/13.3.1/../../../../arm-none-eabi/lib/thumb/v7e-m+fp/hard\libc_nano.a
LOAD C:/ST/STM32CubeIDE_1.19.0/STM32CubeIDE/plugins/com.st.stm32cube.ide.mcu.externaltools.gnu-tools-for-stm32.13.3.rel1.win32_1.0.0.202411081344/tools/bin/../lib/gcc/arm-none-eabi/13.3.1/../../../../arm-none-eabi/lib/thumb/v7e-m+fp/hard\libm.a
END GROUP
START GROUP
LOAD C:/ST/STM32CubeIDE_1.19.0/STM32CubeIDE/plugins/com.st.stm32cube.ide.mcu.externaltools.gnu-tools-for-stm32.13.3.rel1.win32_1.0.0.202411081344/tools/bin/../lib/gcc/arm-none-eabi/13.3.1/thumb/v7e-m+fp/hard\libgcc.a
LOAD C:/ST/STM32CubeIDE_1.19.0/STM32CubeIDE/plugins/com.st.stm32cube.ide.mcu.externaltools.gnu-tools-for-stm32.13.3.rel1.win32_1.0.0.202411081344/tools/bin/../lib/gcc/arm-none-eabi/13.3.1/../../../../arm-none-eabi/lib/thumb/v7e-m+fp/hard\libc_nano.a
END GROUP
START GROUP
LOAD C:/ST/STM32CubeIDE_1.19.0/STM32CubeIDE/plugins/com.st.stm32cube.ide.mcu.externaltools.gnu-tools-for-stm32.13.3.rel1.win32_1.0.0.202411081344/tools/bin/../lib/gcc/arm-none-eabi/13.3.1/thumb/v7e-m+fp/hard\libgcc.a
LOAD C:/ST/STM32CubeIDE_1.19.0/STM32CubeIDE/plugins/com.st.stm32cube.ide.mcu.externaltools.gnu-tools-for-stm32.13.3.rel1.win32_1.0.0.202411081344/tools/bin/../lib/gcc/arm-none-eabi/13.3.1/../../../../arm-none-eabi/lib/thumb/v7e-m+fp/hard\libc_nano.a
LOAD C:/ST/STM32CubeIDE_1.19.0/STM32CubeIDE/plugins/com.st.stm32cube.ide.mcu.externaltools.gnu-tools-for-stm32.13.3.rel1.win32_1.0.0.202411081344/tools/bin/../lib/gcc/arm-none-eabi/13.3.1/../../../../arm-none-eabi/lib/thumb/v7e-m+fp/hard\libnosys.a
END GROUP
START GROUP
LOAD C:/ST/STM32CubeIDE_1.19.0/STM32CubeIDE/plugins/com.st.stm32cube.ide.mcu.externaltools.gnu-tools-for-stm32.13.3.rel1.win32_1.0.0.202411081344/tools/bin/../lib/gcc/arm-none-eabi/13.3.1/thumb/v7e-m+fp/hard\libgcc.a
LOAD C:/ST/STM32CubeIDE_1.19.0/STM32CubeIDE/plugins/com.st.stm32cube.ide.mcu.externaltools.gnu-tools-for-stm32.13.3.rel1.win32_1.0.0.202411081344/tools/bin/../lib/gcc/arm-none-eabi/13.3.1/../../../../arm-none-eabi/lib/thumb/v7e-m+fp/hard\libc_nano.a
LOAD C:/ST/STM32CubeIDE_1.19.0/STM32CubeIDE/plugins/com.st.stm32cube.ide.mcu.externaltools.gnu-tools-for-stm32.13.3.rel1.win32_1.0.0.202411081344/tools/bin/../lib/gcc/arm-none-eabi/13.3.1/../../../../arm-none-eabi/lib/thumb/v7e-m+fp/hard\libnosys.a
END GROUP
LOAD C:/ST/STM32CubeIDE_1.19.0/STM32CubeIDE/plugins/com.st.stm32cube.ide.mcu.externaltools.gnu-tools-for-stm32.13.3.rel1.win32_1.0.0.202411081344/tools/bin/../lib/gcc/arm-none-eabi/13.3.1/thumb/v7e-m+fp/hard/crtend.o
LOAD C:/ST/STM32CubeIDE_1.19.0/STM32CubeIDE/plugins/com.st.stm32cube.ide.mcu.externaltools.gnu-tools-for-stm32.13.3.rel1.win32_1.0.0.202411081344/tools/bin/../lib/gcc/arm-none-eabi/13.3.1/thumb/v7e-m+fp/hard/crtn.o
                0x20010000                        _estack = (ORIGIN (RAM) + LENGTH (RAM))
                0x00000200                        _Min_Heap_Size = 0x200
                0x00000400                        _Min_Stack_Size = 0x400

.isr_vector     0x08000000      0x194
                0x08000000                        . = ALIGN (0x4)
 *(.isr_vector)
 .isr_vector    0x08000000      0x194 ./Core/Startup/startup_stm32f401ccux.o
                0x08000000                g_pfnVectors
                0x08000194                        . = ALIGN (0x4)

.text           0x08000194     0x8924
                0x08000194                        . = ALIGN (0x4)
 *(.text)
 .text          0x08000194       0x40 C:/ST/STM32CubeIDE_1.19.0/STM32CubeIDE/plugins/com.st.stm32cube.ide.mcu.externaltools.gnu-tools-for-stm32.13.3.rel1.win32_1.0.0.202411081344/tools/bin/../lib/gcc/arm-none-eabi/13.3.1/thumb/v7e-m+fp/hard/crtbegin.o
 *(.text*)
 .text.LL_DMA_SetDataTransferDirection
                0x080001d4       0x48 ./Core/Src/main.o
 .text.LL_DMA_SetMode
                0x0800021c       0x48 ./Core/Src/main.o
 .text.LL_DMA_SetPeriphIncMode
                0x08000264       0x48 ./Core/Src/main.o
 .text.LL_DMA_SetMemoryIncMode
                0x080002ac       0x48 ./Core/Src/main.o
 .text.LL_DMA_SetPeriphSize
                0x080002f4       0x48 ./Core/Src/main.o
 .text.LL_DMA_SetMemorySize
                0x0800033c       0x48 ./Core/Src/main.o
 .text.LL_DMA_SetStreamPriorityLevel
                0x08000384       0x48 ./Core/Src/main.o
 .text.LL_DMA_SetChannelSelection
                0x080003cc       0x48 ./Core/Src/main.o
 .text.LL_DMA_DisableFifoMode
                0x08000414       0x40 ./Core/Src/main.o
 .text.LL_RCC_HSE_Enable
                0x08000454       0x20 ./Core/Src/main.o
 .text.LL_RCC_HSE_IsReady
                0x08000474       0x28 ./Core/Src/main.o
 .text.LL_RCC_SetSysClkSource
                0x0800049c       0x28 ./Core/Src/main.o
 .text.LL_RCC_GetSysClkSource
                0x080004c4       0x1c ./Core/Src/main.o
 .text.LL_RCC_SetAHBPrescaler
                0x080004e0       0x28 ./Core/Src/main.o
 .text.LL_RCC_SetAPB1Prescaler
                0x08000508       0x28 ./Core/Src/main.o
 .text.LL_RCC_SetAPB2Prescaler
                0x08000530       0x28 ./Core/Src/main.o
 .text.LL_RCC_SetTIMPrescaler
                0x08000558       0x2c ./Core/Src/main.o
 .text.LL_RCC_PLL_Enable
                0x08000584       0x20 ./Core/Src/main.o
 .text.LL_RCC_PLL_IsReady
                0x080005a4       0x28 ./Core/Src/main.o
 .text.LL_RCC_PLL_ConfigDomain_SYS
                0x080005cc       0x4c ./Core/Src/main.o
 .text.LL_RCC_PLL_ConfigDomain_48M
                0x08000618       0x40 ./Core/Src/main.o
 .text.LL_AHB1_GRP1_EnableClock
                0x08000658       0x30 ./Core/Src/main.o
 .text.LL_APB1_GRP1_EnableClock
                0x08000688       0x30 ./Core/Src/main.o
 .text.LL_APB2_GRP1_EnableClock
                0x080006b8       0x30 ./Core/Src/main.o
 .text.LL_FLASH_SetLatency
                0x080006e8       0x28 ./Core/Src/main.o
 .text.LL_FLASH_GetLatency
                0x08000710       0x1c ./Core/Src/main.o
 .text.LL_PWR_SetRegulVoltageScaling
                0x0800072c       0x28 ./Core/Src/main.o
 .text.LL_PWR_IsActiveFlag_VOS
                0x08000754       0x28 ./Core/Src/main.o
 .text.LL_SPI_Enable
                0x0800077c       0x20 ./Core/Src/main.o
 .text.LL_SPI_SetStandard
                0x0800079c       0x26 ./Core/Src/main.o
 .text.LL_TIM_EnableCounter
                0x080007c2       0x20 ./Core/Src/main.o
 .text.LL_TIM_SetOnePulseMode
                0x080007e2       0x26 ./Core/Src/main.o
 .text.LL_TIM_DisableARRPreload
                0x08000808       0x20 ./Core/Src/main.o
 .text.LL_TIM_CC_EnableChannel
                0x08000828       0x22 ./Core/Src/main.o
 *fill*         0x0800084a        0x2 
 .text.LL_TIM_OC_DisableFast
                0x0800084c       0x8c ./Core/Src/main.o
 .text.LL_TIM_OC_EnablePreload
                0x080008d8       0x88 ./Core/Src/main.o
 .text.LL_TIM_IC_SetFilter
                0x08000960       0x9c ./Core/Src/main.o
 .text.LL_TIM_IC_SetPolarity
                0x080009fc       0x88 ./Core/Src/main.o
 .text.LL_TIM_SetClockSource
                0x08000a84       0x2a ./Core/Src/main.o
 .text.LL_TIM_SetTriggerOutput
                0x08000aae       0x26 ./Core/Src/main.o
 .text.LL_TIM_SetSlaveMode
                0x08000ad4       0x26 ./Core/Src/main.o
 .text.LL_TIM_SetTriggerInput
                0x08000afa       0x26 ./Core/Src/main.o
 .text.LL_TIM_DisableMasterSlaveMode
                0x08000b20       0x20 ./Core/Src/main.o
 .text.LL_TIM_EnableAllOutputs
                0x08000b40       0x20 ./Core/Src/main.o
 .text.LL_TIM_EnableIT_UPDATE
                0x08000b60       0x20 ./Core/Src/main.o
 .text.LL_TIM_DisableIT_TRIG
                0x08000b80       0x20 ./Core/Src/main.o
 .text.LL_TIM_EnableDMAReq_UPDATE
                0x08000ba0       0x20 ./Core/Src/main.o
 .text.LL_TIM_DisableDMAReq_TRIG
                0x08000bc0       0x20 ./Core/Src/main.o
 .text.LL_GPIO_SetOutputPin
                0x08000be0       0x1c ./Core/Src/main.o
 .text.LL_GPIO_ResetOutputPin
                0x08000bfc       0x1e ./Core/Src/main.o
 .text.USBH_HID_EventCallback
                0x08000c1a       0x3c ./Core/Src/main.o
                0x08000c1a                USBH_HID_EventCallback
 *fill*         0x08000c56        0x2 
 .text.main     0x08000c58       0x90 ./Core/Src/main.o
                0x08000c58                main
 .text.SystemClock_Config
                0x08000ce8       0xb8 ./Core/Src/main.o
                0x08000ce8                SystemClock_Config
 .text.MX_SPI1_Init
                0x08000da0       0xac ./Core/Src/main.o
 .text.MX_SPI2_Init
                0x08000e4c       0xa8 ./Core/Src/main.o
 .text.MX_TIM1_Init
                0x08000ef4      0x14c ./Core/Src/main.o
 .text.MX_TIM2_Init
                0x08001040      0x120 ./Core/Src/main.o
 .text.MX_TIM3_Init
                0x08001160      0x11c ./Core/Src/main.o
 .text.MX_TIM4_Init
                0x0800127c       0xf8 ./Core/Src/main.o
 .text.MX_TIM5_Init
                0x08001374      0x118 ./Core/Src/main.o
 .text.MX_TIM10_Init
                0x0800148c       0xd4 ./Core/Src/main.o
 .text.MX_TIM11_Init
                0x08001560       0xd4 ./Core/Src/main.o
 .text.MX_DMA_Init
                0x08001634       0x10 ./Core/Src/main.o
 .text.MX_GPIO_Init
                0x08001644       0xec ./Core/Src/main.o
 .text.update_sign_led
                0x08001730       0x30 ./Core/Src/main.o
 .text.Keyboard_HandleKey
                0x08001760      0x364 ./Core/Src/main.o
                0x08001760                Keyboard_HandleKey
 .text.getTimes
                0x08001ac4       0x64 ./Core/Src/main.o
                0x08001ac4                getTimes
 .text.Error_Handler
                0x08001b28        0xc ./Core/Src/main.o
                0x08001b28                Error_Handler
 .text.spectrum_init
                0x08001b34       0x4c ./Core/Src/spectrum_core.o
                0x08001b34                spectrum_init
 .text.spectrum_reset
                0x08001b80        0xc ./Core/Src/spectrum_core.o
                0x08001b80                spectrum_reset
 .text.HAL_MspInit
                0x08001b8c       0x50 ./Core/Src/stm32f4xx_hal_msp.o
                0x08001b8c                HAL_MspInit
 .text.NMI_Handler
                0x08001bdc        0x8 ./Core/Src/stm32f4xx_it.o
                0x08001bdc                NMI_Handler
 .text.HardFault_Handler
                0x08001be4        0x8 ./Core/Src/stm32f4xx_it.o
                0x08001be4                HardFault_Handler
 .text.MemManage_Handler
                0x08001bec        0x8 ./Core/Src/stm32f4xx_it.o
                0x08001bec                MemManage_Handler
 .text.BusFault_Handler
                0x08001bf4        0x8 ./Core/Src/stm32f4xx_it.o
                0x08001bf4                BusFault_Handler
 .text.UsageFault_Handler
                0x08001bfc        0x8 ./Core/Src/stm32f4xx_it.o
                0x08001bfc                UsageFault_Handler
 .text.SVC_Handler
                0x08001c04        0xe ./Core/Src/stm32f4xx_it.o
                0x08001c04                SVC_Handler
 .text.DebugMon_Handler
                0x08001c12        0xe ./Core/Src/stm32f4xx_it.o
                0x08001c12                DebugMon_Handler
 .text.PendSV_Handler
                0x08001c20        0xe ./Core/Src/stm32f4xx_it.o
                0x08001c20                PendSV_Handler
 .text.SysTick_Handler
                0x08001c2e        0xc ./Core/Src/stm32f4xx_it.o
                0x08001c2e                SysTick_Handler
 *fill*         0x08001c3a        0x2 
 .text.OTG_FS_IRQHandler
                0x08001c3c       0x14 ./Core/Src/stm32f4xx_it.o
                0x08001c3c                OTG_FS_IRQHandler
 .text._sbrk    0x08001c50       0x6c ./Core/Src/sysmem.o
                0x08001c50                _sbrk
 .text.SystemInit
                0x08001cbc       0x24 ./Core/Src/system_stm32f4xx.o
                0x08001cbc                SystemInit
 .text.LL_AHB1_GRP1_EnableClock
                0x08001ce0       0x30 ./Core/Src/vga.o
 .text.LL_TIM_EnableCounter
                0x08001d10       0x20 ./Core/Src/vga.o
 .text.pack_pixel
                0x08001d30       0x44 ./Core/Src/vga.o
                0x08001d30                pack_pixel
 .text.vga_pack_line_to
                0x08001d74       0x42 ./Core/Src/vga.o
                0x08001d74                vga_pack_line_to
 *fill*         0x08001db6        0x2 
 .text.vga_init
                0x08001db8       0x4c ./Core/Src/vga.o
                0x08001db8                vga_init
 .text.vga_timing_init
                0x08001e04        0xe ./Core/Src/vga.o
                0x08001e04                vga_timing_init
 *fill*         0x08001e12        0x2 
 .text.vga_timing_start
                0x08001e14       0x30 ./Core/Src/vga.o
                0x08001e14                vga_timing_start
 .text.LL_DMA_EnableStream
                0x08001e44       0x40 ./Core/Src/video.o
 .text.LL_DMA_DisableStream
                0x08001e84       0x40 ./Core/Src/video.o
 .text.LL_DMA_IsEnabledStream
                0x08001ec4       0x38 ./Core/Src/video.o
 .text.LL_DMA_SetDataLength
                0x08001efc       0x48 ./Core/Src/video.o
 .text.LL_DMA_SetMemoryAddress
                0x08001f44       0x30 ./Core/Src/video.o
 .text.LL_DMA_SetPeriphAddress
                0x08001f74       0x30 ./Core/Src/video.o
 .text.LL_DMA_IsActiveFlag_TC5
                0x08001fa4       0x28 ./Core/Src/video.o
 .text.LL_DMA_ClearFlag_HT5
                0x08001fcc       0x1c ./Core/Src/video.o
 .text.LL_DMA_ClearFlag_TC5
                0x08001fe8       0x1c ./Core/Src/video.o
 .text.LL_DMA_ClearFlag_TE5
                0x08002004       0x1c ./Core/Src/video.o
 .text.LL_DMA_ClearFlag_DME5
                0x08002020       0x1c ./Core/Src/video.o
 .text.LL_DMA_ClearFlag_FE5
                0x0800203c       0x1a ./Core/Src/video.o
 .text.LL_TIM_ClearFlag_UPDATE
                0x08002056       0x1c ./Core/Src/video.o
 .text.LL_TIM_IsActiveFlag_UPDATE
                0x08002072       0x26 ./Core/Src/video.o
 .text.sync_to_vsync
                0x08002098       0x20 ./Core/Src/video.o
                0x08002098                sync_to_vsync
 .text.vga_start_dma
                0x080020b8       0x78 ./Core/Src/video.o
                0x080020b8                vga_start_dma
 .text.ReArmDMA
                0x08002130       0x2c ./Core/Src/video.o
                0x08002130                ReArmDMA
 .text.vga_init_border_line
                0x0800215c       0x3c ./Core/Src/video.o
                0x0800215c                vga_init_border_line
 .text.fill_solid
                0x08002198       0x42 ./Core/Src/video.o
 .text.fill_border
                0x080021da       0x34 ./Core/Src/video.o
                0x080021da                fill_border
 *fill*         0x0800220e        0x2 
 .text.video_recompute_vertical_window
                0x08002210       0x4c ./Core/Src/video.o
                0x08002210                video_recompute_vertical_window
 .text.video_line_step
                0x0800225c      0x120 ./Core/Src/video.o
                0x0800225c                video_line_step
 .text.put_pixel
                0x0800237c       0x30 ./Core/Src/video.o
 .text.draw_char_line
                0x080023ac       0x78 ./Core/Src/video.o
                0x080023ac                draw_char_line
 .text.draw_text_line
                0x08002424       0x42 ./Core/Src/video.o
                0x08002424                draw_text_line
 *fill*         0x08002466        0x2 
 .text.swapBuffers
                0x08002468       0x44 ./Core/Src/video.o
                0x08002468                swapBuffers
 .text.draw_debug_osd_line
                0x080024ac      0x168 ./Core/Src/video.o
                0x080024ac                draw_debug_osd_line
 .text.z80_reset
                0x08002614       0x80 ./Core/Src/z80.o
                0x08002614                z80_reset
 .text.Reset_Handler
                0x08002694       0x50 ./Core/Startup/startup_stm32f401ccux.o
                0x08002694                Reset_Handler
 .text.Default_Handler
                0x080026e4        0x2 ./Core/Startup/startup_stm32f401ccux.o
                0x080026e4                RTC_Alarm_IRQHandler
                0x080026e4                EXTI2_IRQHandler
                0x080026e4                SPI4_IRQHandler
                0x080026e4                TIM1_CC_IRQHandler
                0x080026e4                DMA2_Stream5_IRQHandler
                0x080026e4                DMA1_Stream5_IRQHandler
                0x080026e4                PVD_IRQHandler
                0x080026e4                SDIO_IRQHandler
                0x080026e4                TAMP_STAMP_IRQHandler
                0x080026e4                EXTI3_IRQHandler
                0x080026e4                TIM1_UP_TIM10_IRQHandler
                0x080026e4                I2C3_ER_IRQHandler
                0x080026e4                EXTI0_IRQHandler
                0x080026e4                I2C2_EV_IRQHandler
                0x080026e4                DMA1_Stream2_IRQHandler
                0x080026e4                FPU_IRQHandler
                0x080026e4                DMA2_Stream2_IRQHandler
                0x080026e4                SPI1_IRQHandler
                0x080026e4                TIM1_BRK_TIM9_IRQHandler
                0x080026e4                DMA2_Stream3_IRQHandler
                0x080026e4                USART6_IRQHandler
                0x080026e4                DMA2_Stream0_IRQHandler
                0x080026e4                TIM4_IRQHandler
                0x080026e4                I2C1_EV_IRQHandler
                0x080026e4                DMA1_Stream6_IRQHandler
                0x080026e4                DMA1_Stream1_IRQHandler
                0x080026e4                TIM3_IRQHandler
                0x080026e4                RCC_IRQHandler
                0x080026e4                Default_Handler
                0x080026e4                EXTI15_10_IRQHandler
                0x080026e4                ADC_IRQHandler
                0x080026e4                DMA1_Stream7_IRQHandler
                0x080026e4                TIM5_IRQHandler
                0x080026e4                DMA2_Stream7_IRQHandler
                0x080026e4                I2C3_EV_IRQHandler
                0x080026e4                EXTI9_5_IRQHandler
                0x080026e4                RTC_WKUP_IRQHandler
                0x080026e4                SPI2_IRQHandler
                0x080026e4                DMA1_Stream0_IRQHandler
                0x080026e4                EXTI4_IRQHandler
                0x080026e4                WWDG_IRQHandler
                0x080026e4                TIM2_IRQHandler
                0x080026e4                OTG_FS_WKUP_IRQHandler
                0x080026e4                TIM1_TRG_COM_TIM11_IRQHandler
                0x080026e4                EXTI1_IRQHandler
                0x080026e4                USART2_IRQHandler
                0x080026e4                I2C2_ER_IRQHandler
                0x080026e4                DMA2_Stream1_IRQHandler
                0x080026e4                FLASH_IRQHandler
                0x080026e4                DMA2_Stream4_IRQHandler
                0x080026e4                USART1_IRQHandler
                0x080026e4                SPI3_IRQHandler
                0x080026e4                DMA1_Stream4_IRQHandler
                0x080026e4                I2C1_ER_IRQHandler
                0x080026e4                DMA2_Stream6_IRQHandler
                0x080026e4                DMA1_Stream3_IRQHandler
 *fill*         0x080026e6        0x2 
 .text.HAL_Init
                0x080026e8       0x44 ./Drivers/STM32F4xx_HAL_Driver/Src/stm32f4xx_hal.o
                0x080026e8                HAL_Init
 .text.HAL_InitTick
                0x0800272c       0x60 ./Drivers/STM32F4xx_HAL_Driver/Src/stm32f4xx_hal.o
                0x0800272c                HAL_InitTick
 .text.HAL_IncTick
                0x0800278c       0x28 ./Drivers/STM32F4xx_HAL_Driver/Src/stm32f4xx_hal.o
                0x0800278c                HAL_IncTick
 .text.HAL_GetTick
                0x080027b4       0x18 ./Drivers/STM32F4xx_HAL_Driver/Src/stm32f4xx_hal.o
                0x080027b4                HAL_GetTick
 .text.HAL_Delay
                0x080027cc       0x48 ./Drivers/STM32F4xx_HAL_Driver/Src/stm32f4xx_hal.o
                0x080027cc                HAL_Delay
 .text.__NVIC_SetPriorityGrouping
                0x08002814       0x48 ./Drivers/STM32F4xx_HAL_Driver/Src/stm32f4xx_hal_cortex.o
 .text.__NVIC_GetPriorityGrouping
                0x0800285c       0x1c ./Drivers/STM32F4xx_HAL_Driver/Src/stm32f4xx_hal_cortex.o
 .text.__NVIC_EnableIRQ
                0x08002878       0x3c ./Drivers/STM32F4xx_HAL_Driver/Src/stm32f4xx_hal_cortex.o
 .text.__NVIC_SetPriority
                0x080028b4       0x54 ./Drivers/STM32F4xx_HAL_Driver/Src/stm32f4xx_hal_cortex.o
 .text.NVIC_EncodePriority
                0x08002908       0x66 ./Drivers/STM32F4xx_HAL_Driver/Src/stm32f4xx_hal_cortex.o
 *fill*         0x0800296e        0x2 
 .text.SysTick_Config
                0x08002970       0x44 ./Drivers/STM32F4xx_HAL_Driver/Src/stm32f4xx_hal_cortex.o
 .text.HAL_NVIC_SetPriorityGrouping
                0x080029b4       0x16 ./Drivers/STM32F4xx_HAL_Driver/Src/stm32f4xx_hal_cortex.o
                0x080029b4                HAL_NVIC_SetPriorityGrouping
 .text.HAL_NVIC_SetPriority
                0x080029ca       0x38 ./Drivers/STM32F4xx_HAL_Driver/Src/stm32f4xx_hal_cortex.o
                0x080029ca                HAL_NVIC_SetPriority
 .text.HAL_NVIC_EnableIRQ
                0x08002a02       0x1c ./Drivers/STM32F4xx_HAL_Driver/Src/stm32f4xx_hal_cortex.o
                0x08002a02                HAL_NVIC_EnableIRQ
 .text.HAL_SYSTICK_Config
                0x08002a1e       0x18 ./Drivers/STM32F4xx_HAL_Driver/Src/stm32f4xx_hal_cortex.o
                0x08002a1e                HAL_SYSTICK_Config
 *fill*         0x08002a36        0x2 
 .text.HAL_GPIO_Init
                0x08002a38      0x308 ./Drivers/STM32F4xx_HAL_Driver/Src/stm32f4xx_hal_gpio.o
                0x08002a38                HAL_GPIO_Init
 .text.HAL_GPIO_WritePin
                0x08002d40       0x32 ./Drivers/STM32F4xx_HAL_Driver/Src/stm32f4xx_hal_gpio.o
                0x08002d40                HAL_GPIO_WritePin
 .text.HAL_HCD_Init
                0x08002d72       0xce ./Drivers/STM32F4xx_HAL_Driver/Src/stm32f4xx_hal_hcd.o
                0x08002d72                HAL_HCD_Init
 .text.HAL_HCD_HC_Init
                0x08002e40      0x170 ./Drivers/STM32F4xx_HAL_Driver/Src/stm32f4xx_hal_hcd.o
                0x08002e40                HAL_HCD_HC_Init
 .text.HAL_HCD_HC_SubmitRequest
                0x08002fb0      0x33c ./Drivers/STM32F4xx_HAL_Driver/Src/stm32f4xx_hal_hcd.o
                0x08002fb0                HAL_HCD_HC_SubmitRequest
 .text.HAL_HCD_IRQHandler
                0x080032ec      0x220 ./Drivers/STM32F4xx_HAL_Driver/Src/stm32f4xx_hal_hcd.o
                0x080032ec                HAL_HCD_IRQHandler
 .text.HAL_HCD_Start
                0x0800350c       0x46 ./Drivers/STM32F4xx_HAL_Driver/Src/stm32f4xx_hal_hcd.o
                0x0800350c                HAL_HCD_Start
 .text.HAL_HCD_Stop
                0x08003552       0x3a ./Drivers/STM32F4xx_HAL_Driver/Src/stm32f4xx_hal_hcd.o
                0x08003552                HAL_HCD_Stop
 .text.HAL_HCD_HC_GetURBState
                0x0800358c       0x2a ./Drivers/STM32F4xx_HAL_Driver/Src/stm32f4xx_hal_hcd.o
                0x0800358c                HAL_HCD_HC_GetURBState
 .text.HAL_HCD_HC_GetXferCount
                0x080035b6       0x2a ./Drivers/STM32F4xx_HAL_Driver/Src/stm32f4xx_hal_hcd.o
                0x080035b6                HAL_HCD_HC_GetXferCount
 .text.HAL_HCD_GetCurrentFrame
                0x080035e0       0x1c ./Drivers/STM32F4xx_HAL_Driver/Src/stm32f4xx_hal_hcd.o
                0x080035e0                HAL_HCD_GetCurrentFrame
 .text.HAL_HCD_HC_ClearHubInfo
                0x080035fc       0x6a ./Drivers/STM32F4xx_HAL_Driver/Src/stm32f4xx_hal_hcd.o
                0x080035fc                HAL_HCD_HC_ClearHubInfo
 .text.HCD_HC_IN_IRQHandler
                0x08003666      0xcd2 ./Drivers/STM32F4xx_HAL_Driver/Src/stm32f4xx_hal_hcd.o
 .text.HCD_HC_OUT_IRQHandler
                0x08004338      0x97e ./Drivers/STM32F4xx_HAL_Driver/Src/stm32f4xx_hal_hcd.o
 .text.HCD_RXQLVL_IRQHandler
                0x08004cb6      0x1be ./Drivers/STM32F4xx_HAL_Driver/Src/stm32f4xx_hal_hcd.o
 .text.HCD_Port_IRQHandler
                0x08004e74       0xe6 ./Drivers/STM32F4xx_HAL_Driver/Src/stm32f4xx_hal_hcd.o
 .text.LL_GPIO_SetPinMode
                0x08004f5a       0x7a ./Drivers/STM32F4xx_HAL_Driver/Src/stm32f4xx_ll_gpio.o
 .text.LL_GPIO_SetPinOutputType
                0x08004fd4       0x30 ./Drivers/STM32F4xx_HAL_Driver/Src/stm32f4xx_ll_gpio.o
 .text.LL_GPIO_SetPinSpeed
                0x08005004       0x7a ./Drivers/STM32F4xx_HAL_Driver/Src/stm32f4xx_ll_gpio.o
 .text.LL_GPIO_SetPinPull
                0x0800507e       0x7a ./Drivers/STM32F4xx_HAL_Driver/Src/stm32f4xx_ll_gpio.o
 .text.LL_GPIO_SetAFPin_0_7
                0x080050f8       0x7a ./Drivers/STM32F4xx_HAL_Driver/Src/stm32f4xx_ll_gpio.o
 .text.LL_GPIO_SetAFPin_8_15
                0x08005172       0x7e ./Drivers/STM32F4xx_HAL_Driver/Src/stm32f4xx_ll_gpio.o
 .text.LL_GPIO_Init
                0x080051f0      0x102 ./Drivers/STM32F4xx_HAL_Driver/Src/stm32f4xx_ll_gpio.o
                0x080051f0                LL_GPIO_Init
 .text.LL_GPIO_StructInit
                0x080052f2       0x3a ./Drivers/STM32F4xx_HAL_Driver/Src/stm32f4xx_ll_gpio.o
                0x080052f2                LL_GPIO_StructInit
 .text.LL_SPI_IsEnabled
                0x0800532c       0x26 ./Drivers/STM32F4xx_HAL_Driver/Src/stm32f4xx_ll_spi.o
 .text.LL_SPI_SetCRCPolynomial
                0x08005352       0x20 ./Drivers/STM32F4xx_HAL_Driver/Src/stm32f4xx_ll_spi.o
 .text.LL_SPI_Init
                0x08005372       0xa4 ./Drivers/STM32F4xx_HAL_Driver/Src/stm32f4xx_ll_spi.o
                0x08005372                LL_SPI_Init
 .text.LL_TIM_SetPrescaler
                0x08005416       0x1c ./Drivers/STM32F4xx_HAL_Driver/Src/stm32f4xx_ll_tim.o
 .text.LL_TIM_SetAutoReload
                0x08005432       0x1c ./Drivers/STM32F4xx_HAL_Driver/Src/stm32f4xx_ll_tim.o
 .text.LL_TIM_SetRepetitionCounter
                0x0800544e       0x1c ./Drivers/STM32F4xx_HAL_Driver/Src/stm32f4xx_ll_tim.o
 .text.LL_TIM_OC_SetCompareCH1
                0x0800546a       0x1c ./Drivers/STM32F4xx_HAL_Driver/Src/stm32f4xx_ll_tim.o
 .text.LL_TIM_OC_SetCompareCH2
                0x08005486       0x1c ./Drivers/STM32F4xx_HAL_Driver/Src/stm32f4xx_ll_tim.o
 .text.LL_TIM_OC_SetCompareCH3
                0x080054a2       0x1c ./Drivers/STM32F4xx_HAL_Driver/Src/stm32f4xx_ll_tim.o
 .text.LL_TIM_OC_SetCompareCH4
                0x080054be       0x1c ./Drivers/STM32F4xx_HAL_Driver/Src/stm32f4xx_ll_tim.o
 .text.LL_TIM_GenerateEvent_UPDATE
                0x080054da       0x20 ./Drivers/STM32F4xx_HAL_Driver/Src/stm32f4xx_ll_tim.o
 *fill*         0x080054fa        0x2 
 .text.LL_TIM_Init
                0x080054fc       0xf4 ./Drivers/STM32F4xx_HAL_Driver/Src/stm32f4xx_ll_tim.o
                0x080054fc                LL_TIM_Init
 .text.LL_TIM_OC_Init
                0x080055f0       0x82 ./Drivers/STM32F4xx_HAL_Driver/Src/stm32f4xx_ll_tim.o
                0x080055f0                LL_TIM_OC_Init
 *fill*         0x08005672        0x2 
 .text.OC1Config
                0x08005674       0xcc ./Drivers/STM32F4xx_HAL_Driver/Src/stm32f4xx_ll_tim.o
 .text.OC2Config
                0x08005740       0xd4 ./Drivers/STM32F4xx_HAL_Driver/Src/stm32f4xx_ll_tim.o
 .text.OC3Config
                0x08005814       0xd4 ./Drivers/STM32F4xx_HAL_Driver/Src/stm32f4xx_ll_tim.o
 .text.OC4Config
                0x080058e8       0xa4 ./Drivers/STM32F4xx_HAL_Driver/Src/stm32f4xx_ll_tim.o
 .text.USB_CoreInit
                0x0800598c       0xc8 ./Drivers/STM32F4xx_HAL_Driver/Src/stm32f4xx_ll_usb.o
                0x0800598c                USB_CoreInit
 .text.USB_EnableGlobalInt
                0x08005a54       0x22 ./Drivers/STM32F4xx_HAL_Driver/Src/stm32f4xx_ll_usb.o
                0x08005a54                USB_EnableGlobalInt
 .text.USB_DisableGlobalInt
                0x08005a76       0x22 ./Drivers/STM32F4xx_HAL_Driver/Src/stm32f4xx_ll_usb.o
                0x08005a76                USB_DisableGlobalInt
 .text.USB_SetCurrentMode
                0x08005a98       0x98 ./Drivers/STM32F4xx_HAL_Driver/Src/stm32f4xx_ll_usb.o
                0x08005a98                USB_SetCurrentMode
 .text.USB_FlushTxFifo
                0x08005b30       0x64 ./Drivers/STM32F4xx_HAL_Driver/Src/stm32f4xx_ll_usb.o
                0x08005b30                USB_FlushTxFifo
 .text.USB_FlushRxFifo
                0x08005b94       0x5c ./Drivers/STM32F4xx_HAL_Driver/Src/stm32f4xx_ll_usb.o
                0x08005b94                USB_FlushRxFifo
 .text.USB_WritePacket
                0x08005bf0       0x7c ./Drivers/STM32F4xx_HAL_Driver/Src/stm32f4xx_ll_usb.o
                0x08005bf0                USB_WritePacket
 .text.USB_ReadPacket
                0x08005c6c       0xb0 ./Drivers/STM32F4xx_HAL_Driver/Src/stm32f4xx_ll_usb.o
                0x08005c6c                USB_ReadPacket
 .text.USB_ReadInterrupts
                0x08005d1c       0x26 ./Drivers/STM32F4xx_HAL_Driver/Src/stm32f4xx_ll_usb.o
                0x08005d1c                USB_ReadInterrupts
 .text.USB_ReadChInterrupts
                0x08005d42       0x42 ./Drivers/STM32F4xx_HAL_Driver/Src/stm32f4xx_ll_usb.o
                0x08005d42                USB_ReadChInterrupts
 .text.USB_GetMode
                0x08005d84       0x1c ./Drivers/STM32F4xx_HAL_Driver/Src/stm32f4xx_ll_usb.o
                0x08005d84                USB_GetMode
 .text.USB_CoreReset
                0x08005da0       0x70 ./Drivers/STM32F4xx_HAL_Driver/Src/stm32f4xx_ll_usb.o
 .text.USB_HostInit
                0x08005e10      0x15c ./Drivers/STM32F4xx_HAL_Driver/Src/stm32f4xx_ll_usb.o
                0x08005e10                USB_HostInit
 .text.USB_InitFSLSPClkSel
                0x08005f6c       0x7a ./Drivers/STM32F4xx_HAL_Driver/Src/stm32f4xx_ll_usb.o
                0x08005f6c                USB_InitFSLSPClkSel
 .text.USB_DriveVbus
                0x08005fe6       0x72 ./Drivers/STM32F4xx_HAL_Driver/Src/stm32f4xx_ll_usb.o
                0x08005fe6                USB_DriveVbus
 .text.USB_GetHostSpeed
                0x08006058       0x2e ./Drivers/STM32F4xx_HAL_Driver/Src/stm32f4xx_ll_usb.o
                0x08006058                USB_GetHostSpeed
 .text.USB_GetCurrentFrame
                0x08006086       0x22 ./Drivers/STM32F4xx_HAL_Driver/Src/stm32f4xx_ll_usb.o
                0x08006086                USB_GetCurrentFrame
 .text.USB_HC_Init
                0x080060a8      0x22c ./Drivers/STM32F4xx_HAL_Driver/Src/stm32f4xx_ll_usb.o
                0x080060a8                USB_HC_Init
 .text.USB_HC_StartXfer
                0x080062d4      0x488 ./Drivers/STM32F4xx_HAL_Driver/Src/stm32f4xx_ll_usb.o
                0x080062d4                USB_HC_StartXfer
 .text.USB_HC_ReadInterrupt
                0x0800675c       0x22 ./Drivers/STM32F4xx_HAL_Driver/Src/stm32f4xx_ll_usb.o
                0x0800675c                USB_HC_ReadInterrupt
 .text.USB_HC_Halt
                0x0800677e      0x240 ./Drivers/STM32F4xx_HAL_Driver/Src/stm32f4xx_ll_usb.o
                0x0800677e                USB_HC_Halt
 .text.USB_StopHost
                0x080069be      0x124 ./Drivers/STM32F4xx_HAL_Driver/Src/stm32f4xx_ll_usb.o
                0x080069be                USB_StopHost
 *fill*         0x08006ae2        0x2 
 .text.LL_SetSystemCoreClock
                0x08006ae4       0x20 ./Drivers/STM32F4xx_HAL_Driver/Src/stm32f4xx_ll_utils.o
                0x08006ae4                LL_SetSystemCoreClock
 .text.USBH_HID_InterfaceInit
                0x08006b04      0x288 ./Middlewares/ST/STM32_USB_Host_Library/Class/HID/Src/usbh_hid.o
 .text.USBH_HID_InterfaceDeInit
                0x08006d8c       0x8c ./Middlewares/ST/STM32_USB_Host_Library/Class/HID/Src/usbh_hid.o
 .text.USBH_HID_ClassRequest
                0x08006e18       0xfc ./Middlewares/ST/STM32_USB_Host_Library/Class/HID/Src/usbh_hid.o
 .text.USBH_HID_Process
                0x08006f14      0x1a4 ./Middlewares/ST/STM32_USB_Host_Library/Class/HID/Src/usbh_hid.o
 .text.USBH_HID_SOFProcess
                0x080070b8       0x42 ./Middlewares/ST/STM32_USB_Host_Library/Class/HID/Src/usbh_hid.o
 .text.USBH_HID_GetHIDReportDescriptor
                0x080070fa       0x3e ./Middlewares/ST/STM32_USB_Host_Library/Class/HID/Src/usbh_hid.o
                0x080070fa                USBH_HID_GetHIDReportDescriptor
 .text.USBH_HID_SetIdle
                0x08007138       0x50 ./Middlewares/ST/STM32_USB_Host_Library/Class/HID/Src/usbh_hid.o
                0x08007138                USBH_HID_SetIdle
 .text.USBH_HID_GetReport
                0x08007188       0x58 ./Middlewares/ST/STM32_USB_Host_Library/Class/HID/Src/usbh_hid.o
                0x08007188                USBH_HID_GetReport
 .text.USBH_HID_SetProtocol
                0x080071e0       0x4c ./Middlewares/ST/STM32_USB_Host_Library/Class/HID/Src/usbh_hid.o
                0x080071e0                USBH_HID_SetProtocol
 .text.USBH_HID_ParseHIDDesc
                0x0800722c       0xb6 ./Middlewares/ST/STM32_USB_Host_Library/Class/HID/Src/usbh_hid.o
 .text.USBH_HID_GetDeviceType
                0x080072e2       0x54 ./Middlewares/ST/STM32_USB_Host_Library/Class/HID/Src/usbh_hid.o
                0x080072e2                USBH_HID_GetDeviceType
 .text.USBH_HID_FifoInit
                0x08007336       0x38 ./Middlewares/ST/STM32_USB_Host_Library/Class/HID/Src/usbh_hid.o
                0x08007336                USBH_HID_FifoInit
 .text.USBH_HID_FifoRead
                0x0800736e       0x92 ./Middlewares/ST/STM32_USB_Host_Library/Class/HID/Src/usbh_hid.o
                0x0800736e                USBH_HID_FifoRead
 .text.USBH_HID_FifoWrite
                0x08007400       0xa8 ./Middlewares/ST/STM32_USB_Host_Library/Class/HID/Src/usbh_hid.o
                0x08007400                USBH_HID_FifoWrite
 .text.USBH_HID_KeybdInit
                0x080074a8       0xa8 ./Middlewares/ST/STM32_USB_Host_Library/Class/HID/Src/usbh_hid_keybd.o
                0x080074a8                USBH_HID_KeybdInit
 .text.USBH_HID_GetKeybdInfo
                0x08007550       0x28 ./Middlewares/ST/STM32_USB_Host_Library/Class/HID/Src/usbh_hid_keybd.o
                0x08007550                USBH_HID_GetKeybdInfo
 .text.USBH_HID_KeybdDecode
                0x08007578      0x128 ./Middlewares/ST/STM32_USB_Host_Library/Class/HID/Src/usbh_hid_keybd.o
 .text.USBH_HID_GetASCIICode
                0x080076a0       0x58 ./Middlewares/ST/STM32_USB_Host_Library/Class/HID/Src/usbh_hid_keybd.o
                0x080076a0                USBH_HID_GetASCIICode
 .text.USBH_HID_MouseInit
                0x080076f8       0x94 ./Middlewares/ST/STM32_USB_Host_Library/Class/HID/Src/usbh_hid_mouse.o
                0x080076f8                USBH_HID_MouseInit
 .text.HID_ReadItem
                0x0800778c      0x134 ./Middlewares/ST/STM32_USB_Host_Library/Class/HID/Src/usbh_hid_parser.o
                0x0800778c                HID_ReadItem
 .text.USBH_Init
                0x080078c0       0x74 ./Middlewares/ST/STM32_USB_Host_Library/Core/Src/usbh_core.o
                0x080078c0                USBH_Init
 .text.DeInitStateMachine
                0x08007934       0xe2 ./Middlewares/ST/STM32_USB_Host_Library/Core/Src/usbh_core.o
 .text.USBH_RegisterClass
                0x08007a16       0x54 ./Middlewares/ST/STM32_USB_Host_Library/Core/Src/usbh_core.o
                0x08007a16                USBH_RegisterClass
 .text.USBH_SelectInterface
                0x08007a6a       0x38 ./Middlewares/ST/STM32_USB_Host_Library/Core/Src/usbh_core.o
                0x08007a6a                USBH_SelectInterface
 .text.USBH_FindInterface
                0x08007aa2       0x8c ./Middlewares/ST/STM32_USB_Host_Library/Core/Src/usbh_core.o
                0x08007aa2                USBH_FindInterface
 .text.USBH_Start
                0x08007b2e       0x20 ./Middlewares/ST/STM32_USB_Host_Library/Core/Src/usbh_core.o
                0x08007b2e                USBH_Start
 .text.USBH_LL_SetTimer
                0x08007b4e       0x1e ./Middlewares/ST/STM32_USB_Host_Library/Core/Src/usbh_core.o
                0x08007b4e                USBH_LL_SetTimer
 .text.USBH_LL_IncTimer
                0x08007b6c       0x24 ./Middlewares/ST/STM32_USB_Host_Library/Core/Src/usbh_core.o
                0x08007b6c                USBH_LL_IncTimer
 .text.USBH_HandleSof
                0x08007b90       0x30 ./Middlewares/ST/STM32_USB_Host_Library/Core/Src/usbh_core.o
 .text.USBH_LL_PortEnabled
                0x08007bc0       0x1c ./Middlewares/ST/STM32_USB_Host_Library/Core/Src/usbh_core.o
                0x08007bc0                USBH_LL_PortEnabled
 .text.USBH_LL_PortDisabled
                0x08007bdc       0x24 ./Middlewares/ST/STM32_USB_Host_Library/Core/Src/usbh_core.o
                0x08007bdc                USBH_LL_PortDisabled
 .text.USBH_LL_Connect
                0x08007c00       0x2e ./Middlewares/ST/STM32_USB_Host_Library/Core/Src/usbh_core.o
                0x08007c00                USBH_LL_Connect
 .text.USBH_LL_Disconnect
                0x08007c2e       0x48 ./Middlewares/ST/STM32_USB_Host_Library/Core/Src/usbh_core.o
                0x08007c2e                USBH_LL_Disconnect
 .text.USBH_GetDescriptor
                0x08007c76       0x6a ./Middlewares/ST/STM32_USB_Host_Library/Core/Src/usbh_ctlreq.o
                0x08007c76                USBH_GetDescriptor
 .text.USBH_ClrFeature
                0x08007ce0       0x48 ./Middlewares/ST/STM32_USB_Host_Library/Core/Src/usbh_ctlreq.o
                0x08007ce0                USBH_ClrFeature
 .text.USBH_GetNextDesc
                0x08007d28       0x34 ./Middlewares/ST/STM32_USB_Host_Library/Core/Src/usbh_ctlreq.o
                0x08007d28                USBH_GetNextDesc
 .text.USBH_CtlReq
                0x08007d5c       0x7a ./Middlewares/ST/STM32_USB_Host_Library/Core/Src/usbh_ctlreq.o
                0x08007d5c                USBH_CtlReq
 *fill*         0x08007dd6        0x2 
 .text.USBH_HandleControl
                0x08007dd8      0x2ec ./Middlewares/ST/STM32_USB_Host_Library/Core/Src/usbh_ctlreq.o
 .text.USBH_CtlSendSetup
                0x080080c4       0x34 ./Middlewares/ST/STM32_USB_Host_Library/Core/Src/usbh_ioreq.o
                0x080080c4                USBH_CtlSendSetup
 .text.USBH_CtlSendData
                0x080080f8       0x4a ./Middlewares/ST/STM32_USB_Host_Library/Core/Src/usbh_ioreq.o
                0x080080f8                USBH_CtlSendData
 .text.USBH_CtlReceiveData
                0x08008142       0x3c ./Middlewares/ST/STM32_USB_Host_Library/Core/Src/usbh_ioreq.o
                0x08008142                USBH_CtlReceiveData
 .text.USBH_InterruptReceiveData
                0x0800817e       0x3e ./Middlewares/ST/STM32_USB_Host_Library/Core/Src/usbh_ioreq.o
                0x0800817e                USBH_InterruptReceiveData
 .text.USBH_OpenPipe
                0x080081bc       0x3e ./Middlewares/ST/STM32_USB_Host_Library/Core/Src/usbh_pipes.o
                0x080081bc                USBH_OpenPipe
 .text.USBH_ClosePipe
                0x080081fa       0x20 ./Middlewares/ST/STM32_USB_Host_Library/Core/Src/usbh_pipes.o
                0x080081fa                USBH_ClosePipe
 .text.USBH_AllocPipe
                0x0800821a       0x42 ./Middlewares/ST/STM32_USB_Host_Library/Core/Src/usbh_pipes.o
                0x0800821a                USBH_AllocPipe
 .text.USBH_FreePipe
                0x0800825c       0x3c ./Middlewares/ST/STM32_USB_Host_Library/Core/Src/usbh_pipes.o
                0x0800825c                USBH_FreePipe
 .text.USBH_GetFreePipe
                0x08008298       0x48 ./Middlewares/ST/STM32_USB_Host_Library/Core/Src/usbh_pipes.o
 .text.MX_USB_HOST_Init
                0x080082e0       0x4c ./USB_HOST/App/usb_host.o
                0x080082e0                MX_USB_HOST_Init
 .text.USBH_UserProcess
                0x0800832c       0x5c ./USB_HOST/App/usb_host.o
 .text.HAL_HCD_MspInit
                0x08008388       0xa8 ./USB_HOST/Target/usbh_conf.o
                0x08008388                HAL_HCD_MspInit
 .text.HAL_HCD_SOF_Callback
                0x08008430       0x1c ./USB_HOST/Target/usbh_conf.o
                0x08008430                HAL_HCD_SOF_Callback
 .text.HAL_HCD_Connect_Callback
                0x0800844c       0x1c ./USB_HOST/Target/usbh_conf.o
                0x0800844c                HAL_HCD_Connect_Callback
 .text.HAL_HCD_Disconnect_Callback
                0x08008468       0x1c ./USB_HOST/Target/usbh_conf.o
                0x08008468                HAL_HCD_Disconnect_Callback
 .text.HAL_HCD_HC_NotifyURBChange_Callback
                0x08008484       0x1c ./USB_HOST/Target/usbh_conf.o
                0x08008484                HAL_HCD_HC_NotifyURBChange_Callback
 .text.HAL_HCD_PortEnabled_Callback
                0x080084a0       0x1c ./USB_HOST/Target/usbh_conf.o
                0x080084a0                HAL_HCD_PortEnabled_Callback
 .text.HAL_HCD_PortDisabled_Callback
                0x080084bc       0x1c ./USB_HOST/Target/usbh_conf.o
                0x080084bc                HAL_HCD_PortDisabled_Callback
 .text.USBH_LL_Init
                0x080084d8       0x78 ./USB_HOST/Target/usbh_conf.o
                0x080084d8                USBH_LL_Init
 .text.USBH_LL_Start
                0x08008550       0x36 ./USB_HOST/Target/usbh_conf.o
                0x08008550                USBH_LL_Start
 .text.USBH_LL_Stop
                0x08008586       0x36 ./USB_HOST/Target/usbh_conf.o
                0x08008586                USBH_LL_Stop
 .text.USBH_LL_GetLastXferSize
                0x080085bc       0x26 ./USB_HOST/Target/usbh_conf.o
                0x080085bc                USBH_LL_GetLastXferSize
 .text.USBH_LL_OpenPipe
                0x080085e2       0x5e ./USB_HOST/Target/usbh_conf.o
                0x080085e2                USBH_LL_OpenPipe
 .text.USBH_LL_ClosePipe
                0x08008640       0x1a ./USB_HOST/Target/usbh_conf.o
                0x08008640                USBH_LL_ClosePipe
 .text.USBH_LL_SubmitURB
                0x0800865a       0x62 ./USB_HOST/Target/usbh_conf.o
                0x0800865a                USBH_LL_SubmitURB
 .text.USBH_LL_GetURBState
                0x080086bc       0x26 ./USB_HOST/Target/usbh_conf.o
                0x080086bc                USBH_LL_GetURBState
 .text.USBH_LL_DriverVBUS
                0x080086e2       0x2e ./USB_HOST/Target/usbh_conf.o
                0x080086e2                USBH_LL_DriverVBUS
 .text.USBH_LL_SetToggle
                0x08008710       0x66 ./USB_HOST/Target/usbh_conf.o
                0x08008710                USBH_LL_SetToggle
 *fill*         0x08008776        0x2 
 .text.USBH_Get_USB_Status
                0x08008778       0x58 ./USB_HOST/Target/usbh_conf.o
                0x08008778                USBH_Get_USB_Status
 .text.MX_DriverVbusFS
                0x080087d0       0x38 ./USB_HOST/Target/usbh_platform.o
                0x080087d0                MX_DriverVbusFS
 .text.malloc   0x08008808       0x10 C:/ST/STM32CubeIDE_1.19.0/STM32CubeIDE/plugins/com.st.stm32cube.ide.mcu.externaltools.gnu-tools-for-stm32.13.3.rel1.win32_1.0.0.202411081344/tools/bin/../lib/gcc/arm-none-eabi/13.3.1/../../../../arm-none-eabi/lib/thumb/v7e-m+fp/hard\libc_nano.a(libc_a-malloc.o)
                0x08008808                malloc
 .text.free     0x08008818       0x10 C:/ST/STM32CubeIDE_1.19.0/STM32CubeIDE/plugins/com.st.stm32cube.ide.mcu.externaltools.gnu-tools-for-stm32.13.3.rel1.win32_1.0.0.202411081344/tools/bin/../lib/gcc/arm-none-eabi/13.3.1/../../../../arm-none-eabi/lib/thumb/v7e-m+fp/hard\libc_nano.a(libc_a-malloc.o)
                0x08008818                free
 .text.sbrk_aligned
                0x08008828       0x44 C:/ST/STM32CubeIDE_1.19.0/STM32CubeIDE/plugins/com.st.stm32cube.ide.mcu.externaltools.gnu-tools-for-stm32.13.3.rel1.win32_1.0.0.202411081344/tools/bin/../lib/gcc/arm-none-eabi/13.3.1/../../../../arm-none-eabi/lib/thumb/v7e-m+fp/hard\libc_nano.a(libc_a-mallocr.o)
 .text._malloc_r
                0x0800886c      0x100 C:/ST/STM32CubeIDE_1.19.0/STM32CubeIDE/plugins/com.st.stm32cube.ide.mcu.externaltools.gnu-tools-for-stm32.13.3.rel1.win32_1.0.0.202411081344/tools/bin/../lib/gcc/arm-none-eabi/13.3.1/../../../../arm-none-eabi/lib/thumb/v7e-m+fp/hard\libc_nano.a(libc_a-mallocr.o)
                0x0800886c                _malloc_r
 .text.__malloc_lock
                0x0800896c        0xc C:/ST/STM32CubeIDE_1.19.0/STM32CubeIDE/plugins/com.st.stm32cube.ide.mcu.externaltools.gnu-tools-for-stm32.13.3.rel1.win32_1.0.0.202411081344/tools/bin/../lib/gcc/arm-none-eabi/13.3.1/../../../../arm-none-eabi/lib/thumb/v7e-m+fp/hard\libc_nano.a(libc_a-mlock.o)
                0x0800896c                __malloc_lock
 .text.__malloc_unlock
                0x08008978        0xc C:/ST/STM32CubeIDE_1.19.0/STM32CubeIDE/plugins/com.st.stm32cube.ide.mcu.externaltools.gnu-tools-for-stm32.13.3.rel1.win32_1.0.0.202411081344/tools/bin/../lib/gcc/arm-none-eabi/13.3.1/../../../../arm-none-eabi/lib/thumb/v7e-m+fp/hard\libc_nano.a(libc_a-mlock.o)
                0x08008978                __malloc_unlock
 .text.memset   0x08008984       0x10 C:/ST/STM32CubeIDE_1.19.0/STM32CubeIDE/plugins/com.st.stm32cube.ide.mcu.externaltools.gnu-tools-for-stm32.13.3.rel1.win32_1.0.0.202411081344/tools/bin/../lib/gcc/arm-none-eabi/13.3.1/../../../../arm-none-eabi/lib/thumb/v7e-m+fp/hard\libc_nano.a(libc_a-memset.o)
                0x08008984                memset
 .text._sbrk_r  0x08008994       0x20 C:/ST/STM32CubeIDE_1.19.0/STM32CubeIDE/plugins/com.st.stm32cube.ide.mcu.externaltools.gnu-tools-for-stm32.13.3.rel1.win32_1.0.0.202411081344/tools/bin/../lib/gcc/arm-none-eabi/13.3.1/../../../../arm-none-eabi/lib/thumb/v7e-m+fp/hard\libc_nano.a(libc_a-sbrkr.o)
                0x08008994                _sbrk_r
 .text.__errno  0x080089b4        0xc C:/ST/STM32CubeIDE_1.19.0/STM32CubeIDE/plugins/com.st.stm32cube.ide.mcu.externaltools.gnu-tools-for-stm32.13.3.rel1.win32_1.0.0.202411081344/tools/bin/../lib/gcc/arm-none-eabi/13.3.1/../../../../arm-none-eabi/lib/thumb/v7e-m+fp/hard\libc_nano.a(libc_a-errno.o)
                0x080089b4                __errno
 .text.__libc_init_array
                0x080089c0       0x48 C:/ST/STM32CubeIDE_1.19.0/STM32CubeIDE/plugins/com.st.stm32cube.ide.mcu.externaltools.gnu-tools-for-stm32.13.3.rel1.win32_1.0.0.202411081344/tools/bin/../lib/gcc/arm-none-eabi/13.3.1/../../../../arm-none-eabi/lib/thumb/v7e-m+fp/hard\libc_nano.a(libc_a-init.o)
                0x080089c0                __libc_init_array
 .text.__retarget_lock_acquire_recursive
                0x08008a08        0x2 C:/ST/STM32CubeIDE_1.19.0/STM32CubeIDE/plugins/com.st.stm32cube.ide.mcu.externaltools.gnu-tools-for-stm32.13.3.rel1.win32_1.0.0.202411081344/tools/bin/../lib/gcc/arm-none-eabi/13.3.1/../../../../arm-none-eabi/lib/thumb/v7e-m+fp/hard\libc_nano.a(libc_a-lock.o)
                0x08008a08                __retarget_lock_acquire_recursive
 .text.__retarget_lock_release_recursive
                0x08008a0a        0x2 C:/ST/STM32CubeIDE_1.19.0/STM32CubeIDE/plugins/com.st.stm32cube.ide.mcu.externaltools.gnu-tools-for-stm32.13.3.rel1.win32_1.0.0.202411081344/tools/bin/../lib/gcc/arm-none-eabi/13.3.1/../../../../arm-none-eabi/lib/thumb/v7e-m+fp/hard\libc_nano.a(libc_a-lock.o)
                0x08008a0a                __retarget_lock_release_recursive
 .text._free_r  0x08008a0c       0x94 C:/ST/STM32CubeIDE_1.19.0/STM32CubeIDE/plugins/com.st.stm32cube.ide.mcu.externaltools.gnu-tools-for-stm32.13.3.rel1.win32_1.0.0.202411081344/tools/bin/../lib/gcc/arm-none-eabi/13.3.1/../../../../arm-none-eabi/lib/thumb/v7e-m+fp/hard\libc_nano.a(libc_a-freer.o)
                0x08008a0c                _free_r
 *(.glue_7)
 .glue_7        0x08008aa0        0x0 linker stubs
 *(.glue_7t)
 .glue_7t       0x08008aa0        0x0 linker stubs
 *(.eh_frame)
 .eh_frame      0x08008aa0        0x0 C:/ST/STM32CubeIDE_1.19.0/STM32CubeIDE/plugins/com.st.stm32cube.ide.mcu.externaltools.gnu-tools-for-stm32.13.3.rel1.win32_1.0.0.202411081344/tools/bin/../lib/gcc/arm-none-eabi/13.3.1/thumb/v7e-m+fp/hard/crtbegin.o
 *(.init)
 .init          0x08008aa0        0x4 C:/ST/STM32CubeIDE_1.19.0/STM32CubeIDE/plugins/com.st.stm32cube.ide.mcu.externaltools.gnu-tools-for-stm32.13.3.rel1.win32_1.0.0.202411081344/tools/bin/../lib/gcc/arm-none-eabi/13.3.1/thumb/v7e-m+fp/hard/crti.o
                0x08008aa0                _init
 .init          0x08008aa4        0x8 C:/ST/STM32CubeIDE_1.19.0/STM32CubeIDE/plugins/com.st.stm32cube.ide.mcu.externaltools.gnu-tools-for-stm32.13.3.rel1.win32_1.0.0.202411081344/tools/bin/../lib/gcc/arm-none-eabi/13.3.1/thumb/v7e-m+fp/hard/crtn.o
 *(.fini)
 .fini          0x08008aac        0x4 C:/ST/STM32CubeIDE_1.19.0/STM32CubeIDE/plugins/com.st.stm32cube.ide.mcu.externaltools.gnu-tools-for-stm32.13.3.rel1.win32_1.0.0.202411081344/tools/bin/../lib/gcc/arm-none-eabi/13.3.1/thumb/v7e-m+fp/hard/crti.o
                0x08008aac                _fini
 .fini          0x08008ab0        0x8 C:/ST/STM32CubeIDE_1.19.0/STM32CubeIDE/plugins/com.st.stm32cube.ide.mcu.externaltools.gnu-tools-for-stm32.13.3.rel1.win32_1.0.0.202411081344/tools/bin/../lib/gcc/arm-none-eabi/13.3.1/thumb/v7e-m+fp/hard/crtn.o
                0x08008ab8                        . = ALIGN (0x4)
                0x08008ab8                        _etext = .

.vfp11_veneer   0x08008ab8        0x0
 .vfp11_veneer  0x08008ab8        0x0 linker stubs

.v4_bx          0x08008ab8        0x0
 .v4_bx         0x08008ab8        0x0 linker stubs

.iplt           0x08008ab8        0x0
 .iplt          0x08008ab8        0x0 C:/ST/STM32CubeIDE_1.19.0/STM32CubeIDE/plugins/com.st.stm32cube.ide.mcu.externaltools.gnu-tools-for-stm32.13.3.rel1.win32_1.0.0.202411081344/tools/bin/../lib/gcc/arm-none-eabi/13.3.1/thumb/v7e-m+fp/hard/crtbegin.o

.rodata         0x08008ab8     0x44c4
                0x08008ab8                        . = ALIGN (0x4)
 *(.rodata)
 .rodata        0x08008ab8        0x4 ./Middlewares/ST/STM32_USB_Host_Library/Class/HID/Src/usbh_hid.o
 *(.rodata*)
 .rodata.STREAM_OFFSET_TAB
                0x08008abc        0x8 ./Core/Src/main.o
 .rodata.OFFSET_TAB_CCMRx
                0x08008ac4        0x7 ./Core/Src/main.o
 *fill*         0x08008acb        0x1 
 .rodata.SHIFT_TAB_OCxx
                0x08008acc        0x7 ./Core/Src/main.o
 *fill*         0x08008ad3        0x1 
 .rodata.SHIFT_TAB_ICxx
                0x08008ad4        0x7 ./Core/Src/main.o
 *fill*         0x08008adb        0x1 
 .rodata.SHIFT_TAB_CCxP
                0x08008adc        0x7 ./Core/Src/main.o
 *fill*         0x08008ae3        0x1 
 .rodata.spectrum_rom_48k
                0x08008ae4     0x4000 ./Core/Src/spectrum_rom.o
                0x08008ae4                spectrum_rom_48k
 .rodata.STREAM_OFFSET_TAB
                0x0800cae4        0x8 ./Core/Src/video.o
 .rodata.font6x8
                0x0800caec      0x180 ./Core/Src/video.o
 .rodata.imp_0_lctrl
                0x0800cc6c       0x20 ./Middlewares/ST/STM32_USB_Host_Library/Class/HID/Src/usbh_hid_keybd.o
 .rodata.imp_0_lshift
                0x0800cc8c       0x20 ./Middlewares/ST/STM32_USB_Host_Library/Class/HID/Src/usbh_hid_keybd.o
 .rodata.imp_0_lalt
                0x0800ccac       0x20 ./Middlewares/ST/STM32_USB_Host_Library/Class/HID/Src/usbh_hid_keybd.o
 .rodata.imp_0_lgui
                0x0800cccc       0x20 ./Middlewares/ST/STM32_USB_Host_Library/Class/HID/Src/usbh_hid_keybd.o
 .rodata.imp_0_rctrl
                0x0800ccec       0x20 ./Middlewares/ST/STM32_USB_Host_Library/Class/HID/Src/usbh_hid_keybd.o
 .rodata.imp_0_rshift
                0x0800cd0c       0x20 ./Middlewares/ST/STM32_USB_Host_Library/Class/HID/Src/usbh_hid_keybd.o
 .rodata.imp_0_ralt
                0x0800cd2c       0x20 ./Middlewares/ST/STM32_USB_Host_Library/Class/HID/Src/usbh_hid_keybd.o
 .rodata.imp_0_rgui
                0x0800cd4c       0x20 ./Middlewares/ST/STM32_USB_Host_Library/Class/HID/Src/usbh_hid_keybd.o
 .rodata.imp_0_key_array
                0x0800cd6c       0x20 ./Middlewares/ST/STM32_USB_Host_Library/Class/HID/Src/usbh_hid_keybd.o
 .rodata.HID_KEYBRD_Key
                0x0800cd8c       0x84 ./Middlewares/ST/STM32_USB_Host_Library/Class/HID/Src/usbh_hid_keybd.o
 .rodata.HID_KEYBRD_ShiftKey
                0x0800ce10       0x84 ./Middlewares/ST/STM32_USB_Host_Library/Class/HID/Src/usbh_hid_keybd.o
 .rodata.HID_KEYBRD_Codes
                0x0800ce94       0xe8 ./Middlewares/ST/STM32_USB_Host_Library/Class/HID/Src/usbh_hid_keybd.o
                0x0800cf7c                        . = ALIGN (0x4)

.ARM.extab      0x0800cf7c        0x0
                0x0800cf7c                        . = ALIGN (0x4)
 *(.ARM.extab* .gnu.linkonce.armextab.*)
                0x0800cf7c                        . = ALIGN (0x4)

.ARM            0x0800cf7c        0x0
                0x0800cf7c                        . = ALIGN (0x4)
                0x0800cf7c                        __exidx_start = .
 *(.ARM.exidx*)
                0x0800cf7c                        __exidx_end = .
                0x0800cf7c                        . = ALIGN (0x4)

.preinit_array  0x0800cf7c        0x0
                0x0800cf7c                        . = ALIGN (0x4)
                0x0800cf7c                        PROVIDE (__preinit_array_start = .)
 *(.preinit_array*)
                0x0800cf7c                        PROVIDE (__preinit_array_end = .)
                0x0800cf7c                        . = ALIGN (0x4)

.init_array     0x0800cf7c        0x4
                0x0800cf7c                        . = ALIGN (0x4)
                0x0800cf7c                        PROVIDE (__init_array_start = .)
 *(SORT_BY_NAME(.init_array.*))
 *(.init_array*)
 .init_array    0x0800cf7c        0x4 C:/ST/STM32CubeIDE_1.19.0/STM32CubeIDE/plugins/com.st.stm32cube.ide.mcu.externaltools.gnu-tools-for-stm32.13.3.rel1.win32_1.0.0.202411081344/tools/bin/../lib/gcc/arm-none-eabi/13.3.1/thumb/v7e-m+fp/hard/crtbegin.o
                0x0800cf80                        PROVIDE (__init_array_end = .)
                0x0800cf80                        . = ALIGN (0x4)

.fini_array     0x0800cf80        0x4
                0x0800cf80                        . = ALIGN (0x4)
                [!provide]                        PROVIDE (__fini_array_start = .)
 *(SORT_BY_NAME(.fini_array.*))
 *(.fini_array*)
 .fini_array    0x0800cf80        0x4 C:/ST/STM32CubeIDE_1.19.0/STM32CubeIDE/plugins/com.st.stm32cube.ide.mcu.externaltools.gnu-tools-for-stm32.13.3.rel1.win32_1.0.0.202411081344/tools/bin/../lib/gcc/arm-none-eabi/13.3.1/thumb/v7e-m+fp/hard/crtbegin.o
                [!provide]                        PROVIDE (__fini_array_end = .)
                0x0800cf84                        . = ALIGN (0x4)
                0x0800cf84                        _sidata = LOADADDR (.data)

.rel.dyn        0x0800cf84        0x0
 .rel.iplt      0x0800cf84        0x0 C:/ST/STM32CubeIDE_1.19.0/STM32CubeIDE/plugins/com.st.stm32cube.ide.mcu.externaltools.gnu-tools-for-stm32.13.3.rel1.win32_1.0.0.202411081344/tools/bin/../lib/gcc/arm-none-eabi/13.3.1/thumb/v7e-m+fp/hard/crtbegin.o

.data           0x20000000       0x90 load address 0x0800cf84
                0x20000000                        . = ALIGN (0x4)
                0x20000000                        _sdata = .
 *(.data)
 *(.data*)
 .data.multiplier
                0x20000000        0x4 ./Core/Src/main.o
                0x20000000                multiplier
 .data.sign_positive
                0x20000004        0x1 ./Core/Src/main.o
 *fill*         0x20000005        0x3 
 .data.SystemCoreClock
                0x20000008        0x4 ./Core/Src/system_stm32f4xx.o
                0x20000008                SystemCoreClock
 .data.render_buf
                0x2000000c        0x4 ./Core/Src/video.o
                0x2000000c                render_buf
 .data.display_buf
                0x20000010        0x4 ./Core/Src/video.o
                0x20000010                display_buf
 .data.margin_lines
                0x20000014        0x1 ./Core/Src/video.o
                0x20000014                margin_lines
 .data.line_wait
                0x20000015        0x1 ./Core/Src/video.o
                0x20000015                line_wait
 .data.swap_line
                0x20000016        0x1 ./Core/Src/video.o
                0x20000016                swap_line
 *fill*         0x20000017        0x1 
 .data.uwTickPrio
                0x20000018        0x4 ./Drivers/STM32F4xx_HAL_Driver/Src/stm32f4xx_hal.o
                0x20000018                uwTickPrio
 .data.uwTickFreq
                0x2000001c        0x1 ./Drivers/STM32F4xx_HAL_Driver/Src/stm32f4xx_hal.o
                0x2000001c                uwTickFreq
 *fill*         0x2000001d        0x3 
 .data.HID_Class
                0x20000020       0x20 ./Middlewares/ST/STM32_USB_Host_Library/Class/HID/Src/usbh_hid.o
                0x20000020                HID_Class
 .data._impure_ptr
                0x20000040        0x4 C:/ST/STM32CubeIDE_1.19.0/STM32CubeIDE/plugins/com.st.stm32cube.ide.mcu.externaltools.gnu-tools-for-stm32.13.3.rel1.win32_1.0.0.202411081344/tools/bin/../lib/gcc/arm-none-eabi/13.3.1/../../../../arm-none-eabi/lib/thumb/v7e-m+fp/hard\libc_nano.a(libc_a-impure.o)
                0x20000040                _impure_ptr
 .data._impure_data
                0x20000044       0x4c C:/ST/STM32CubeIDE_1.19.0/STM32CubeIDE/plugins/com.st.stm32cube.ide.mcu.externaltools.gnu-tools-for-stm32.13.3.rel1.win32_1.0.0.202411081344/tools/bin/../lib/gcc/arm-none-eabi/13.3.1/../../../../arm-none-eabi/lib/thumb/v7e-m+fp/hard\libc_nano.a(libc_a-impure.o)
                0x20000044                _impure_data
 *(.RamFunc)
 *(.RamFunc*)
                0x20000090                        . = ALIGN (0x4)
                0x20000090                        _edata = .

.igot.plt       0x20000090        0x0 load address 0x0800d014
 .igot.plt      0x20000090        0x0 C:/ST/STM32CubeIDE_1.19.0/STM32CubeIDE/plugins/com.st.stm32cube.ide.mcu.externaltools.gnu-tools-for-stm32.13.3.rel1.win32_1.0.0.202411081344/tools/bin/../lib/gcc/arm-none-eabi/13.3.1/thumb/v7e-m+fp/hard/crtbegin.o
                0x20000090                        . = ALIGN (0x4)

.bss            0x20000090     0xd7bc load address 0x0800d014
                0x20000090                        _sbss = .
                0x20000090                        __bss_start__ = _sbss
 *(.bss)
 .bss           0x20000090       0x1c C:/ST/STM32CubeIDE_1.19.0/STM32CubeIDE/plugins/com.st.stm32cube.ide.mcu.externaltools.gnu-tools-for-stm32.13.3.rel1.win32_1.0.0.202411081344/tools/bin/../lib/gcc/arm-none-eabi/13.3.1/thumb/v7e-m+fp/hard/crtbegin.o
 *(.bss*)
 .bss.spectrum_ram
                0x200000ac     0xc000 ./Core/Src/spectrum_core.o
                0x200000ac                spectrum_ram
 .bss.__sbrk_heap_end
                0x2000c0ac        0x4 ./Core/Src/sysmem.o
 .bss.linebufa  0x2000c0b0      0x400 ./Core/Src/video.o
                0x2000c0b0                linebufa
 .bss.linebufb  0x2000c4b0      0x400 ./Core/Src/video.o
                0x2000c4b0                linebufb
 .bss.border_pixel_buffer
                0x2000c8b0      0x400 ./Core/Src/video.o
                0x2000c8b0                border_pixel_buffer
 .bss.t5_cnt    0x2000ccb0        0x4 ./Core/Src/video.o
                0x2000ccb0                t5_cnt
 .bss.activeFstart
                0x2000ccb4        0x4 ./Core/Src/video.o
                0x2000ccb4                activeFstart
 .bss.activeFend
                0x2000ccb8        0x4 ./Core/Src/video.o
                0x2000ccb8                activeFend
 .bss.one_line  0x2000ccbc        0x4 ./Core/Src/video.o
                0x2000ccbc                one_line
 .bss.margin    0x2000ccc0        0x4 ./Core/Src/video.o
                0x2000ccc0                margin
 .bss.dmaStarted
                0x2000ccc4        0x1 ./Core/Src/video.o
                0x2000ccc4                dmaStarted
 *fill*         0x2000ccc5        0x1 
 .bss.active_line
                0x2000ccc6        0x2 ./Core/Src/video.o
                0x2000ccc6                active_line
 .bss.render_line
                0x2000ccc8        0x1 ./Core/Src/video.o
                0x2000ccc8                render_line
 *fill*         0x2000ccc9        0x3 
 .bss.debug1    0x2000cccc       0x20 ./Core/Src/video.o
 .bss.debug2    0x2000ccec       0x20 ./Core/Src/video.o
 .bss.debug3    0x2000cd0c       0x20 ./Core/Src/video.o
 .bss.debug4    0x2000cd2c       0x20 ./Core/Src/video.o
 .bss.debug5    0x2000cd4c       0x20 ./Core/Src/video.o
 .bss.debug6    0x2000cd6c       0x20 ./Core/Src/video.o
 .bss.debug7    0x2000cd8c       0x20 ./Core/Src/video.o
 .bss.debug8    0x2000cdac       0x20 ./Core/Src/video.o
 .bss.debug9    0x2000cdcc       0x20 ./Core/Src/video.o
 .bss.repeat    0x2000cdec        0x1 ./Core/Src/video.o
                0x2000cdec                repeat
 *fill*         0x2000cded        0x3 
 .bss.tmp.0     0x2000cdf0      0x100 ./Core/Src/video.o
 .bss.z80       0x2000cef0       0x1c ./Core/Src/z80.o
                0x2000cef0                z80
 .bss.uwTick    0x2000cf0c        0x4 ./Drivers/STM32F4xx_HAL_Driver/Src/stm32f4xx_hal.o
                0x2000cf0c                uwTick
 .bss.keybd_info
                0x2000cf10        0xf ./Middlewares/ST/STM32_USB_Host_Library/Class/HID/Src/usbh_hid_keybd.o
                0x2000cf10                keybd_info
 *fill*         0x2000cf1f        0x1 
 .bss.keybd_rx_report_buf
                0x2000cf20        0x8 ./Middlewares/ST/STM32_USB_Host_Library/Class/HID/Src/usbh_hid_keybd.o
                0x2000cf20                keybd_rx_report_buf
 .bss.keybd_report_data
                0x2000cf28        0x8 ./Middlewares/ST/STM32_USB_Host_Library/Class/HID/Src/usbh_hid_keybd.o
                0x2000cf28                keybd_report_data
 .bss.mouse_info
                0x2000cf30        0x5 ./Middlewares/ST/STM32_USB_Host_Library/Class/HID/Src/usbh_hid_mouse.o
                0x2000cf30                mouse_info
 *fill*         0x2000cf35        0x3 
 .bss.mouse_report_data
                0x2000cf38        0x8 ./Middlewares/ST/STM32_USB_Host_Library/Class/HID/Src/usbh_hid_mouse.o
                0x2000cf38                mouse_report_data
 .bss.mouse_rx_report_buf
                0x2000cf40        0x8 ./Middlewares/ST/STM32_USB_Host_Library/Class/HID/Src/usbh_hid_mouse.o
                0x2000cf40                mouse_rx_report_buf
 .bss.hUsbHostFS
                0x2000cf48      0x3d8 ./USB_HOST/App/usb_host.o
                0x2000cf48                hUsbHostFS
 .bss.Appli_state
                0x2000d320        0x1 ./USB_HOST/App/usb_host.o
                0x2000d320                Appli_state
 *fill*         0x2000d321        0x3 
 .bss.hhcd_USB_OTG_FS
                0x2000d324      0x3e0 ./USB_HOST/Target/usbh_conf.o
                0x2000d324                hhcd_USB_OTG_FS
 .bss.__malloc_sbrk_start
                0x2000d704        0x4 C:/ST/STM32CubeIDE_1.19.0/STM32CubeIDE/plugins/com.st.stm32cube.ide.mcu.externaltools.gnu-tools-for-stm32.13.3.rel1.win32_1.0.0.202411081344/tools/bin/../lib/gcc/arm-none-eabi/13.3.1/../../../../arm-none-eabi/lib/thumb/v7e-m+fp/hard\libc_nano.a(libc_a-mallocr.o)
                0x2000d704                __malloc_sbrk_start
 .bss.__malloc_free_list
                0x2000d708        0x4 C:/ST/STM32CubeIDE_1.19.0/STM32CubeIDE/plugins/com.st.stm32cube.ide.mcu.externaltools.gnu-tools-for-stm32.13.3.rel1.win32_1.0.0.202411081344/tools/bin/../lib/gcc/arm-none-eabi/13.3.1/../../../../arm-none-eabi/lib/thumb/v7e-m+fp/hard\libc_nano.a(libc_a-mallocr.o)
                0x2000d708                __malloc_free_list
 .bss.__sf      0x2000d70c      0x138 C:/ST/STM32CubeIDE_1.19.0/STM32CubeIDE/plugins/com.st.stm32cube.ide.mcu.externaltools.gnu-tools-for-stm32.13.3.rel1.win32_1.0.0.202411081344/tools/bin/../lib/gcc/arm-none-eabi/13.3.1/../../../../arm-none-eabi/lib/thumb/v7e-m+fp/hard\libc_nano.a(libc_a-findfp.o)
                0x2000d70c                __sf
 .bss.errno     0x2000d844        0x4 C:/ST/STM32CubeIDE_1.19.0/STM32CubeIDE/plugins/com.st.stm32cube.ide.mcu.externaltools.gnu-tools-for-stm32.13.3.rel1.win32_1.0.0.202411081344/tools/bin/../lib/gcc/arm-none-eabi/13.3.1/../../../../arm-none-eabi/lib/thumb/v7e-m+fp/hard\libc_nano.a(libc_a-reent.o)
                0x2000d844                errno
 .bss.__lock___malloc_recursive_mutex
                0x2000d848        0x1 C:/ST/STM32CubeIDE_1.19.0/STM32CubeIDE/plugins/com.st.stm32cube.ide.mcu.externaltools.gnu-tools-for-stm32.13.3.rel1.win32_1.0.0.202411081344/tools/bin/../lib/gcc/arm-none-eabi/13.3.1/../../../../arm-none-eabi/lib/thumb/v7e-m+fp/hard\libc_nano.a(libc_a-lock.o)
                0x2000d848                __lock___malloc_recursive_mutex
 *(COMMON)
                0x2000d84c                        . = ALIGN (0x4)
 *fill*         0x2000d849        0x3 
                0x2000d84c                        _ebss = .
                0x2000d84c                        __bss_end__ = _ebss

._user_heap_stack
                0x2000d84c      0x604 load address 0x0800d014
                0x2000d850                        . = ALIGN (0x8)
 *fill*         0x2000d84c        0x4 
                [!provide]                        PROVIDE (end = .)
                0x2000d850                        PROVIDE (_end = .)
                0x2000da50                        . = (. + _Min_Heap_Size)
 *fill*         0x2000d850      0x200 
                0x2000de50                        . = (. + _Min_Stack_Size)
 *fill*         0x2000da50      0x400 
                0x2000de50                        . = ALIGN (0x8)

/DISCARD/
 libc.a(*)
 libm.a(*)
 libgcc.a(*)

.ARM.attributes
                0x00000000       0x30
 *(.ARM.attributes)
 .ARM.attributes
                0x00000000       0x22 C:/ST/STM32CubeIDE_1.19.0/STM32CubeIDE/plugins/com.st.stm32cube.ide.mcu.externaltools.gnu-tools-for-stm32.13.3.rel1.win32_1.0.0.202411081344/tools/bin/../lib/gcc/arm-none-eabi/13.3.1/thumb/v7e-m+fp/hard/crti.o
 .ARM.attributes
                0x00000022       0x34 C:/ST/STM32CubeIDE_1.19.0/STM32CubeIDE/plugins/com.st.stm32cube.ide.mcu.externaltools.gnu-tools-for-stm32.13.3.rel1.win32_1.0.0.202411081344/tools/bin/../lib/gcc/arm-none-eabi/13.3.1/thumb/v7e-m+fp/hard/crtbegin.o
 .ARM.attributes
                0x00000056       0x34 ./Core/Src/main.o
 .ARM.attributes
                0x0000008a       0x34 ./Core/Src/spectrum_core.o
 .ARM.attributes
                0x000000be       0x34 ./Core/Src/spectrum_rom.o
 .ARM.attributes
                0x000000f2       0x34 ./Core/Src/stm32f4xx_hal_msp.o
 .ARM.attributes
                0x00000126       0x34 ./Core/Src/stm32f4xx_it.o
 .ARM.attributes
                0x0000015a       0x34 ./Core/Src/sysmem.o
 .ARM.attributes
                0x0000018e       0x34 ./Core/Src/system_stm32f4xx.o
 .ARM.attributes
                0x000001c2       0x34 ./Core/Src/vga.o
 .ARM.attributes
                0x000001f6       0x34 ./Core/Src/video.o
 .ARM.attributes
                0x0000022a       0x34 ./Core/Src/z80.o
 .ARM.attributes
                0x0000025e       0x21 ./Core/Startup/startup_stm32f401ccux.o
 .ARM.attributes
                0x0000027f       0x34 ./Drivers/STM32F4xx_HAL_Driver/Src/stm32f4xx_hal.o
 .ARM.attributes
                0x000002b3       0x34 ./Drivers/STM32F4xx_HAL_Driver/Src/stm32f4xx_hal_cortex.o
 .ARM.attributes
                0x000002e7       0x34 ./Drivers/STM32F4xx_HAL_Driver/Src/stm32f4xx_hal_gpio.o
 .ARM.attributes
                0x0000031b       0x34 ./Drivers/STM32F4xx_HAL_Driver/Src/stm32f4xx_hal_hcd.o
 .ARM.attributes
                0x0000034f       0x34 ./Drivers/STM32F4xx_HAL_Driver/Src/stm32f4xx_ll_gpio.o
 .ARM.attributes
                0x00000383       0x34 ./Drivers/STM32F4xx_HAL_Driver/Src/stm32f4xx_ll_spi.o
 .ARM.attributes
                0x000003b7       0x34 ./Drivers/STM32F4xx_HAL_Driver/Src/stm32f4xx_ll_tim.o
 .ARM.attributes
                0x000003eb       0x34 ./Drivers/STM32F4xx_HAL_Driver/Src/stm32f4xx_ll_usb.o
 .ARM.attributes
                0x0000041f       0x34 ./Drivers/STM32F4xx_HAL_Driver/Src/stm32f4xx_ll_utils.o
 .ARM.attributes
                0x00000453       0x34 ./Middlewares/ST/STM32_USB_Host_Library/Class/HID/Src/usbh_hid.o
 .ARM.attributes
                0x00000487       0x34 ./Middlewares/ST/STM32_USB_Host_Library/Class/HID/Src/usbh_hid_keybd.o
 .ARM.attributes
                0x000004bb       0x34 ./Middlewares/ST/STM32_USB_Host_Library/Class/HID/Src/usbh_hid_mouse.o
 .ARM.attributes
                0x000004ef       0x34 ./Middlewares/ST/STM32_USB_Host_Library/Class/HID/Src/usbh_hid_parser.o
 .ARM.attributes
                0x00000523       0x34 ./Middlewares/ST/STM32_USB_Host_Library/Core/Src/usbh_core.o
 .ARM.attributes
                0x00000557       0x34 ./Middlewares/ST/STM32_USB_Host_Library/Core/Src/usbh_ctlreq.o
 .ARM.attributes
                0x0000058b       0x34 ./Middlewares/ST/STM32_USB_Host_Library/Core/Src/usbh_ioreq.o
 .ARM.attributes
                0x000005bf       0x34 ./Middlewares/ST/STM32_USB_Host_Library/Core/Src/usbh_pipes.o
 .ARM.attributes
                0x000005f3       0x34 ./USB_HOST/App/usb_host.o
 .ARM.attributes
                0x00000627       0x34 ./USB_HOST/Target/usbh_conf.o
 .ARM.attributes
                0x0000065b       0x34 ./USB_HOST/Target/usbh_platform.o
 .ARM.attributes
                0x0000068f       0x34 C:/ST/STM32CubeIDE_1.19.0/STM32CubeIDE/plugins/com.st.stm32cube.ide.mcu.externaltools.gnu-tools-for-stm32.13.3.rel1.win32_1.0.0.202411081344/tools/bin/../lib/gcc/arm-none-eabi/13.3.1/../../../../arm-none-eabi/lib/thumb/v7e-m+fp/hard\libc_nano.a(libc_a-malloc.o)
 .ARM.attributes
                0x000006c3       0x34 C:/ST/STM32CubeIDE_1.19.0/STM32CubeIDE/plugins/com.st.stm32cube.ide.mcu.externaltools.gnu-tools-for-stm32.13.3.rel1.win32_1.0.0.202411081344/tools/bin/../lib/gcc/arm-none-eabi/13.3.1/../../../../arm-none-eabi/lib/thumb/v7e-m+fp/hard\libc_nano.a(libc_a-mallocr.o)
 .ARM.attributes
                0x000006f7       0x34 C:/ST/STM32CubeIDE_1.19.0/STM32CubeIDE/plugins/com.st.stm32cube.ide.mcu.externaltools.gnu-tools-for-stm32.13.3.rel1.win32_1.0.0.202411081344/tools/bin/../lib/gcc/arm-none-eabi/13.3.1/../../../../arm-none-eabi/lib/thumb/v7e-m+fp/hard\libc_nano.a(libc_a-mlock.o)
 .ARM.attributes
                0x0000072b       0x34 C:/ST/STM32CubeIDE_1.19.0/STM32CubeIDE/plugins/com.st.stm32cube.ide.mcu.externaltools.gnu-tools-for-stm32.13.3.rel1.win32_1.0.0.202411081344/tools/bin/../lib/gcc/arm-none-eabi/13.3.1/../../../../arm-none-eabi/lib/thumb/v7e-m+fp/hard\libc_nano.a(libc_a-findfp.o)
 .ARM.attributes
                0x0000075f       0x34 C:/ST/STM32CubeIDE_1.19.0/STM32CubeIDE/plugins/com.st.stm32cube.ide.mcu.externaltools.gnu-tools-for-stm32.13.3.rel1.win32_1.0.0.202411081344/tools/bin/../lib/gcc/arm-none-eabi/13.3.1/../../../../arm-none-eabi/lib/thumb/v7e-m+fp/hard\libc_nano.a(libc_a-memset.o)
 .ARM.attributes
                0x00000793       0x34 C:/ST/STM32CubeIDE_1.19.0/STM32CubeIDE/plugins/com.st.stm32cube.ide.mcu.externaltools.gnu-tools-for-stm32.13.3.rel1.win32_1.0.0.202411081344/tools/bin/../lib/gcc/arm-none-eabi/13.3.1/../../../../arm-none-eabi/lib/thumb/v7e-m+fp/hard\libc_nano.a(libc_a-reent.o)
 .ARM.attributes
                0x000007c7       0x34 C:/ST/STM32CubeIDE_1.19.0/STM32CubeIDE/plugins/com.st.stm32cube.ide.mcu.externaltools.gnu-tools-for-stm32.13.3.rel1.win32_1.0.0.202411081344/tools/bin/../lib/gcc/arm-none-eabi/13.3.1/../../../../arm-none-eabi/lib/thumb/v7e-m+fp/hard\libc_nano.a(libc_a-impure.o)
 .ARM.attributes
                0x000007fb       0x34 C:/ST/STM32CubeIDE_1.19.0/STM32CubeIDE/plugins/com.st.stm32cube.ide.mcu.externaltools.gnu-tools-for-stm32.13.3.rel1.win32_1.0.0.202411081344/tools/bin/../lib/gcc/arm-none-eabi/13.3.1/../../../../arm-none-eabi/lib/thumb/v7e-m+fp/hard\libc_nano.a(libc_a-sbrkr.o)
 .ARM.attributes
                0x0000082f       0x34 C:/ST/STM32CubeIDE_1.19.0/STM32CubeIDE/plugins/com.st.stm32cube.ide.mcu.externaltools.gnu-tools-for-stm32.13.3.rel1.win32_1.0.0.202411081344/tools/bin/../lib/gcc/arm-none-eabi/13.3.1/../../../../arm-none-eabi/lib/thumb/v7e-m+fp/hard\libc_nano.a(libc_a-errno.o)
 .ARM.attributes
                0x00000863       0x34 C:/ST/STM32CubeIDE_1.19.0/STM32CubeIDE/plugins/com.st.stm32cube.ide.mcu.externaltools.gnu-tools-for-stm32.13.3.rel1.win32_1.0.0.202411081344/tools/bin/../lib/gcc/arm-none-eabi/13.3.1/../../../../arm-none-eabi/lib/thumb/v7e-m+fp/hard\libc_nano.a(libc_a-init.o)
 .ARM.attributes
                0x00000897       0x34 C:/ST/STM32CubeIDE_1.19.0/STM32CubeIDE/plugins/com.st.stm32cube.ide.mcu.externaltools.gnu-tools-for-stm32.13.3.rel1.win32_1.0.0.202411081344/tools/bin/../lib/gcc/arm-none-eabi/13.3.1/../../../../arm-none-eabi/lib/thumb/v7e-m+fp/hard\libc_nano.a(libc_a-lock.o)
 .ARM.attributes
                0x000008cb       0x34 C:/ST/STM32CubeIDE_1.19.0/STM32CubeIDE/plugins/com.st.stm32cube.ide.mcu.externaltools.gnu-tools-for-stm32.13.3.rel1.win32_1.0.0.202411081344/tools/bin/../lib/gcc/arm-none-eabi/13.3.1/../../../../arm-none-eabi/lib/thumb/v7e-m+fp/hard\libc_nano.a(libc_a-freer.o)
 .ARM.attributes
                0x000008ff       0x22 C:/ST/STM32CubeIDE_1.19.0/STM32CubeIDE/plugins/com.st.stm32cube.ide.mcu.externaltools.gnu-tools-for-stm32.13.3.rel1.win32_1.0.0.202411081344/tools/bin/../lib/gcc/arm-none-eabi/13.3.1/thumb/v7e-m+fp/hard/crtn.o
OUTPUT(Stm32f401_ZXSpectrum_Emulator.elf elf32-littlearm)
LOAD linker stubs
LOAD C:/ST/STM32CubeIDE_1.19.0/STM32CubeIDE/plugins/com.st.stm32cube.ide.mcu.externaltools.gnu-tools-for-stm32.13.3.rel1.win32_1.0.0.202411081344/tools/bin/../lib/gcc/arm-none-eabi/13.3.1/../../../../arm-none-eabi/lib/thumb/v7e-m+fp/hard\libc.a
LOAD C:/ST/STM32CubeIDE_1.19.0/STM32CubeIDE/plugins/com.st.stm32cube.ide.mcu.externaltools.gnu-tools-for-stm32.13.3.rel1.win32_1.0.0.202411081344/tools/bin/../lib/gcc/arm-none-eabi/13.3.1/../../../../arm-none-eabi/lib/thumb/v7e-m+fp/hard\libm.a
LOAD C:/ST/STM32CubeIDE_1.19.0/STM32CubeIDE/plugins/com.st.stm32cube.ide.mcu.externaltools.gnu-tools-for-stm32.13.3.rel1.win32_1.0.0.202411081344/tools/bin/../lib/gcc/arm-none-eabi/13.3.1/thumb/v7e-m+fp/hard\libgcc.a

.debug_info     0x00000000    0x15e0b
 .debug_info    0x00000000     0x21e1 ./Core/Src/main.o
 .debug_info    0x000021e1      0x404 ./Core/Src/spectrum_core.o
 .debug_info    0x000025e5       0xc1 ./Core/Src/spectrum_rom.o
 .debug_info    0x000026a6      0x348 ./Core/Src/stm32f4xx_hal_msp.o
 .debug_info    0x000029ee      0x73a ./Core/Src/stm32f4xx_it.o
 .debug_info    0x00003128      0x168 ./Core/Src/sysmem.o
 .debug_info    0x00003290      0x53e ./Core/Src/system_stm32f4xx.o
 .debug_info    0x000037ce      0x701 ./Core/Src/vga.o
 .debug_info    0x00003ecf      0xdf4 ./Core/Src/video.o
 .debug_info    0x00004cc3      0x7fa ./Core/Src/z80.o
 .debug_info    0x000054bd       0x30 ./Core/Startup/startup_stm32f401ccux.o
 .debug_info    0x000054ed      0x8bb ./Drivers/STM32F4xx_HAL_Driver/Src/stm32f4xx_hal.o
 .debug_info    0x00005da8      0xcf6 ./Drivers/STM32F4xx_HAL_Driver/Src/stm32f4xx_hal_cortex.o
 .debug_info    0x00006a9e      0x6f9 ./Drivers/STM32F4xx_HAL_Driver/Src/stm32f4xx_hal_gpio.o
 .debug_info    0x00007197     0x114c ./Drivers/STM32F4xx_HAL_Driver/Src/stm32f4xx_hal_hcd.o
 .debug_info    0x000082e3      0x951 ./Drivers/STM32F4xx_HAL_Driver/Src/stm32f4xx_ll_gpio.o
 .debug_info    0x00008c34      0x7b6 ./Drivers/STM32F4xx_HAL_Driver/Src/stm32f4xx_ll_spi.o
 .debug_info    0x000093ea      0xf73 ./Drivers/STM32F4xx_HAL_Driver/Src/stm32f4xx_ll_tim.o
 .debug_info    0x0000a35d     0x1993 ./Drivers/STM32F4xx_HAL_Driver/Src/stm32f4xx_ll_usb.o
 .debug_info    0x0000bcf0      0x92c ./Drivers/STM32F4xx_HAL_Driver/Src/stm32f4xx_ll_utils.o
 .debug_info    0x0000c61c     0x145c ./Middlewares/ST/STM32_USB_Host_Library/Class/HID/Src/usbh_hid.o
 .debug_info    0x0000da78     0x1004 ./Middlewares/ST/STM32_USB_Host_Library/Class/HID/Src/usbh_hid_keybd.o
 .debug_info    0x0000ea7c      0xe62 ./Middlewares/ST/STM32_USB_Host_Library/Class/HID/Src/usbh_hid_mouse.o
 .debug_info    0x0000f8de      0x2ff ./Middlewares/ST/STM32_USB_Host_Library/Class/HID/Src/usbh_hid_parser.o
 .debug_info    0x0000fbdd     0x104a ./Middlewares/ST/STM32_USB_Host_Library/Core/Src/usbh_core.o
 .debug_info    0x00010c27     0x104e ./Middlewares/ST/STM32_USB_Host_Library/Core/Src/usbh_ctlreq.o
 .debug_info    0x00011c75      0xcc3 ./Middlewares/ST/STM32_USB_Host_Library/Core/Src/usbh_ioreq.o
 .debug_info    0x00012938      0xb2c ./Middlewares/ST/STM32_USB_Host_Library/Core/Src/usbh_pipes.o
 .debug_info    0x00013464      0xaa8 ./USB_HOST/App/usb_host.o
 .debug_info    0x00013f0c     0x1d27 ./USB_HOST/Target/usbh_conf.o
 .debug_info    0x00015c33      0x1d8 ./USB_HOST/Target/usbh_platform.o

.debug_abbrev   0x00000000     0x44b4
 .debug_abbrev  0x00000000      0x426 ./Core/Src/main.o
 .debug_abbrev  0x00000426      0x214 ./Core/Src/spectrum_core.o
 .debug_abbrev  0x0000063a       0x76 ./Core/Src/spectrum_rom.o
 .debug_abbrev  0x000006b0       0xdd ./Core/Src/stm32f4xx_hal_msp.o
 .debug_abbrev  0x0000078d      0x1bd ./Core/Src/stm32f4xx_it.o
 .debug_abbrev  0x0000094a       0xbc ./Core/Src/sysmem.o
 .debug_abbrev  0x00000a06      0x11a ./Core/Src/system_stm32f4xx.o
 .debug_abbrev  0x00000b20      0x257 ./Core/Src/vga.o
 .debug_abbrev  0x00000d77      0x338 ./Core/Src/video.o
 .debug_abbrev  0x000010af      0x251 ./Core/Src/z80.o
 .debug_abbrev  0x00001300       0x24 ./Core/Startup/startup_stm32f401ccux.o
 .debug_abbrev  0x00001324      0x24b ./Drivers/STM32F4xx_HAL_Driver/Src/stm32f4xx_hal.o
 .debug_abbrev  0x0000156f      0x31d ./Drivers/STM32F4xx_HAL_Driver/Src/stm32f4xx_hal_cortex.o
 .debug_abbrev  0x0000188c      0x1d3 ./Drivers/STM32F4xx_HAL_Driver/Src/stm32f4xx_hal_gpio.o
 .debug_abbrev  0x00001a5f      0x296 ./Drivers/STM32F4xx_HAL_Driver/Src/stm32f4xx_hal_hcd.o
 .debug_abbrev  0x00001cf5      0x236 ./Drivers/STM32F4xx_HAL_Driver/Src/stm32f4xx_ll_gpio.o
 .debug_abbrev  0x00001f2b      0x217 ./Drivers/STM32F4xx_HAL_Driver/Src/stm32f4xx_ll_spi.o
 .debug_abbrev  0x00002142      0x20f ./Drivers/STM32F4xx_HAL_Driver/Src/stm32f4xx_ll_tim.o
 .debug_abbrev  0x00002351      0x2b3 ./Drivers/STM32F4xx_HAL_Driver/Src/stm32f4xx_ll_usb.o
 .debug_abbrev  0x00002604      0x232 ./Drivers/STM32F4xx_HAL_Driver/Src/stm32f4xx_ll_utils.o
 .debug_abbrev  0x00002836      0x37d ./Middlewares/ST/STM32_USB_Host_Library/Class/HID/Src/usbh_hid.o
 .debug_abbrev  0x00002bb3      0x2e1 ./Middlewares/ST/STM32_USB_Host_Library/Class/HID/Src/usbh_hid_keybd.o
 .debug_abbrev  0x00002e94      0x2b3 ./Middlewares/ST/STM32_USB_Host_Library/Class/HID/Src/usbh_hid_mouse.o
 .debug_abbrev  0x00003147      0x106 ./Middlewares/ST/STM32_USB_Host_Library/Class/HID/Src/usbh_hid_parser.o
 .debug_abbrev  0x0000324d      0x33c ./Middlewares/ST/STM32_USB_Host_Library/Core/Src/usbh_core.o
 .debug_abbrev  0x00003589      0x2fe ./Middlewares/ST/STM32_USB_Host_Library/Core/Src/usbh_ctlreq.o
 .debug_abbrev  0x00003887      0x257 ./Middlewares/ST/STM32_USB_Host_Library/Core/Src/usbh_ioreq.o
 .debug_abbrev  0x00003ade      0x281 ./Middlewares/ST/STM32_USB_Host_Library/Core/Src/usbh_pipes.o
 .debug_abbrev  0x00003d5f      0x280 ./USB_HOST/App/usb_host.o
 .debug_abbrev  0x00003fdf      0x3c1 ./USB_HOST/Target/usbh_conf.o
 .debug_abbrev  0x000043a0      0x114 ./USB_HOST/Target/usbh_platform.o

.debug_aranges  0x00000000     0x11e8
 .debug_aranges
                0x00000000      0x238 ./Core/Src/main.o
 .debug_aranges
                0x00000238       0x60 ./Core/Src/spectrum_core.o
 .debug_aranges
                0x00000298       0x18 ./Core/Src/spectrum_rom.o
 .debug_aranges
                0x000002b0       0x20 ./Core/Src/stm32f4xx_hal_msp.o
 .debug_aranges
                0x000002d0       0x68 ./Core/Src/stm32f4xx_it.o
 .debug_aranges
                0x00000338       0x20 ./Core/Src/sysmem.o
 .debug_aranges
                0x00000358       0x28 ./Core/Src/system_stm32f4xx.o
 .debug_aranges
                0x00000380       0x58 ./Core/Src/vga.o
 .debug_aranges
                0x000003d8      0x100 ./Core/Src/video.o
 .debug_aranges
                0x000004d8       0x40 ./Core/Src/z80.o
 .debug_aranges
                0x00000518       0x28 ./Core/Startup/startup_stm32f401ccux.o
 .debug_aranges
                0x00000540       0xf0 ./Drivers/STM32F4xx_HAL_Driver/Src/stm32f4xx_hal.o
 .debug_aranges
                0x00000630      0x130 ./Drivers/STM32F4xx_HAL_Driver/Src/stm32f4xx_hal_cortex.o
 .debug_aranges
                0x00000760       0x58 ./Drivers/STM32F4xx_HAL_Driver/Src/stm32f4xx_hal_gpio.o
 .debug_aranges
                0x000007b8      0x108 ./Drivers/STM32F4xx_HAL_Driver/Src/stm32f4xx_hal_hcd.o
 .debug_aranges
                0x000008c0       0x70 ./Drivers/STM32F4xx_HAL_Driver/Src/stm32f4xx_ll_gpio.o
 .debug_aranges
                0x00000930       0x90 ./Drivers/STM32F4xx_HAL_Driver/Src/stm32f4xx_ll_spi.o
 .debug_aranges
                0x000009c0      0x128 ./Drivers/STM32F4xx_HAL_Driver/Src/stm32f4xx_ll_tim.o
 .debug_aranges
                0x00000ae8      0x1a0 ./Drivers/STM32F4xx_HAL_Driver/Src/stm32f4xx_ll_usb.o
 .debug_aranges
                0x00000c88       0xf8 ./Drivers/STM32F4xx_HAL_Driver/Src/stm32f4xx_ll_utils.o
 .debug_aranges
                0x00000d80       0xa8 ./Middlewares/ST/STM32_USB_Host_Library/Class/HID/Src/usbh_hid.o
 .debug_aranges
                0x00000e28       0x38 ./Middlewares/ST/STM32_USB_Host_Library/Class/HID/Src/usbh_hid_keybd.o
 .debug_aranges
                0x00000e60       0x30 ./Middlewares/ST/STM32_USB_Host_Library/Class/HID/Src/usbh_hid_mouse.o
 .debug_aranges
                0x00000e90       0x28 ./Middlewares/ST/STM32_USB_Host_Library/Class/HID/Src/usbh_hid_parser.o
 .debug_aranges
                0x00000eb8       0xc0 ./Middlewares/ST/STM32_USB_Host_Library/Core/Src/usbh_core.o
 .debug_aranges
                0x00000f78       0xa0 ./Middlewares/ST/STM32_USB_Host_Library/Core/Src/usbh_ctlreq.o
 .debug_aranges
                0x00001018       0x60 ./Middlewares/ST/STM32_USB_Host_Library/Core/Src/usbh_ioreq.o
 .debug_aranges
                0x00001078       0x40 ./Middlewares/ST/STM32_USB_Host_Library/Core/Src/usbh_pipes.o
 .debug_aranges
                0x000010b8       0x30 ./USB_HOST/App/usb_host.o
 .debug_aranges
                0x000010e8       0xe0 ./USB_HOST/Target/usbh_conf.o
 .debug_aranges
                0x000011c8       0x20 ./USB_HOST/Target/usbh_platform.o

.debug_rnglists
                0x00000000      0xd9a
 .debug_rnglists
                0x00000000      0x1b6 ./Core/Src/main.o
 .debug_rnglists
                0x000001b6       0x43 ./Core/Src/spectrum_core.o
 .debug_rnglists
                0x000001f9       0x13 ./Core/Src/stm32f4xx_hal_msp.o
 .debug_rnglists
                0x0000020c       0x49 ./Core/Src/stm32f4xx_it.o
 .debug_rnglists
                0x00000255       0x13 ./Core/Src/sysmem.o
 .debug_rnglists
                0x00000268       0x1a ./Core/Src/system_stm32f4xx.o
 .debug_rnglists
                0x00000282       0x3d ./Core/Src/vga.o
 .debug_rnglists
                0x000002bf       0xbf ./Core/Src/video.o
 .debug_rnglists
                0x0000037e       0x9f ./Core/Src/z80.o
 .debug_rnglists
                0x0000041d       0x19 ./Core/Startup/startup_stm32f401ccux.o
 .debug_rnglists
                0x00000436       0xaf ./Drivers/STM32F4xx_HAL_Driver/Src/stm32f4xx_hal.o
 .debug_rnglists
                0x000004e5       0xe0 ./Drivers/STM32F4xx_HAL_Driver/Src/stm32f4xx_hal_cortex.o
 .debug_rnglists
                0x000005c5       0x3f ./Drivers/STM32F4xx_HAL_Driver/Src/stm32f4xx_hal_gpio.o
 .debug_rnglists
                0x00000604       0xca ./Drivers/STM32F4xx_HAL_Driver/Src/stm32f4xx_hal_hcd.o
 .debug_rnglists
                0x000006ce       0x51 ./Drivers/STM32F4xx_HAL_Driver/Src/stm32f4xx_ll_gpio.o
 .debug_rnglists
                0x0000071f       0x6b ./Drivers/STM32F4xx_HAL_Driver/Src/stm32f4xx_ll_spi.o
 .debug_rnglists
                0x0000078a       0xe4 ./Drivers/STM32F4xx_HAL_Driver/Src/stm32f4xx_ll_tim.o
 .debug_rnglists
                0x0000086e      0x147 ./Drivers/STM32F4xx_HAL_Driver/Src/stm32f4xx_ll_usb.o
 .debug_rnglists
                0x000009b5       0xb8 ./Drivers/STM32F4xx_HAL_Driver/Src/stm32f4xx_ll_utils.o
 .debug_rnglists
                0x00000a6d       0x80 ./Middlewares/ST/STM32_USB_Host_Library/Class/HID/Src/usbh_hid.o
 .debug_rnglists
                0x00000aed       0x27 ./Middlewares/ST/STM32_USB_Host_Library/Class/HID/Src/usbh_hid_keybd.o
 .debug_rnglists
                0x00000b14       0x21 ./Middlewares/ST/STM32_USB_Host_Library/Class/HID/Src/usbh_hid_mouse.o
 .debug_rnglists
                0x00000b35       0x1b ./Middlewares/ST/STM32_USB_Host_Library/Class/HID/Src/usbh_hid_parser.o
 .debug_rnglists
                0x00000b50       0x8f ./Middlewares/ST/STM32_USB_Host_Library/Core/Src/usbh_core.o
 .debug_rnglists
                0x00000bdf       0x77 ./Middlewares/ST/STM32_USB_Host_Library/Core/Src/usbh_ctlreq.o
 .debug_rnglists
                0x00000c56       0x43 ./Middlewares/ST/STM32_USB_Host_Library/Core/Src/usbh_ioreq.o
 .debug_rnglists
                0x00000c99       0x2b ./Middlewares/ST/STM32_USB_Host_Library/Core/Src/usbh_pipes.o
 .debug_rnglists
                0x00000cc4       0x1f ./USB_HOST/App/usb_host.o
 .debug_rnglists
                0x00000ce3       0xa4 ./USB_HOST/Target/usbh_conf.o
 .debug_rnglists
                0x00000d87       0x13 ./USB_HOST/Target/usbh_platform.o

.debug_macro    0x00000000    0x1cbcf
 .debug_macro   0x00000000      0x48e ./Core/Src/main.o
 .debug_macro   0x0000048e      0xade ./Core/Src/main.o
 .debug_macro   0x00000f6c      0x295 ./Core/Src/main.o
 .debug_macro   0x00001201       0x2e ./Core/Src/main.o
 .debug_macro   0x0000122f       0x28 ./Core/Src/main.o
 .debug_macro   0x00001257       0x22 ./Core/Src/main.o
 .debug_macro   0x00001279       0x8e ./Core/Src/main.o
 .debug_macro   0x00001307       0x51 ./Core/Src/main.o
 .debug_macro   0x00001358      0x103 ./Core/Src/main.o
 .debug_macro   0x0000145b       0x6a ./Core/Src/main.o
 .debug_macro   0x000014c5      0x1df ./Core/Src/main.o
 .debug_macro   0x000016a4       0x1c ./Core/Src/main.o
 .debug_macro   0x000016c0       0x22 ./Core/Src/main.o
 .debug_macro   0x000016e2       0xfb ./Core/Src/main.o
 .debug_macro   0x000017dd     0x1011 ./Core/Src/main.o
 .debug_macro   0x000027ee      0x11f ./Core/Src/main.o
 .debug_macro   0x0000290d     0xb881 ./Core/Src/main.o
 .debug_macro   0x0000e18e       0x6d ./Core/Src/main.o
 .debug_macro   0x0000e1fb     0x3693 ./Core/Src/main.o
 .debug_macro   0x0001188e      0x190 ./Core/Src/main.o
 .debug_macro   0x00011a1e       0x5c ./Core/Src/main.o
 .debug_macro   0x00011a7a      0x416 ./Core/Src/main.o
 .debug_macro   0x00011e90      0x9e9 ./Core/Src/main.o
 .debug_macro   0x00012879      0x115 ./Core/Src/main.o
 .debug_macro   0x0001298e       0xf8 ./Core/Src/main.o
 .debug_macro   0x00012a86       0xa5 ./Core/Src/main.o
 .debug_macro   0x00012b2b      0x15f ./Core/Src/main.o
 .debug_macro   0x00012c8a      0x287 ./Core/Src/main.o
 .debug_macro   0x00012f11       0x5f ./Core/Src/main.o
 .debug_macro   0x00012f70      0x236 ./Core/Src/main.o
 .debug_macro   0x000131a6      0x132 ./Core/Src/main.o
 .debug_macro   0x000132d8      0x23a ./Core/Src/main.o
 .debug_macro   0x00013512       0x2e ./Core/Src/main.o
 .debug_macro   0x00013540      0x127 ./Core/Src/main.o
 .debug_macro   0x00013667       0x85 ./Core/Src/main.o
 .debug_macro   0x000136ec       0x89 ./Core/Src/main.o
 .debug_macro   0x00013775      0x293 ./Core/Src/main.o
 .debug_macro   0x00013a08       0x98 ./Core/Src/main.o
 .debug_macro   0x00013aa0      0x126 ./Core/Src/main.o
 .debug_macro   0x00013bc6      0x1e6 ./Core/Src/main.o
 .debug_macro   0x00013dac      0x788 ./Core/Src/main.o
 .debug_macro   0x00014534      0x116 ./Core/Src/main.o
 .debug_macro   0x0001464a      0x1ab ./Core/Src/main.o
 .debug_macro   0x000147f5       0xe8 ./Core/Src/main.o
 .debug_macro   0x000148dd      0x1a6 ./Core/Src/main.o
 .debug_macro   0x00014a83       0x61 ./Core/Src/main.o
 .debug_macro   0x00014ae4       0xbc ./Core/Src/main.o
 .debug_macro   0x00014ba0      0x241 ./Core/Src/main.o
 .debug_macro   0x00014de1      0x5f3 ./Core/Src/main.o
 .debug_macro   0x000153d4      0x149 ./Core/Src/main.o
 .debug_macro   0x0001551d       0xc4 ./Core/Src/main.o
 .debug_macro   0x000155e1       0x6a ./Core/Src/main.o
 .debug_macro   0x0001564b       0x10 ./Core/Src/main.o
 .debug_macro   0x0001565b       0x61 ./Core/Src/main.o
 .debug_macro   0x000156bc       0x2a ./Core/Src/main.o
 .debug_macro   0x000156e6       0x43 ./Core/Src/main.o
 .debug_macro   0x00015729       0x34 ./Core/Src/main.o
 .debug_macro   0x0001575d       0x16 ./Core/Src/main.o
 .debug_macro   0x00015773       0x3c ./Core/Src/main.o
 .debug_macro   0x000157af      0x370 ./Core/Src/main.o
 .debug_macro   0x00015b1f       0x10 ./Core/Src/main.o
 .debug_macro   0x00015b2f       0x16 ./Core/Src/main.o
 .debug_macro   0x00015b45       0x4a ./Core/Src/main.o
 .debug_macro   0x00015b8f       0x34 ./Core/Src/main.o
 .debug_macro   0x00015bc3       0x10 ./Core/Src/main.o
 .debug_macro   0x00015bd3       0x58 ./Core/Src/main.o
 .debug_macro   0x00015c2b       0x8e ./Core/Src/main.o
 .debug_macro   0x00015cb9       0x1c ./Core/Src/main.o
 .debug_macro   0x00015cd5      0x185 ./Core/Src/main.o
 .debug_macro   0x00015e5a       0x16 ./Core/Src/main.o
 .debug_macro   0x00015e70       0x16 ./Core/Src/main.o
 .debug_macro   0x00015e86      0x146 ./Core/Src/main.o
 .debug_macro   0x00015fcc       0x16 ./Core/Src/main.o
 .debug_macro   0x00015fe2       0x16 ./Core/Src/main.o
 .debug_macro   0x00015ff8       0x29 ./Core/Src/main.o
 .debug_macro   0x00016021       0x16 ./Core/Src/main.o
 .debug_macro   0x00016037       0x20 ./Core/Src/main.o
 .debug_macro   0x00016057       0x73 ./Core/Src/main.o
 .debug_macro   0x000160ca      0x23a ./Core/Src/main.o
 .debug_macro   0x00016304       0x2e ./Core/Src/main.o
 .debug_macro   0x00016332       0x2e ./Core/Src/main.o
 .debug_macro   0x00016360       0x28 ./Core/Src/main.o
 .debug_macro   0x00016388      0x5bf ./Core/Src/main.o
 .debug_macro   0x00016947      0x12f ./Core/Src/main.o
 .debug_macro   0x00016a76      0x32a ./Core/Src/spectrum_core.o
 .debug_macro   0x00016da0       0x5b ./Core/Src/spectrum_core.o
 .debug_macro   0x00016dfb       0x94 ./Core/Src/spectrum_core.o
 .debug_macro   0x00016e8f       0x57 ./Core/Src/spectrum_core.o
 .debug_macro   0x00016ee6       0x10 ./Core/Src/spectrum_core.o
 .debug_macro   0x00016ef6       0x56 ./Core/Src/spectrum_core.o
 .debug_macro   0x00016f4c       0x63 ./Core/Src/spectrum_rom.o
 .debug_macro   0x00016faf      0x23b ./Core/Src/stm32f4xx_hal_msp.o
 .debug_macro   0x000171ea      0x262 ./Core/Src/stm32f4xx_it.o