../USB_HOST/Target/usbh_conf.c:62:6:HAL_HCD_MspInit	48	static
../USB_HOST/Target/usbh_conf.c:96:6:HAL_HCD_MspDeInit	8	static
../USB_HOST/Target/usbh_conf.c:126:6:HAL_HCD_SOF_Callback	0	static
../USB_HOST/Target/usbh_conf.c:136:6:HAL_HCD_Connect_Callback	0	static
../USB_HOST/Target/usbh_conf.c:146:6:HAL_HCD_Disconnect_Callback	0	static
../USB_HOST/Target/usbh_conf.c:158:6:HAL_HCD_HC_NotifyURBChange_Callback	0	static
../USB_HOST/Target/usbh_conf.c:170:6:HAL_HCD_PortEnabled_Callback	0	static
../USB_HOST/Target/usbh_conf.c:180:6:HAL_HCD_PortDisabled_Callback	0	static
../USB_HOST/Target/usbh_conf.c:194:20:USBH_LL_Init	8	static
../USB_HOST/Target/usbh_conf.c:274:19:USBH_LL_GetSpeed	8	static
../USB_HOST/Target/usbh_conf.c:322:10:USBH_LL_GetLastXferSize	0	static
../USB_HOST/Target/usbh_conf.c:363:20:USBH_LL_ClosePipe	0	static
../USB_HOST/Target/usbh_conf.c:379:20:USBH_LL_ActivatePipe	0	static
../USB_HOST/Target/usbh_conf.c:444:22:USBH_LL_GetURBState	0	static
../USB_HOST/Target/usbh_conf.c:458:20:USBH_LL_DriverVBUS	8	static
../USB_HOST/Target/usbh_conf.c:479:20:USBH_LL_SetToggle	0	static
../USB_HOST/Target/usbh_conf.c:502:9:USBH_LL_GetToggle	0	static
../USB_HOST/Target/usbh_conf.c:524:6:USBH_Delay	0	static
../USB_HOST/Target/usbh_conf.c:534:20:USBH_Get_USB_Status	0	static
../USB_HOST/Target/usbh_conf.c:223:20:USBH_LL_DeInit	8	static
../USB_HOST/Target/usbh_conf.c:240:20:USBH_LL_Start	8	static
../USB_HOST/Target/usbh_conf.c:257:20:USBH_LL_Stop	8	static
../USB_HOST/Target/usbh_conf.c:304:20:USBH_LL_ResetPort	8	static
../USB_HOST/Target/usbh_conf.c:338:20:USBH_LL_OpenPipe	32	static
../USB_HOST/Target/usbh_conf.c:415:20:USBH_LL_SubmitURB	32	static
