../Drivers/STM32F4xx_HAL_Driver/Inc/stm32f4xx_ll_bus.h:409:22:LL_AHB1_GRP1_EnableClock	8	static
../Drivers/STM32F4xx_HAL_Driver/Inc/stm32f4xx_ll_bus.h:1185:22:LL_APB1_GRP1_EnableClock	8	static
../Drivers/STM32F4xx_HAL_Driver/Inc/stm32f4xx_ll_bus.h:1704:22:LL_APB2_GRP1_EnableClock	8	static
../Drivers/STM32F4xx_HAL_Driver/Inc/stm32f4xx_ll_tim.h:1925:22:LL_TIM_OC_DisableFast	8	static
../Drivers/STM32F4xx_HAL_Driver/Inc/stm32f4xx_ll_tim.h:1969:22:LL_TIM_OC_EnablePreload	8	static
../Core/Src/main.c:301:6:SystemClock_Config	8	static,ignoring_inline_asm
../Core/Src/main.c:1138:6:getTimes	0	static
../Core/Src/main.c:1036:6:Keyboard_HandleKey	0	static
../Core/Src/main.c:118:6:USBH_HID_EventCallback	8	static
../Core/Src/main.c:156:5:main	104	static
../Core/Src/main.c:1276:6:Error_Handler	0	static,ignoring_inline_asm
