../Drivers/STM32F4xx_HAL_Driver/Inc/stm32f4xx_ll_dma.h:494:22:LL_DMA_EnableStream	16	static
../Drivers/STM32F4xx_HAL_Driver/Inc/stm32f4xx_ll_dma.h:514:22:LL_DMA_DisableStream	16	static
../Drivers/STM32F4xx_HAL_Driver/Inc/stm32f4xx_ll_dma.h:534:26:LL_DMA_IsEnabledStream	16	static
../Drivers/STM32F4xx_HAL_Driver/Inc/stm32f4xx_ll_dma.h:968:22:LL_DMA_SetDataLength	24	static
../Drivers/STM32F4xx_HAL_Driver/Inc/stm32f4xx_ll_dma.h:1436:22:LL_DMA_SetMemoryAddress	24	static
../Drivers/STM32F4xx_HAL_Driver/Inc/stm32f4xx_ll_dma.h:1459:22:LL_DMA_SetPeriphAddress	24	static
../Drivers/STM32F4xx_HAL_Driver/Inc/stm32f4xx_ll_dma.h:1792:26:LL_DMA_IsActiveFlag_TC5	16	static
../Drivers/STM32F4xx_HAL_Driver/Inc/stm32f4xx_ll_dma.h:2144:22:LL_DMA_ClearFlag_HT5	16	static
../Drivers/STM32F4xx_HAL_Driver/Inc/stm32f4xx_ll_dma.h:2232:22:LL_DMA_ClearFlag_TC5	16	static
../Drivers/STM32F4xx_HAL_Driver/Inc/stm32f4xx_ll_dma.h:2320:22:LL_DMA_ClearFlag_TE5	16	static
../Drivers/STM32F4xx_HAL_Driver/Inc/stm32f4xx_ll_dma.h:2408:22:LL_DMA_ClearFlag_DME5	16	static
../Drivers/STM32F4xx_HAL_Driver/Inc/stm32f4xx_ll_dma.h:2496:22:LL_DMA_ClearFlag_FE5	16	static
../Drivers/STM32F4xx_HAL_Driver/Inc/stm32f4xx_ll_tim.h:3185:22:LL_TIM_ClearFlag_UPDATE	16	static
../Drivers/STM32F4xx_HAL_Driver/Inc/stm32f4xx_ll_tim.h:3196:26:LL_TIM_IsActiveFlag_UPDATE	16	static
../Core/Src/video.c:156:6:sync_to_vsync	8	static
../Core/Src/video.c:165:6:vga_start_dma	16	static
../Core/Src/video.c:191:6:ReArmDMA	8	static
../Core/Src/video.c:200:6:vga_init_border_line	16	static
../Core/Src/video.c:211:6:render_line_into	32	static
../Core/Src/video.c:228:13:fill_solid	24	static
../Core/Src/video.c:237:6:fill_border	24	static
../Core/Src/video.c:244:6:video_recompute_vertical_window	8	static
../Core/Src/video.c:314:6:video_line_step	16	static
../Core/Src/video.c:383:20:put_pixel	24	static
../Core/Src/video.c:389:6:draw_char_line	40	static
../Core/Src/video.c:426:6:draw_text_line	32	static
../Core/Src/video.c:436:6:swapBuffers	16	static
../Core/Src/video.c:447:6:draw_debug_osd_line	32	static
../Core/Src/video.c:496:6:video_update_osd_values	8	static
